Archive member included to satisfy reference by file (symbol)

/usr/lib/gcc/i686-pc-cygwin/4.9.2/libgfortran.a(compile_options.o)
                              obj/dimen.o (_gfortran_set_options)
/usr/lib/gcc/i686-pc-cygwin/4.9.2/libgfortran.a(environ.o)
                              /usr/lib/gcc/i686-pc-cygwin/4.9.2/libgfortran.a(compile_options.o) (_gfortrani_options)
/usr/lib/gcc/i686-pc-cygwin/4.9.2/libgfortran.a(error.o)
                              /usr/lib/gcc/i686-pc-cygwin/4.9.2/libgfortran.a(compile_options.o) (_gfortrani_estr_write)
/usr/lib/gcc/i686-pc-cygwin/4.9.2/libgfortran.a(main.o)
                              /usr/lib/gcc/i686-pc-cygwin/4.9.2/libgfortran.a(error.o) (_gfortrani_stupid_function_name_for_static_linking)
/usr/lib/gcc/i686-pc-cygwin/4.9.2/libgfortran.a(memory.o)
                              /usr/lib/gcc/i686-pc-cygwin/4.9.2/libgfortran.a(main.o) (_gfortrani_xmalloc)
/usr/lib/gcc/i686-pc-cygwin/4.9.2/libgfortran.a(stop.o)
                              obj/mensamod.o (_gfortran_stop_numeric_f08)
/usr/lib/gcc/i686-pc-cygwin/4.9.2/libgfortran.a(string.o)
                              /usr/lib/gcc/i686-pc-cygwin/4.9.2/libgfortran.a(error.o) (_gfortrani_cf_strcpy)
/usr/lib/gcc/i686-pc-cygwin/4.9.2/libgfortran.a(close.o)
                              obj/getoptm.o (_gfortran_st_close)
/usr/lib/gcc/i686-pc-cygwin/4.9.2/libgfortran.a(file_pos.o)
                              obj/gener.o (_gfortran_st_backspace)
/usr/lib/gcc/i686-pc-cygwin/4.9.2/libgfortran.a(inquire.o)
                              obj/gener.o (_gfortran_st_inquire)
/usr/lib/gcc/i686-pc-cygwin/4.9.2/libgfortran.a(lock.o)
                              /usr/lib/gcc/i686-pc-cygwin/4.9.2/libgfortran.a(close.o) (_gfortrani_library_start)
/usr/lib/gcc/i686-pc-cygwin/4.9.2/libgfortran.a(open.o)
                              /usr/lib/gcc/i686-pc-cygwin/4.9.2/libgfortran.a(file_pos.o) (_gfortrani_new_unit)
/usr/lib/gcc/i686-pc-cygwin/4.9.2/libgfortran.a(transfer.o)
                              obj/getoptm.o (_gfortran_transfer_integer)
/usr/lib/gcc/i686-pc-cygwin/4.9.2/libgfortran.a(unit.o)
                              /usr/lib/gcc/i686-pc-cygwin/4.9.2/libgfortran.a(close.o) (_gfortrani_find_unit)
/usr/lib/gcc/i686-pc-cygwin/4.9.2/libgfortran.a(unix.o)
                              /usr/lib/gcc/i686-pc-cygwin/4.9.2/libgfortran.a(transfer.o) (_gfortrani_flush_if_preconnected)
/usr/lib/gcc/i686-pc-cygwin/4.9.2/libgfortran.a(write.o)
                              /usr/lib/gcc/i686-pc-cygwin/4.9.2/libgfortran.a(transfer.o) (_gfortrani_write_a)
/usr/lib/gcc/i686-pc-cygwin/4.9.2/libgfortran.a(fbuf.o)
                              /usr/lib/gcc/i686-pc-cygwin/4.9.2/libgfortran.a(open.o) (_gfortrani_fbuf_init)
/usr/lib/gcc/i686-pc-cygwin/4.9.2/libgfortran.a(args.o)
                              obj/getoptm.o (_gfortran_iargc)
/usr/lib/gcc/i686-pc-cygwin/4.9.2/libgfortran.a(chdir.o)
                              obj/gener.o (_gfortran_chdir_i4_sub)
/usr/lib/gcc/i686-pc-cygwin/4.9.2/libgfortran.a(date_and_time.o)
                              obj/gener.o (_gfortran_date_and_time)
/usr/lib/gcc/i686-pc-cygwin/4.9.2/libgfortran.a(string_intrinsics.o)
                              obj/debugm.o (_gfortran_compare_string)
/usr/lib/gcc/i686-pc-cygwin/4.9.2/libgfortran.a(random.o)
                              /usr/lib/gcc/i686-pc-cygwin/4.9.2/libgfortran.a(main.o) (_gfortran_random_seed_i4)
/usr/lib/gcc/i686-pc-cygwin/4.9.2/libgfortran.a(backtrace.o)
                              /usr/lib/gcc/i686-pc-cygwin/4.9.2/libgfortran.a(compile_options.o) (_gfortran_backtrace)
/usr/lib/gcc/i686-pc-cygwin/4.9.2/libgfortran.a(fpu.o)
                              /usr/lib/gcc/i686-pc-cygwin/4.9.2/libgfortran.a(main.o) (_gfortrani_set_fpu)
/usr/lib/gcc/i686-pc-cygwin/4.9.2/libgfortran.a(format.o)
                              /usr/lib/gcc/i686-pc-cygwin/4.9.2/libgfortran.a(transfer.o) (_gfortrani_free_format_data)
/usr/lib/gcc/i686-pc-cygwin/4.9.2/libgfortran.a(list_read.o)
                              /usr/lib/gcc/i686-pc-cygwin/4.9.2/libgfortran.a(transfer.o) (_gfortrani_list_formatted_read)
/usr/lib/gcc/i686-pc-cygwin/4.9.2/libgfortran.a(read.o)
                              /usr/lib/gcc/i686-pc-cygwin/4.9.2/libgfortran.a(list_read.o) (_gfortrani_set_integer)
/usr/lib/gcc/i686-pc-cygwin/4.9.2/libgfortran.a(size_from_kind.o)
                              /usr/lib/gcc/i686-pc-cygwin/4.9.2/libgfortran.a(transfer.o) (_gfortrani_size_from_real_kind)
/usr/lib/gcc/i686-pc-cygwin/4.9.2/libgcc.a(_chkstk_ms.o)
                              /usr/lib/gcc/i686-pc-cygwin/4.9.2/libgfortran.a(main.o) (__chkstk_ms)
/usr/lib/gcc/i686-pc-cygwin/4.9.2/libgcc.a(_divdi3.o)
                              /usr/lib/gcc/i686-pc-cygwin/4.9.2/libgfortran.a(open.o) (__divdi3)
/usr/lib/gcc/i686-pc-cygwin/4.9.2/libgcc.a(_udivdi3.o)
                              /usr/lib/gcc/i686-pc-cygwin/4.9.2/libgfortran.a(write.o) (__udivdi3)
[...]
Memory Configuration

Name             Origin             Length             Attributes
*default*        0x00000000         0xffffffff

Linker script and memory map

                0x00400000                __image_base__ = 0x400000
                0x00000000                __dll__ = 0x0
                0x00400000                ___ImageBase = 0x400000
                0x00001000                __section_alignment__ = 0x1000
                0x00000200                __file_alignment__ = 0x200
                0x00000004                __major_os_version__ = 0x4
                0x00000000                __minor_os_version__ = 0x0
                0x00000001                __major_image_version__ = 0x1
                0x00000000                __minor_image_version__ = 0x0
                0x00000004                __major_subsystem_version__ = 0x4
                0x00000000                __minor_subsystem_version__ = 0x0
                0x00000003                __subsystem__ = 0x3
                0x00200000                __size_of_stack_reserve__ = 0x200000
                0x00001000                __size_of_stack_commit__ = 0x1000
                0x00100000                __size_of_heap_reserve__ = 0x100000
                0x00001000                __size_of_heap_commit__ = 0x1000
                0x00000000                __loader_flags__ = 0x0
                0x00008000                __dll_characteristics__ = 0x8000
LOAD /usr/lib/gcc/i686-pc-cygwin/4.9.2/../../../crt0.o
LOAD /usr/lib/gcc/i686-pc-cygwin/4.9.2/crtbegin.o
LOAD obj/dimen.o
LOAD obj/getoptm.o
LOAD obj/gener.o
LOAD obj/param.o
LOAD obj/mensamod.o
LOAD obj/optionsm.o
LOAD obj/debugm.o
LOAD /usr/lib/gcc/i686-pc-cygwin/4.9.2/libgfortran.a
LOAD /usr/lib/gcc/i686-pc-cygwin/4.9.2/libgcc.a
LOAD /usr/lib/gcc/i686-pc-cygwin/4.9.2/libgcc_eh.a
LOAD /usr/lib/gcc/i686-pc-cygwin/4.9.2/libquadmath.a
LOAD /usr/lib/gcc/i686-pc-cygwin/4.9.2/../../../libm.a
LOAD /usr/lib/gcc/i686-pc-cygwin/4.9.2/libgcc.a
LOAD /usr/lib/gcc/i686-pc-cygwin/4.9.2/libgcc_eh.a
LOAD /usr/lib/gcc/i686-pc-cygwin/4.9.2/../../../libcygwin.a
LOAD /usr/lib/w32api/libadvapi32.a
LOAD /usr/lib/w32api/libshell32.a
LOAD /usr/lib/w32api/libuser32.a
LOAD /usr/lib/w32api/libkernel32.a
LOAD /usr/lib/gcc/i686-pc-cygwin/4.9.2/libgcc.a
LOAD /usr/lib/gcc/i686-pc-cygwin/4.9.2/libgcc_eh.a
LOAD /usr/lib/gcc/i686-pc-cygwin/4.9.2/../../../default-manifest.o
LOAD /usr/lib/gcc/i686-pc-cygwin/4.9.2/crtend.o
                0x00000420                . = SIZEOF_HEADERS
                0x00001000                . = ALIGN (__section_alignment__)

.text           0x00401000    0x2f600
 *(.init)
 *(.text)
 .text          0x00401000       0x90 /usr/lib/gcc/i686-pc-cygwin/4.9.2/../../../crt0.o
                0x00401000                WinMainCRTStartup
                0x00401000                mainCRTStartup
 .text          0x00401090      0x110 /usr/lib/gcc/i686-pc-cygwin/4.9.2/crtbegin.o
                0x00401090                __gcc_register_frame
                0x00401180                __gcc_deregister_frame
 .text          0x004011a0      0x8e0 obj/dimen.o
 .text          0x00401a80     0x28f0 obj/getoptm.o
                0x00401a80                __getoptm_MOD_explainstdoptions
                0x00401cc0                __getoptm_MOD_stdusage
                0x00401fd0                __getoptm_MOD_prognam
                0x004021b0                __getoptm_MOD_parseopts
                0x00402370                __getoptm_MOD_getopts
                0x00403470                __getoptm_MOD_optarg
                0x00403620                __getoptm_MOD_optargfrange
                0x00403770                __getoptm_MOD_optargirange
                0x004038c0                __getoptm_MOD_optargrange
                0x00403a10                __getoptm_MOD_doptarg
                0x00403b50                __getoptm_MOD_ioptarg
                0x00403ca0                __getoptm_MOD_dostdopts
                0x00404270                __getoptm_MOD_optv
                0x00404290                __getoptm_MOD_optc
                0x004042a0                __getoptm_MOD_paramv
                0x004042d0                __getoptm_MOD_paramc
                0x004042e0                __getoptm_MOD_argv
                0x00404300                __getoptm_MOD_argc
                0x00404310                __getoptm_MOD_hasopt
                0x00404360                __getoptm_MOD_hasopts
 .text          0x00404370     0x2220 obj/gener.o
                0x00404370                __gener_MOD_fmtval
                0x00404440                __gener_MOD_integertostring
                0x00404500                __gener_MOD_lxor
                0x00404520                __gener_MOD_hourstostring
                0x00404650                __gener_MOD_isinfd
                0x00404680                __gener_MOD_isinf
                0x004046b0                __gener_MOD_ifindnum
                0x004046f0                __gener_MOD_getnextfilesection
                0x00404980                __gener_MOD_checknextfilesection
                0x00404ba0                __gener_MOD_checkstatus
                0x00404bd0                __gener_MOD_upper
                0x00404c00                __gener_MOD_sali
                0x00405160                __gener_MOD_intnum
                0x004051a0                __gener_MOD_tiejec
                0x00405320                __gener_MOD_getcurrentdate
                0x004053c0                __gener_MOD_getcurrenttime
                0x00405440                __gener_MOD_checkiu
                0x00405670                __gener_MOD_check
                0x004056b0                __gener_MOD_creaarch
                0x004057d0                __gener_MOD_abre
                0x004059e0                __gener_MOD_ident
                0x00406050                __gener_MOD_init
                0x00406560                __gener_MOD_setcurrentdirectory
 .text          0x00406590       0x10 obj/param.o
                0x00406590                __param_MOD_param_init
 .text          0x004065a0      0x5b0 obj/mensamod.o
                0x004065a0                __mensamod_MOD_msgtext
                0x004065c0                __mensamod_MOD_fimd_msg_pos
                0x004065d0                __mensamod_MOD_mensas
                0x004067a0                __mensamod_MOD_mensa
                0x00406b30                __mensamod_MOD_logmsg
 .text          0x00406b50       0xf0 obj/optionsm.o
                0x00406b50                __optionsm_MOD_dirsep
 .text          0x00406c40      0x6d0 obj/debugm.o
                0x00406cb0                __debugm_MOD_setdebuglevel
                0x00406cc0                __debugm_MOD_info
                0x00406d00                __debugm_MOD_verbose
                0x00406d40                __debugm_MOD_debug
                0x00406d80                __debugm_MOD_fail
                0x00406e80                __debugm_MOD_assertchareq
                0x004070d0                __debugm_MOD_assertinteq
                0x004072d0                __debugm_MOD_assert
 .text          0x00407310        0x0 /usr/lib/gcc/i686-pc-cygwin/4.9.2/libgfortran.a(compile_options.o)
 .text          0x00407310        0x0 /usr/lib/gcc/i686-pc-cygwin/4.9.2/libgfortran.a(environ.o)
 .text          0x00407310        0x0 /usr/lib/gcc/i686-pc-cygwin/4.9.2/libgfortran.a(error.o)
 .text          0x00407310        0x0 /usr/lib/gcc/i686-pc-cygwin/4.9.2/libgfortran.a(main.o)
 .text          0x00407310        0x0 /usr/lib/gcc/i686-pc-cygwin/4.9.2/libgfortran.a(memory.o)
 .text          0x00407310        0x0 /usr/lib/gcc/i686-pc-cygwin/4.9.2/libgfortran.a(stop.o)
 .text          0x00407310        0x0 /usr/lib/gcc/i686-pc-cygwin/4.9.2/libgfortran.a(string.o)
 .text          0x00407310        0x0 /usr/lib/gcc/i686-pc-cygwin/4.9.2/libgfortran.a(close.o)
 .text          0x00407310        0x0 /usr/lib/gcc/i686-pc-cygwin/4.9.2/libgfortran.a(file_pos.o)
 .text          0x00407310        0x0 /usr/lib/gcc/i686-pc-cygwin/4.9.2/libgfortran.a(inquire.o)
 .text          0x00407310        0x0 /usr/lib/gcc/i686-pc-cygwin/4.9.2/libgfortran.a(lock.o)
 .text          0x00407310        0x0 /usr/lib/gcc/i686-pc-cygwin/4.9.2/libgfortran.a(open.o)
 .text          0x00407310        0x0 /usr/lib/gcc/i686-pc-cygwin/4.9.2/libgfortran.a(transfer.o)
 .text          0x00407310        0x0 /usr/lib/gcc/i686-pc-cygwin/4.9.2/libgfortran.a(unit.o)
 .text          0x00407310        0x0 /usr/lib/gcc/i686-pc-cygwin/4.9.2/libgfortran.a(unix.o)
 .text          0x00407310        0x0 /usr/lib/gcc/i686-pc-cygwin/4.9.2/libgfortran.a(write.o)
 .text          0x00407310        0x0 /usr/lib/gcc/i686-pc-cygwin/4.9.2/libgfortran.a(fbuf.o)
 .text          0x00407310        0x0 /usr/lib/gcc/i686-pc-cygwin/4.9.2/libgfortran.a(args.o)
 .text          0x00407310        0x0 /usr/lib/gcc/i686-pc-cygwin/4.9.2/libgfortran.a(chdir.o)
 .text          0x00407310        0x0 /usr/lib/gcc/i686-pc-cygwin/4.9.2/libgfortran.a(date_and_time.o)
 .text          0x00407310        0x0 /usr/lib/gcc/i686-pc-cygwin/4.9.2/libgfortran.a(string_intrinsics.o)
 .text          0x00407310        0x0 /usr/lib/gcc/i686-pc-cygwin/4.9.2/libgfortran.a(random.o)
 .text          0x00407310        0x0 /usr/lib/gcc/i686-pc-cygwin/4.9.2/libgfortran.a(backtrace.o)
 .text          0x00407310        0x0 /usr/lib/gcc/i686-pc-cygwin/4.9.2/libgfortran.a(fpu.o)
 .text          0x00407310        0x0 /usr/lib/gcc/i686-pc-cygwin/4.9.2/libgfortran.a(format.o)
 .text          0x00407310        0x0 /usr/lib/gcc/i686-pc-cygwin/4.9.2/libgfortran.a(list_read.o)
 .text          0x00407310        0x0 /usr/lib/gcc/i686-pc-cygwin/4.9.2/libgfortran.a(read.o)
 .text          0x00407310        0x0 /usr/lib/gcc/i686-pc-cygwin/4.9.2/libgfortran.a(size_from_kind.o)
 .text          0x00407310       0x2c /usr/lib/gcc/i686-pc-cygwin/4.9.2/libgcc.a(_chkstk_ms.o)
                0x00407310                __chkstk_ms
 *fill*         0x0040733c        0x4 
 .text          0x00407340      0x1a0 /usr/lib/gcc/i686-pc-cygwin/4.9.2/libgcc.a(_divdi3.o)
                0x00407340                __divdi3
 .text          0x004074e0      0x110 /usr/lib/gcc/i686-pc-cygwin/4.9.2/libgcc.a(_udivdi3.o)
                0x004074e0                __udivdi3
 .text          0x004075f0      0x160 /usr/lib/gcc/i686-pc-cygwin/4.9.2/libgcc.a(_umoddi3.o)
                0x004075f0                __umoddi3
 .text          0x00407750     0x2260 /usr/lib/gcc/i686-pc-cygwin/4.9.2/libgcc.a(addtf3.o)
                0x00407750                __addtf3
 .text          0x004099b0     0x12a0 /usr/lib/gcc/i686-pc-cygwin/4.9.2/libgcc.a(divtf3.o)
                0x004099b0                __divtf3
 .text          0x0040ac50      0x220 /usr/lib/gcc/i686-pc-cygwin/4.9.2/libgcc.a(eqtf2.o)
                0x0040ac50                __netf2
                0x0040ac50                __eqtf2
 .text          0x0040ae70      0x1f0 /usr/lib/gcc/i686-pc-cygwin/4.9.2/libgcc.a(getf2.o)
                0x0040ae70                __gttf2
                0x0040ae70                __getf2
 .text          0x0040b060      0x1d0 /usr/lib/gcc/i686-pc-cygwin/4.9.2/libgcc.a(letf2.o)
                0x0040b060                __letf2
                0x0040b060                __lttf2
 .text          0x0040b230     0x1170 /usr/lib/gcc/i686-pc-cygwin/4.9.2/libgcc.a(multf3.o)
                0x0040b230                __multf3
 .text          0x0040c3a0     0x21e0 /usr/lib/gcc/i686-pc-cygwin/4.9.2/libgcc.a(subtf3.o)
                0x0040c3a0                __subtf3
 .text          0x0040e580      0x170 /usr/lib/gcc/i686-pc-cygwin/4.9.2/libgcc.a(floatunditf.o)
                0x0040e580                __floatunditf
 .text          0x0040e6f0       0x80 /usr/lib/gcc/i686-pc-cygwin/4.9.2/libgcc.a(sfp-exceptions.o)
                0x0040e6f0                __sfp_handle_exceptions
 .text          0x0040e770     0x2480 /usr/lib/gcc/i686-pc-cygwin/4.9.2/libgcc_eh.a(unwind-dw2.o)
                0x004105a0                _Unwind_GetGR
                0x004105f0                _Unwind_GetCFA
                0x00410600                _Unwind_SetGR
                0x00410650                _Unwind_GetIP
                0x00410660                _Unwind_GetIPInfo
                0x00410680                _Unwind_SetIP
                0x00410690                _Unwind_GetLanguageSpecificData
                0x004106a0                _Unwind_GetRegionStart
                0x004106b0                _Unwind_FindEnclosingFunction
                0x004106f0                _Unwind_GetDataRelBase
                0x00410700                _Unwind_GetTextRelBase
                0x00410710                __frame_state_for
                0x00410800                _Unwind_RaiseException
                0x00410960                _Unwind_ForcedUnwind
                0x00410a00                _Unwind_Resume
                0x00410aa0                _Unwind_Resume_or_Rethrow
                0x00410b50                _Unwind_DeleteException
                0x00410b70                _Unwind_Backtrace
 .text          0x00410bf0     0x1400 /usr/lib/gcc/i686-pc-cygwin/4.9.2/libgcc_eh.a(unwind-dw2-fde.o)
                0x00411b50                __register_frame_info_bases
                0x00411bc0                __register_frame_info
                0x00411c40                __register_frame
                0x00411cc0                __register_frame_info_table_bases
                0x00411d20                __register_frame_info_table
                0x00411d50                __register_frame_table
                0x00411d90                __deregister_frame_info_bases
                0x00411e70                __deregister_frame_info
                0x00411e80                __deregister_frame
                0x00411eb0                _Unwind_Find_FDE
 .text          0x00411ff0       0x60 /usr/lib/gcc/i686-pc-cygwin/4.9.2/libquadmath.a(isnanq.o)
                0x00411ff0                isnanq
 .text          0x00412050       0x20 /usr/lib/gcc/i686-pc-cygwin/4.9.2/libquadmath.a(signbitq.o)
                0x00412050                signbitq
 .text          0x00412070       0x30 /usr/lib/gcc/i686-pc-cygwin/4.9.2/libquadmath.a(finiteq.o)
                0x00412070                finiteq
 .text          0x004120a0        0x8 /usr/lib/gcc/i686-pc-cygwin/4.9.2/../../../libm.a(t-d001018.o)
                0x004120a0                fmod
 .text          0x004120a8        0x0 /usr/lib/gcc/i686-pc-cygwin/4.9.2/../../../libcygwin.a(d000025.o)
 .text          0x004120a8        0x8 /usr/lib/gcc/i686-pc-cygwin/4.9.2/../../../libcygwin.a(t-d000019.o)
                0x004120a8                __assert_func
 .text          0x004120b0        0x8 /usr/lib/gcc/i686-pc-cygwin/4.9.2/../../../libcygwin.a(t-d000026.o)
                0x004120b0                __cxa_atexit
 .text          0x004120b8        0x8 /usr/lib/gcc/i686-pc-cygwin/4.9.2/../../../libcygwin.a(t-d000040.o)
                0x004120b8                __errno
 .text          0x004120c0        0x8 /usr/lib/gcc/i686-pc-cygwin/4.9.2/../../../libcygwin.a(t-d000070.o)
                0x004120c0                __getreent
 .text          0x004120c8        0x8 /usr/lib/gcc/i686-pc-cygwin/4.9.2/../../../libcygwin.a(t-d000077.o)
                0x004120c8                __main
 .text          0x004120d0        0x8 /usr/lib/gcc/i686-pc-cygwin/4.9.2/../../../libcygwin.a(t-d000224.o)
                0x004120d0                _exit
 .text          0x004120d8        0x8 /usr/lib/gcc/i686-pc-cygwin/4.9.2/../../../libcygwin.a(t-d000682.o)
                0x004120d8                abort
 .text          0x004120e0        0x8 /usr/lib/gcc/i686-pc-cygwin/4.9.2/../../../libcygwin.a(t-d000686.o)
                0x004120e0                access
 .text          0x004120e8        0x8 /usr/lib/gcc/i686-pc-cygwin/4.9.2/../../../libcygwin.a(t-d000737.o)
                0x004120e8                atoi
 .text          0x004120f0        0x8 /usr/lib/gcc/i686-pc-cygwin/4.9.2/../../../libcygwin.a(t-d000755.o)
                0x004120f0                calloc
 .text          0x004120f8        0x8 /usr/lib/gcc/i686-pc-cygwin/4.9.2/../../../libcygwin.a(t-d000783.o)
                0x004120f8                chdir
 .text          0x00412100        0x8 /usr/lib/gcc/i686-pc-cygwin/4.9.2/../../../libcygwin.a(t-d000801.o)
                0x00412100                close
 .text          0x00412108        0x8 /usr/lib/gcc/i686-pc-cygwin/4.9.2/../../../libcygwin.a(t-d000893.o)
                0x00412108                dup
 .text          0x00412110        0x8 /usr/lib/gcc/i686-pc-cygwin/4.9.2/../../../libcygwin.a(t-d000894.o)
                0x00412110                dup2
 .text          0x00412118        0x8 /usr/lib/gcc/i686-pc-cygwin/4.9.2/../../../libcygwin.a(t-d000932.o)
                0x00412118                execve
 .text          0x00412120        0x8 /usr/lib/gcc/i686-pc-cygwin/4.9.2/../../../libcygwin.a(t-d000935.o)
                0x00412120                exit
 .text          0x00412128        0x8 /usr/lib/gcc/i686-pc-cygwin/4.9.2/../../../libcygwin.a(t-d000986.o)
                0x00412128                fflush
 .text          0x00412130        0x8 /usr/lib/gcc/i686-pc-cygwin/4.9.2/../../../libcygwin.a(t-d001023.o)
                0x00412130                fork
 .text          0x00412138        0x8 /usr/lib/gcc/i686-pc-cygwin/4.9.2/../../../libcygwin.a(t-d001038.o)
                0x00412138                free
 .text          0x00412140        0x8 /usr/lib/gcc/i686-pc-cygwin/4.9.2/../../../libcygwin.a(t-d001051.o)
                0x00412140                fstat
 .text          0x00412148        0x8 /usr/lib/gcc/i686-pc-cygwin/4.9.2/../../../libcygwin.a(t-d001060.o)
                0x00412148                ftruncate
 .text          0x00412150        0x8 /usr/lib/gcc/i686-pc-cygwin/4.9.2/../../../libcygwin.a(t-d001099.o)
                0x00412150                getcwd
 .text          0x00412158        0x8 /usr/lib/gcc/i686-pc-cygwin/4.9.2/../../../libcygwin.a(t-d001103.o)
                0x00412158                getegid
 .text          0x00412160        0x8 /usr/lib/gcc/i686-pc-cygwin/4.9.2/../../../libcygwin.a(t-d001104.o)
                0x00412160                getenv
 .text          0x00412168        0x8 /usr/lib/gcc/i686-pc-cygwin/4.9.2/../../../libcygwin.a(t-d001105.o)
                0x00412168                geteuid
 .text          0x00412170        0x8 /usr/lib/gcc/i686-pc-cygwin/4.9.2/../../../libcygwin.a(t-d001106.o)
                0x00412170                getgid
 .text          0x00412178        0x8 /usr/lib/gcc/i686-pc-cygwin/4.9.2/../../../libcygwin.a(t-d001161.o)
                0x00412178                gettimeofday
 .text          0x00412180        0x8 /usr/lib/gcc/i686-pc-cygwin/4.9.2/../../../libcygwin.a(t-d001162.o)
                0x00412180                getuid
 .text          0x00412188        0x8 /usr/lib/gcc/i686-pc-cygwin/4.9.2/../../../libcygwin.a(t-d001181.o)
                0x00412188                gmtime_r
 .text          0x00412190        0x8 /usr/lib/gcc/i686-pc-cygwin/4.9.2/../../../libcygwin.a(t-d001227.o)
                0x00412190                isatty
 .text          0x00412198        0x8 /usr/lib/gcc/i686-pc-cygwin/4.9.2/../../../libcygwin.a(t-d001292.o)
                0x00412198                localtime_r
 .text          0x004121a0        0x8 /usr/lib/gcc/i686-pc-cygwin/4.9.2/../../../libcygwin.a(t-d001317.o)
                0x004121a0                lseek
 .text          0x004121a8        0x8 /usr/lib/gcc/i686-pc-cygwin/4.9.2/../../../libcygwin.a(t-d001323.o)
                0x004121a8                malloc
 .text          0x004121b0        0x8 /usr/lib/gcc/i686-pc-cygwin/4.9.2/../../../libcygwin.a(t-d001340.o)
                0x004121b0                memcmp
 .text          0x004121b8        0x8 /usr/lib/gcc/i686-pc-cygwin/4.9.2/../../../libcygwin.a(t-d001341.o)
                0x004121b8                memcpy
 .text          0x004121c0        0x8 /usr/lib/gcc/i686-pc-cygwin/4.9.2/../../../libcygwin.a(t-d001343.o)
                0x004121c0                memmove
 .text          0x004121c8        0x8 /usr/lib/gcc/i686-pc-cygwin/4.9.2/../../../libcygwin.a(t-d001346.o)
                0x004121c8                memset
 .text          0x004121d0        0x8 /usr/lib/gcc/i686-pc-cygwin/4.9.2/../../../libcygwin.a(t-d001354.o)
                0x004121d0                mkostemp
 .text          0x004121d8        0x8 /usr/lib/gcc/i686-pc-cygwin/4.9.2/../../../libcygwin.a(t-d001398.o)
                0x004121d8                open
 .text          0x004121e0        0x8 /usr/lib/gcc/i686-pc-cygwin/4.9.2/../../../libcygwin.a(t-d001414.o)
                0x004121e0                pipe
 .text          0x004121e8        0x8 /usr/lib/gcc/i686-pc-cygwin/4.9.2/../../../libcygwin.a(t-d001509.o)
                0x004121e8                pthread_mutex_destroy
 .text          0x004121f0        0x8 /usr/lib/gcc/i686-pc-cygwin/4.9.2/../../../libcygwin.a(t-d001512.o)
                0x004121f0                pthread_mutex_lock
 .text          0x004121f8        0x8 /usr/lib/gcc/i686-pc-cygwin/4.9.2/../../../libcygwin.a(t-d001514.o)
                0x004121f8                pthread_mutex_trylock
 .text          0x00412200        0x8 /usr/lib/gcc/i686-pc-cygwin/4.9.2/../../../libcygwin.a(t-d001515.o)
                0x00412200                pthread_mutex_unlock
 .text          0x00412208        0x8 /usr/lib/gcc/i686-pc-cygwin/4.9.2/../../../libcygwin.a(t-d001526.o)
                0x00412208                pthread_once
 .text          0x00412210        0x8 /usr/lib/gcc/i686-pc-cygwin/4.9.2/../../../libcygwin.a(t-d001574.o)
                0x00412210                raise
 .text          0x00412218        0x8 /usr/lib/gcc/i686-pc-cygwin/4.9.2/../../../libcygwin.a(t-d001581.o)
                0x00412218                read
 .text          0x00412220        0x8 /usr/lib/gcc/i686-pc-cygwin/4.9.2/../../../libcygwin.a(t-d001584.o)
                0x00412220                readlink
 .text          0x00412228        0x8 /usr/lib/gcc/i686-pc-cygwin/4.9.2/../../../libcygwin.a(t-d001587.o)
                0x00412228                realloc
 .text          0x00412230        0x8 /usr/lib/gcc/i686-pc-cygwin/4.9.2/../../../libcygwin.a(t-d001737.o)
                0x00412230                signal
 .text          0x00412238        0x8 /usr/lib/gcc/i686-pc-cygwin/4.9.2/../../../libcygwin.a(t-d001757.o)
                0x00412238                snprintf
 .text          0x00412240        0x8 /usr/lib/gcc/i686-pc-cygwin/4.9.2/../../../libcygwin.a(t-d001777.o)
                0x00412240                stat
 .text          0x00412248        0x8 /usr/lib/gcc/i686-pc-cygwin/4.9.2/../../../libcygwin.a(t-d001786.o)
                0x00412248                strchr
 .text          0x00412250        0x8 /usr/lib/gcc/i686-pc-cygwin/4.9.2/../../../libcygwin.a(t-d001788.o)
                0x00412250                strcmp
 .text          0x00412258        0x8 /usr/lib/gcc/i686-pc-cygwin/4.9.2/../../../libcygwin.a(t-d001792.o)
                0x00412258                strdup
 .text          0x00412260        0x8 /usr/lib/gcc/i686-pc-cygwin/4.9.2/../../../libcygwin.a(t-d001794.o)
                0x00412260                strerror_r
 .text          0x00412268        0x8 /usr/lib/gcc/i686-pc-cygwin/4.9.2/../../../libcygwin.a(t-d001799.o)
                0x00412268                strlen
 .text          0x00412270        0x8 /usr/lib/gcc/i686-pc-cygwin/4.9.2/../../../libcygwin.a(t-d001801.o)
                0x00412270                strncasecmp
 .text          0x00412278        0x8 /usr/lib/gcc/i686-pc-cygwin/4.9.2/../../../libcygwin.a(t-d001803.o)
                0x00412278                strncmp
 .text          0x00412280        0x8 /usr/lib/gcc/i686-pc-cygwin/4.9.2/../../../libcygwin.a(t-d001814.o)
                0x00412280                strtod
 .text          0x00412288        0x8 /usr/lib/gcc/i686-pc-cygwin/4.9.2/../../../libcygwin.a(t-d001816.o)
                0x00412288                strtof
 .text          0x00412290        0x8 /usr/lib/gcc/i686-pc-cygwin/4.9.2/../../../libcygwin.a(t-d001819.o)
                0x00412290                strtok_r
 .text          0x00412298        0x8 /usr/lib/gcc/i686-pc-cygwin/4.9.2/../../../libcygwin.a(t-d001821.o)
                0x00412298                strtold
 .text          0x004122a0        0x8 /usr/lib/gcc/i686-pc-cygwin/4.9.2/../../../libcygwin.a(t-d001863.o)
                0x004122a0                time
 .text          0x004122a8        0x8 /usr/lib/gcc/i686-pc-cygwin/4.9.2/../../../libcygwin.a(t-d001875.o)
                0x004122a8                tolower
 .text          0x004122b0        0x8 /usr/lib/gcc/i686-pc-cygwin/4.9.2/../../../libcygwin.a(t-d001876.o)
                0x004122b0                toupper
 .text          0x004122b8        0x8 /usr/lib/gcc/i686-pc-cygwin/4.9.2/../../../libcygwin.a(t-d001885.o)
                0x004122b8                ttyname_r
 .text          0x004122c0        0x8 /usr/lib/gcc/i686-pc-cygwin/4.9.2/../../../libcygwin.a(t-d001890.o)
                0x004122c0                umask
 .text          0x004122c8        0x8 /usr/lib/gcc/i686-pc-cygwin/4.9.2/../../../libcygwin.a(t-d001895.o)
                0x004122c8                unlink
 .text          0x004122d0        0x8 /usr/lib/gcc/i686-pc-cygwin/4.9.2/../../../libcygwin.a(t-d001925.o)
                0x004122d0                vsnprintf
 .text          0x004122d8        0x8 /usr/lib/gcc/i686-pc-cygwin/4.9.2/../../../libcygwin.a(t-d001936.o)
                0x004122d8                wait
 .text          0x004122e0        0x8 /usr/lib/gcc/i686-pc-cygwin/4.9.2/../../../libcygwin.a(t-d001994.o)
                0x004122e0                write
 *fill*         0x004122e8        0x8 
 .text          0x004122f0       0x30 /usr/lib/gcc/i686-pc-cygwin/4.9.2/../../../libcygwin.a(cygwin_crt0.o)
                0x004122f0                cygwin_crt0
 .text          0x00412320       0x10 /usr/lib/gcc/i686-pc-cygwin/4.9.2/../../../libcygwin.a(premain0.o)
                0x00412320                cygwin_premain0
 .text          0x00412330       0x10 /usr/lib/gcc/i686-pc-cygwin/4.9.2/../../../libcygwin.a(premain1.o)
                0x00412330                cygwin_premain1
 .text          0x00412340       0x10 /usr/lib/gcc/i686-pc-cygwin/4.9.2/../../../libcygwin.a(premain2.o)
                0x00412340                cygwin_premain2
 .text          0x00412350       0x10 /usr/lib/gcc/i686-pc-cygwin/4.9.2/../../../libcygwin.a(premain3.o)
                0x00412350                cygwin_premain3
 .text          0x00412360      0x320 /usr/lib/gcc/i686-pc-cygwin/4.9.2/../../../libcygwin.a(_cygwin_crt0_common.o)
                0x00412360                _cygwin_crt0_common@8
 .text          0x00412680      0x120 /usr/lib/gcc/i686-pc-cygwin/4.9.2/../../../libcygwin.a(dll_entry.o)
                0x004126b0                _cygwin_dll_entry@12
                0x00412790                _cygwin_noncygwin_dll_entry@12
 .text          0x004127a0       0x10 /usr/lib/gcc/i686-pc-cygwin/4.9.2/../../../libcygwin.a(dll_main.o)
                0x004127a0                DllMain@12
 .text          0x004127b0       0x10 /usr/lib/gcc/i686-pc-cygwin/4.9.2/../../../libcygwin.a(pseudo-reloc-dummy.o)
                0x004127b0                _pei386_runtime_relocator
 .text          0x004127c0        0x0 /usr/lib/gcc/i686-pc-cygwin/4.9.2/../../../libcygwin.a(d000385.o)
 .text          0x004127c0        0x8 /usr/lib/gcc/i686-pc-cygwin/4.9.2/../../../libcygwin.a(t-d000858.o)
                0x004127c0                cygwin_detach_dll
 .text          0x004127c8        0x8 /usr/lib/gcc/i686-pc-cygwin/4.9.2/../../../libcygwin.a(t-d000860.o)
                0x004127c8                cygwin_internal
 .text          0x004127d0        0x8 /usr/lib/gcc/i686-pc-cygwin/4.9.2/../../../libcygwin.a(t-d001421.o)
                0x004127d0                posix_memalign
 *fill*         0x004127d8        0x8 
 .text          0x004127e0       0x40 /usr/lib/gcc/i686-pc-cygwin/4.9.2/../../../libcygwin.a(cygwin_attach_dll.o)
                0x004127e0                cygwin_attach_dll
 .text          0x00412820        0x8 /usr/lib/gcc/i686-pc-cygwin/4.9.2/../../../libcygwin.a(t-d000881.o)
                0x00412820                dll_dllcrt0
 .text          0x00412828        0x8 /usr/lib/w32api/libkernel32.a(dwfms00533.o)
                0x00412828                GetModuleHandleA@4
 .text          0x00412830        0x0 /usr/lib/w32api/libkernel32.a(dwfmh.o)
 .text          0x00412830        0x0 /usr/lib/w32api/libkernel32.a(dwfmt.o)
 .text          0x00412830        0x0 /usr/lib/gcc/i686-pc-cygwin/4.9.2/libgcc.a(_ctors.o)
 .text          0x00412830        0x0 /usr/lib/gcc/i686-pc-cygwin/4.9.2/crtend.o
 *(SORT(.text$*))
 .text$__gfortran_adjustl
                0x00412830       0x80 /usr/lib/gcc/i686-pc-cygwin/4.9.2/libgfortran.a(string_intrinsics.o)
                0x00412830                _gfortran_adjustl
 .text$__gfortran_adjustl_char4
                0x004128b0       0x80 /usr/lib/gcc/i686-pc-cygwin/4.9.2/libgfortran.a(string_intrinsics.o)
                0x004128b0                _gfortran_adjustl_char4
 .text$__gfortran_adjustr
                0x00412930       0x80 /usr/lib/gcc/i686-pc-cygwin/4.9.2/libgfortran.a(string_intrinsics.o)
                0x00412930                _gfortran_adjustr
 .text$__gfortran_adjustr_char4
                0x004129b0       0x90 /usr/lib/gcc/i686-pc-cygwin/4.9.2/libgfortran.a(string_intrinsics.o)
                0x004129b0                _gfortran_adjustr_char4
 .text$__gfortran_arandom_r10
                0x00412a40      0x1c0 /usr/lib/gcc/i686-pc-cygwin/4.9.2/libgfortran.a(random.o)
                0x00412a40                _gfortran_arandom_r10
 .text$__gfortran_arandom_r16
                0x00412c00      0x360 /usr/lib/gcc/i686-pc-cygwin/4.9.2/libgfortran.a(random.o)
                0x00412c00                _gfortran_arandom_r16
 .text$__gfortran_arandom_r4
                0x00412f60      0x180 /usr/lib/gcc/i686-pc-cygwin/4.9.2/libgfortran.a(random.o)
                0x00412f60                _gfortran_arandom_r4
 .text$__gfortran_arandom_r8
                0x004130e0      0x1e0 /usr/lib/gcc/i686-pc-cygwin/4.9.2/libgfortran.a(random.o)
                0x004130e0                _gfortran_arandom_r8
 .text$__gfortran_backtrace
                0x004132c0      0x1e0 /usr/lib/gcc/i686-pc-cygwin/4.9.2/libgfortran.a(backtrace.o)
                0x004132c0                _gfortran_backtrace
 .text$__gfortran_chdir_i4
                0x004134a0       0x30 /usr/lib/gcc/i686-pc-cygwin/4.9.2/libgfortran.a(chdir.o)
                0x004134a0                _gfortran_chdir_i4
 .text$__gfortran_chdir_i4_sub
                0x004134d0       0x90 /usr/lib/gcc/i686-pc-cygwin/4.9.2/libgfortran.a(chdir.o)
                0x004134d0                _gfortran_chdir_i4_sub
 .text$__gfortran_chdir_i8
                0x00413560       0x30 /usr/lib/gcc/i686-pc-cygwin/4.9.2/libgfortran.a(chdir.o)
                0x00413560                _gfortran_chdir_i8
 .text$__gfortran_chdir_i8_sub
                0x00413590       0xa0 /usr/lib/gcc/i686-pc-cygwin/4.9.2/libgfortran.a(chdir.o)
                0x00413590                _gfortran_chdir_i8_sub
 .text$__gfortran_compare_string
                0x00413630       0xb0 /usr/lib/gcc/i686-pc-cygwin/4.9.2/libgfortran.a(string_intrinsics.o)
                0x00413630                _gfortran_compare_string
 .text$__gfortran_compare_string_char4
                0x004136e0       0xd0 /usr/lib/gcc/i686-pc-cygwin/4.9.2/libgfortran.a(string_intrinsics.o)
                0x004136e0                _gfortran_compare_string_char4
 .text$__gfortran_concat_string
                0x004137b0       0xb0 /usr/lib/gcc/i686-pc-cygwin/4.9.2/libgfortran.a(string_intrinsics.o)
                0x004137b0                _gfortran_concat_string
 .text$__gfortran_concat_string_char4
                0x00413860       0xe0 /usr/lib/gcc/i686-pc-cygwin/4.9.2/libgfortran.a(string_intrinsics.o)
                0x00413860                _gfortran_concat_string_char4
 .text$__gfortran_date_and_time
                0x00413940      0x3c0 /usr/lib/gcc/i686-pc-cygwin/4.9.2/libgfortran.a(date_and_time.o)
                0x00413940                _gfortran_date_and_time
 .text$__gfortran_error_stop_numeric
                0x00413d00       0x30 /usr/lib/gcc/i686-pc-cygwin/4.9.2/libgfortran.a(stop.o)
                0x00413d00                _gfortran_error_stop_numeric
 .text$__gfortran_error_stop_string
                0x00413d30       0x60 /usr/lib/gcc/i686-pc-cygwin/4.9.2/libgfortran.a(stop.o)
                0x00413d30                _gfortran_error_stop_string
 .text$__gfortran_generate_error
                0x00413d90      0x1a0 /usr/lib/gcc/i686-pc-cygwin/4.9.2/libgfortran.a(error.o)
                0x00413d90                _gfortran_generate_error
 .text$__gfortran_get_command_argument_i4
                0x00413f30      0x120 /usr/lib/gcc/i686-pc-cygwin/4.9.2/libgfortran.a(args.o)
                0x00413f30                _gfortran_get_command_argument_i4
 .text$__gfortran_get_command_argument_i8
                0x00414050       0x70 /usr/lib/gcc/i686-pc-cygwin/4.9.2/libgfortran.a(args.o)
                0x00414050                _gfortran_get_command_argument_i8
 .text$__gfortran_get_command_i4
                0x004140c0      0x170 /usr/lib/gcc/i686-pc-cygwin/4.9.2/libgfortran.a(args.o)
                0x004140c0                _gfortran_get_command_i4
 .text$__gfortran_get_command_i8
                0x00414230       0x60 /usr/lib/gcc/i686-pc-cygwin/4.9.2/libgfortran.a(args.o)
                0x00414230                _gfortran_get_command_i8
 .text$__gfortran_getarg_i4
                0x00414290       0x80 /usr/lib/gcc/i686-pc-cygwin/4.9.2/libgfortran.a(args.o)
                0x00414290                _gfortran_getarg_i4
 .text$__gfortran_getarg_i8
                0x00414310       0x30 /usr/lib/gcc/i686-pc-cygwin/4.9.2/libgfortran.a(args.o)
                0x00414310                _gfortran_getarg_i8
 .text$__gfortran_gmtime_i4
                0x00414340       0x90 /usr/lib/gcc/i686-pc-cygwin/4.9.2/libgfortran.a(date_and_time.o)
                0x00414340                _gfortran_gmtime_i4
 .text$__gfortran_gmtime_i8
                0x004143d0       0x90 /usr/lib/gcc/i686-pc-cygwin/4.9.2/libgfortran.a(date_and_time.o)
                0x004143d0                _gfortran_gmtime_i8
 .text$__gfortran_iargc
                0x00414460       0x30 /usr/lib/gcc/i686-pc-cygwin/4.9.2/libgfortran.a(args.o)
                0x00414460                _gfortran_iargc
 .text$__gfortran_idate_i4
                0x00414490       0x80 /usr/lib/gcc/i686-pc-cygwin/4.9.2/libgfortran.a(date_and_time.o)
                0x00414490                _gfortran_idate_i4
 .text$__gfortran_idate_i8
                0x00414510       0x80 /usr/lib/gcc/i686-pc-cygwin/4.9.2/libgfortran.a(date_and_time.o)
                0x00414510                _gfortran_idate_i8
 .text$__gfortran_itime_i4
                0x00414590       0x80 /usr/lib/gcc/i686-pc-cygwin/4.9.2/libgfortran.a(date_and_time.o)
                0x00414590                _gfortran_itime_i4
 .text$__gfortran_itime_i8
                0x00414610       0x80 /usr/lib/gcc/i686-pc-cygwin/4.9.2/libgfortran.a(date_and_time.o)
                0x00414610                _gfortran_itime_i8
 .text$__gfortran_ltime_i4
                0x00414690       0x90 /usr/lib/gcc/i686-pc-cygwin/4.9.2/libgfortran.a(date_and_time.o)
                0x00414690                _gfortran_ltime_i4
 .text$__gfortran_ltime_i8
                0x00414720       0x90 /usr/lib/gcc/i686-pc-cygwin/4.9.2/libgfortran.a(date_and_time.o)
                0x00414720                _gfortran_ltime_i8
 .text$__gfortran_os_error
                0x004147b0       0x90 /usr/lib/gcc/i686-pc-cygwin/4.9.2/libgfortran.a(error.o)
                0x004147b0                _gfortran_os_error
 .text$__gfortran_random_r10
                0x00414840       0x70 /usr/lib/gcc/i686-pc-cygwin/4.9.2/libgfortran.a(random.o)
                0x00414840                _gfortran_random_r10
 .text$__gfortran_random_r16
                0x004148b0      0x1e0 /usr/lib/gcc/i686-pc-cygwin/4.9.2/libgfortran.a(random.o)
                0x004148b0                _gfortran_random_r16
 .text$__gfortran_random_r4
                0x00414a90       0x50 /usr/lib/gcc/i686-pc-cygwin/4.9.2/libgfortran.a(random.o)
                0x00414a90                _gfortran_random_r4
 .text$__gfortran_random_r8
                0x00414ae0       0x80 /usr/lib/gcc/i686-pc-cygwin/4.9.2/libgfortran.a(random.o)
                0x00414ae0                _gfortran_random_r8
 .text$__gfortran_random_seed_i4
                0x00414b60      0x200 /usr/lib/gcc/i686-pc-cygwin/4.9.2/libgfortran.a(random.o)
                0x00414b60                _gfortran_random_seed_i4
 .text$__gfortran_random_seed_i8
                0x00414d60      0x190 /usr/lib/gcc/i686-pc-cygwin/4.9.2/libgfortran.a(random.o)
                0x00414d60                _gfortran_random_seed_i8
 .text$__gfortran_runtime_error
                0x00414ef0       0x60 /usr/lib/gcc/i686-pc-cygwin/4.9.2/libgfortran.a(error.o)
                0x00414ef0                _gfortran_runtime_error
 .text$__gfortran_runtime_error_at
                0x00414f50       0x70 /usr/lib/gcc/i686-pc-cygwin/4.9.2/libgfortran.a(error.o)
                0x00414f50                _gfortran_runtime_error_at
 .text$__gfortran_runtime_warning_at
                0x00414fc0       0x40 /usr/lib/gcc/i686-pc-cygwin/4.9.2/libgfortran.a(error.o)
                0x00414fc0                _gfortran_runtime_warning_at
 .text$__gfortran_secnds
                0x00415000      0x100 /usr/lib/gcc/i686-pc-cygwin/4.9.2/libgfortran.a(date_and_time.o)
                0x00415000                _gfortran_secnds
 .text$__gfortran_set_args
                0x00415100       0x20 /usr/lib/gcc/i686-pc-cygwin/4.9.2/libgfortran.a(main.o)
                0x00415100                _gfortran_set_args
 .text$__gfortran_set_convert
                0x00415120       0x10 /usr/lib/gcc/i686-pc-cygwin/4.9.2/libgfortran.a(compile_options.o)
                0x00415120                _gfortran_set_convert
 .text$__gfortran_set_fpe
                0x00415130       0x10 /usr/lib/gcc/i686-pc-cygwin/4.9.2/libgfortran.a(fpu.o)
                0x00415130                _gfortran_set_fpe
 .text$__gfortran_set_max_subrecord_length
                0x00415140       0x30 /usr/lib/gcc/i686-pc-cygwin/4.9.2/libgfortran.a(compile_options.o)
                0x00415140                _gfortran_set_max_subrecord_length
 .text$__gfortran_set_options
                0x00415170      0x160 /usr/lib/gcc/i686-pc-cygwin/4.9.2/libgfortran.a(compile_options.o)
                0x00415170                _gfortran_set_options
 .text$__gfortran_set_record_marker
                0x004152d0       0x40 /usr/lib/gcc/i686-pc-cygwin/4.9.2/libgfortran.a(compile_options.o)
                0x004152d0                _gfortran_set_record_marker
 .text$__gfortran_st_backspace
                0x00415310      0x520 /usr/lib/gcc/i686-pc-cygwin/4.9.2/libgfortran.a(file_pos.o)
                0x00415310                _gfortran_st_backspace
 .text$__gfortran_st_close
                0x00415830       0xc0 /usr/lib/gcc/i686-pc-cygwin/4.9.2/libgfortran.a(close.o)
                0x00415830                _gfortran_st_close
 .text$__gfortran_st_endfile
                0x004158f0      0x290 /usr/lib/gcc/i686-pc-cygwin/4.9.2/libgfortran.a(file_pos.o)
                0x004158f0                _gfortran_st_endfile
 .text$__gfortran_st_flush
                0x00415b80       0x70 /usr/lib/gcc/i686-pc-cygwin/4.9.2/libgfortran.a(file_pos.o)
                0x00415b80                _gfortran_st_flush
 .text$__gfortran_st_inquire
                0x00415bf0      0x560 /usr/lib/gcc/i686-pc-cygwin/4.9.2/libgfortran.a(inquire.o)
                0x00415bf0                _gfortran_st_inquire
 .text$__gfortran_st_iolength
                0x00416150       0x60 /usr/lib/gcc/i686-pc-cygwin/4.9.2/libgfortran.a(transfer.o)
                0x00416150                _gfortran_st_iolength
 .text$__gfortran_st_iolength_done
                0x004161b0       0x10 /usr/lib/gcc/i686-pc-cygwin/4.9.2/libgfortran.a(transfer.o)
                0x004161b0                _gfortran_st_iolength_done
 .text$__gfortran_st_open
                0x004161c0      0x670 /usr/lib/gcc/i686-pc-cygwin/4.9.2/libgfortran.a(open.o)
                0x004161c0                _gfortran_st_open
 .text$__gfortran_st_read
                0x00416830       0x20 /usr/lib/gcc/i686-pc-cygwin/4.9.2/libgfortran.a(transfer.o)
                0x00416830                _gfortran_st_read
 .text$__gfortran_st_read_done
                0x00416850       0x50 /usr/lib/gcc/i686-pc-cygwin/4.9.2/libgfortran.a(transfer.o)
                0x00416850                _gfortran_st_read_done
 .text$__gfortran_st_rewind
                0x004168a0      0x120 /usr/lib/gcc/i686-pc-cygwin/4.9.2/libgfortran.a(file_pos.o)
                0x004168a0                _gfortran_st_rewind
 .text$__gfortran_st_set_nml_var
                0x004169c0      0x120 /usr/lib/gcc/i686-pc-cygwin/4.9.2/libgfortran.a(transfer.o)
                0x004169c0                _gfortran_st_set_nml_var
 .text$__gfortran_st_set_nml_var_dim
                0x00416ae0       0x40 /usr/lib/gcc/i686-pc-cygwin/4.9.2/libgfortran.a(transfer.o)
                0x00416ae0                _gfortran_st_set_nml_var_dim
 .text$__gfortran_st_wait
                0x00416b20       0x10 /usr/lib/gcc/i686-pc-cygwin/4.9.2/libgfortran.a(transfer.o)
                0x00416b20                _gfortran_st_wait
 .text$__gfortran_st_write
                0x00416b30       0x20 /usr/lib/gcc/i686-pc-cygwin/4.9.2/libgfortran.a(transfer.o)
                0x00416b30                _gfortran_st_write
 .text$__gfortran_st_write_done
                0x00416b50       0xb0 /usr/lib/gcc/i686-pc-cygwin/4.9.2/libgfortran.a(transfer.o)
                0x00416b50                _gfortran_st_write_done
 .text$__gfortran_stop_numeric
                0x00416c00       0x40 /usr/lib/gcc/i686-pc-cygwin/4.9.2/libgfortran.a(stop.o)
                0x00416c00                _gfortran_stop_numeric
 .text$__gfortran_stop_numeric_f08
                0x00416c40       0x30 /usr/lib/gcc/i686-pc-cygwin/4.9.2/libgfortran.a(stop.o)
                0x00416c40                _gfortran_stop_numeric_f08
 .text$__gfortran_stop_string
                0x00416c70       0x60 /usr/lib/gcc/i686-pc-cygwin/4.9.2/libgfortran.a(stop.o)
                0x00416c70                _gfortran_stop_string
 .text$__gfortran_store_exe_path
                0x00416cd0      0x130 /usr/lib/gcc/i686-pc-cygwin/4.9.2/libgfortran.a(main.o)
                0x00416cd0                _gfortran_store_exe_path
 .text$__gfortran_string_index
                0x00416e00       0xc0 /usr/lib/gcc/i686-pc-cygwin/4.9.2/libgfortran.a(string_intrinsics.o)
                0x00416e00                _gfortran_string_index
 .text$__gfortran_string_index_char4
                0x00416ec0       0xd0 /usr/lib/gcc/i686-pc-cygwin/4.9.2/libgfortran.a(string_intrinsics.o)
                0x00416ec0                _gfortran_string_index_char4
 .text$__gfortran_string_len_trim
                0x00416f90       0xa0 /usr/lib/gcc/i686-pc-cygwin/4.9.2/libgfortran.a(string_intrinsics.o)
                0x00416f90                _gfortran_string_len_trim
 .text$__gfortran_string_len_trim_char4
                0x00417030       0x30 /usr/lib/gcc/i686-pc-cygwin/4.9.2/libgfortran.a(string_intrinsics.o)
                0x00417030                _gfortran_string_len_trim_char4
 .text$__gfortran_string_minmax
                0x00417060      0x160 /usr/lib/gcc/i686-pc-cygwin/4.9.2/libgfortran.a(string_intrinsics.o)
                0x00417060                _gfortran_string_minmax
 .text$__gfortran_string_minmax_char4
                0x004171c0      0x160 /usr/lib/gcc/i686-pc-cygwin/4.9.2/libgfortran.a(string_intrinsics.o)
                0x004171c0                _gfortran_string_minmax_char4
 .text$__gfortran_string_scan
                0x00417320       0xb0 /usr/lib/gcc/i686-pc-cygwin/4.9.2/libgfortran.a(string_intrinsics.o)
                0x00417320                _gfortran_string_scan
 .text$__gfortran_string_scan_char4
                0x004173d0       0xa0 /usr/lib/gcc/i686-pc-cygwin/4.9.2/libgfortran.a(string_intrinsics.o)
                0x004173d0                _gfortran_string_scan_char4
 .text$__gfortran_string_trim
                0x00417470       0x60 /usr/lib/gcc/i686-pc-cygwin/4.9.2/libgfortran.a(string_intrinsics.o)
                0x00417470                _gfortran_string_trim
 .text$__gfortran_string_trim_char4
                0x004174d0       0x80 /usr/lib/gcc/i686-pc-cygwin/4.9.2/libgfortran.a(string_intrinsics.o)
                0x004174d0                _gfortran_string_trim_char4
 .text$__gfortran_string_verify
                0x00417550       0x90 /usr/lib/gcc/i686-pc-cygwin/4.9.2/libgfortran.a(string_intrinsics.o)
                0x00417550                _gfortran_string_verify
 .text$__gfortran_string_verify_char4
                0x004175e0       0x90 /usr/lib/gcc/i686-pc-cygwin/4.9.2/libgfortran.a(string_intrinsics.o)
                0x004175e0                _gfortran_string_verify_char4
 .text$__gfortran_transfer_array
                0x00417670      0x1f0 /usr/lib/gcc/i686-pc-cygwin/4.9.2/libgfortran.a(transfer.o)
                0x00417670                _gfortran_transfer_array
 .text$__gfortran_transfer_array_write
                0x00417860       0x10 /usr/lib/gcc/i686-pc-cygwin/4.9.2/libgfortran.a(transfer.o)
                0x00417860                _gfortran_transfer_array_write
 .text$__gfortran_transfer_character
                0x00417870       0x30 /usr/lib/gcc/i686-pc-cygwin/4.9.2/libgfortran.a(transfer.o)
                0x00417870                _gfortran_transfer_character
 .text$__gfortran_transfer_character.part.12
                0x004178a0       0x40 /usr/lib/gcc/i686-pc-cygwin/4.9.2/libgfortran.a(transfer.o)
 .text$__gfortran_transfer_character_wide
                0x004178e0       0x30 /usr/lib/gcc/i686-pc-cygwin/4.9.2/libgfortran.a(transfer.o)
                0x004178e0                _gfortran_transfer_character_wide
 .text$__gfortran_transfer_character_wide.part.13
                0x00417910       0x40 /usr/lib/gcc/i686-pc-cygwin/4.9.2/libgfortran.a(transfer.o)
 .text$__gfortran_transfer_character_wide_write
                0x00417950       0x30 /usr/lib/gcc/i686-pc-cygwin/4.9.2/libgfortran.a(transfer.o)
                0x00417950                _gfortran_transfer_character_wide_write
 .text$__gfortran_transfer_character_write
                0x00417980       0x20 /usr/lib/gcc/i686-pc-cygwin/4.9.2/libgfortran.a(transfer.o)
                0x00417980                _gfortran_transfer_character_write
 .text$__gfortran_transfer_complex
                0x004179a0       0x20 /usr/lib/gcc/i686-pc-cygwin/4.9.2/libgfortran.a(transfer.o)
                0x004179a0                _gfortran_transfer_complex
 .text$__gfortran_transfer_complex.part.14
                0x004179c0       0x40 /usr/lib/gcc/i686-pc-cygwin/4.9.2/libgfortran.a(transfer.o)
 .text$__gfortran_transfer_complex_write
                0x00417a00       0x20 /usr/lib/gcc/i686-pc-cygwin/4.9.2/libgfortran.a(transfer.o)
                0x00417a00                _gfortran_transfer_complex_write
 .text$__gfortran_transfer_integer
                0x00417a20       0x40 /usr/lib/gcc/i686-pc-cygwin/4.9.2/libgfortran.a(transfer.o)
                0x00417a20                _gfortran_transfer_integer
 .text$__gfortran_transfer_integer_write
                0x00417a60       0x40 /usr/lib/gcc/i686-pc-cygwin/4.9.2/libgfortran.a(transfer.o)
                0x00417a60                _gfortran_transfer_integer_write
 .text$__gfortran_transfer_logical
                0x00417aa0       0x40 /usr/lib/gcc/i686-pc-cygwin/4.9.2/libgfortran.a(transfer.o)
                0x00417aa0                _gfortran_transfer_logical
 .text$__gfortran_transfer_logical_write
                0x00417ae0       0x40 /usr/lib/gcc/i686-pc-cygwin/4.9.2/libgfortran.a(transfer.o)
                0x00417ae0                _gfortran_transfer_logical_write
 .text$__gfortran_transfer_real
                0x00417b20       0x20 /usr/lib/gcc/i686-pc-cygwin/4.9.2/libgfortran.a(transfer.o)
                0x00417b20                _gfortran_transfer_real
 .text$__gfortran_transfer_real.part.10
                0x00417b40       0x40 /usr/lib/gcc/i686-pc-cygwin/4.9.2/libgfortran.a(transfer.o)
 .text$__gfortran_transfer_real_write
                0x00417b80       0x20 /usr/lib/gcc/i686-pc-cygwin/4.9.2/libgfortran.a(transfer.o)
                0x00417b80                _gfortran_transfer_real_write
 .text$__gfortrani_backtrace_handler
                0x00417ba0       0xa0 /usr/lib/gcc/i686-pc-cygwin/4.9.2/libgfortran.a(compile_options.o)
                0x00417ba0                _gfortrani_backtrace_handler
 .text$__gfortrani_cf_strcpy
                0x00417c40       0x70 /usr/lib/gcc/i686-pc-cygwin/4.9.2/libgfortran.a(string.o)
                0x00417c40                _gfortrani_cf_strcpy
 .text$__gfortrani_close_unit
                0x00417cb0       0x10 /usr/lib/gcc/i686-pc-cygwin/4.9.2/libgfortran.a(unit.o)
                0x00417cb0                _gfortrani_close_unit
 .text$__gfortrani_close_units
                0x00417cc0       0x50 /usr/lib/gcc/i686-pc-cygwin/4.9.2/libgfortran.a(unit.o)
                0x00417cc0                _gfortrani_close_units
 .text$__gfortrani_compare_file_filename
                0x00417d10       0x90 /usr/lib/gcc/i686-pc-cygwin/4.9.2/libgfortran.a(unix.o)
                0x00417d10                _gfortrani_compare_file_filename
 .text$__gfortrani_convert_infnan
                0x00417da0      0x1a0 /usr/lib/gcc/i686-pc-cygwin/4.9.2/libgfortran.a(read.o)
                0x00417da0                _gfortrani_convert_infnan
 .text$__gfortrani_convert_real
                0x00417f40      0x160 /usr/lib/gcc/i686-pc-cygwin/4.9.2/libgfortran.a(read.o)
                0x00417f40                _gfortrani_convert_real
 .text$__gfortrani_delete_file
                0x004180a0       0x80 /usr/lib/gcc/i686-pc-cygwin/4.9.2/libgfortran.a(unix.o)
                0x004180a0                _gfortrani_delete_file
 .text$__gfortrani_error_stream
                0x00418120       0x10 /usr/lib/gcc/i686-pc-cygwin/4.9.2/libgfortran.a(unix.o)
                0x00418120                _gfortrani_error_stream
 .text$__gfortrani_estr_write
                0x00418130       0x30 /usr/lib/gcc/i686-pc-cygwin/4.9.2/libgfortran.a(error.o)
                0x00418130                _gfortrani_estr_write
 .text$__gfortrani_fbuf_alloc
                0x00418160       0x80 /usr/lib/gcc/i686-pc-cygwin/4.9.2/libgfortran.a(fbuf.o)
                0x00418160                _gfortrani_fbuf_alloc
 .text$__gfortrani_fbuf_destroy
                0x004181e0       0x40 /usr/lib/gcc/i686-pc-cygwin/4.9.2/libgfortran.a(fbuf.o)
                0x004181e0                _gfortrani_fbuf_destroy
 .text$__gfortrani_fbuf_flush
                0x00418220       0xb0 /usr/lib/gcc/i686-pc-cygwin/4.9.2/libgfortran.a(fbuf.o)
                0x00418220                _gfortrani_fbuf_flush
 .text$__gfortrani_fbuf_getc_refill
                0x004182d0       0x60 /usr/lib/gcc/i686-pc-cygwin/4.9.2/libgfortran.a(fbuf.o)
                0x004182d0                _gfortrani_fbuf_getc_refill
 .text$__gfortrani_fbuf_init
                0x00418330       0x60 /usr/lib/gcc/i686-pc-cygwin/4.9.2/libgfortran.a(fbuf.o)
                0x00418330                _gfortrani_fbuf_init
 .text$__gfortrani_fbuf_read
                0x00418390       0x90 /usr/lib/gcc/i686-pc-cygwin/4.9.2/libgfortran.a(fbuf.o)
                0x00418390                _gfortrani_fbuf_read
 .text$__gfortrani_fbuf_reset
                0x00418420       0x70 /usr/lib/gcc/i686-pc-cygwin/4.9.2/libgfortran.a(fbuf.o)
                0x00418420                _gfortrani_fbuf_reset
 .text$__gfortrani_fbuf_seek
                0x00418490       0x50 /usr/lib/gcc/i686-pc-cygwin/4.9.2/libgfortran.a(fbuf.o)
                0x00418490                _gfortrani_fbuf_seek
 .text$__gfortrani_file_exists
                0x004184e0       0x70 /usr/lib/gcc/i686-pc-cygwin/4.9.2/libgfortran.a(unix.o)
                0x004184e0                _gfortrani_file_exists
 .text$__gfortrani_file_size
                0x00418550       0x70 /usr/lib/gcc/i686-pc-cygwin/4.9.2/libgfortran.a(unix.o)
                0x00418550                _gfortrani_file_size
 .text$__gfortrani_filename_from_unit
                0x004185c0       0x70 /usr/lib/gcc/i686-pc-cygwin/4.9.2/libgfortran.a(unit.o)
                0x004185c0                _gfortrani_filename_from_unit
 .text$__gfortrani_find_addr2line
                0x00418630       0xf0 /usr/lib/gcc/i686-pc-cygwin/4.9.2/libgfortran.a(main.o)
                0x00418630                _gfortrani_find_addr2line
 .text$__gfortrani_find_file
                0x00418720      0x140 /usr/lib/gcc/i686-pc-cygwin/4.9.2/libgfortran.a(unix.o)
                0x00418720                _gfortrani_find_file
 .text$__gfortrani_find_option
                0x00418860       0xa0 /usr/lib/gcc/i686-pc-cygwin/4.9.2/libgfortran.a(string.o)
                0x00418860                _gfortrani_find_option
 .text$__gfortrani_find_or_create_unit
                0x00418900       0x10 /usr/lib/gcc/i686-pc-cygwin/4.9.2/libgfortran.a(unit.o)
                0x00418900                _gfortrani_find_or_create_unit
 .text$__gfortrani_find_unit
                0x00418910       0x10 /usr/lib/gcc/i686-pc-cygwin/4.9.2/libgfortran.a(unit.o)
                0x00418910                _gfortrani_find_unit
 .text$__gfortrani_finish_last_advance_record
                0x00418920       0x70 /usr/lib/gcc/i686-pc-cygwin/4.9.2/libgfortran.a(unit.o)
                0x00418920                _gfortrani_finish_last_advance_record
 .text$__gfortrani_finish_list_read
                0x00418990      0x100 /usr/lib/gcc/i686-pc-cygwin/4.9.2/libgfortran.a(list_read.o)
                0x00418990                _gfortrani_finish_list_read
 .text$__gfortrani_flush_all_units
                0x00418a90       0xd0 /usr/lib/gcc/i686-pc-cygwin/4.9.2/libgfortran.a(unix.o)
                0x00418a90                _gfortrani_flush_all_units
 .text$__gfortrani_flush_if_preconnected
                0x00418b60       0x70 /usr/lib/gcc/i686-pc-cygwin/4.9.2/libgfortran.a(unix.o)
                0x00418b60                _gfortrani_flush_if_preconnected
 .text$__gfortrani_flush_if_unbuffered
                0x00418bd0       0x20 /usr/lib/gcc/i686-pc-cygwin/4.9.2/libgfortran.a(unix.o)
                0x00418bd0                _gfortrani_flush_if_unbuffered
 .text$__gfortrani_format_error
                0x00418bf0      0x180 /usr/lib/gcc/i686-pc-cygwin/4.9.2/libgfortran.a(format.o)
                0x00418bf0                _gfortrani_format_error
 .text$__gfortrani_free_format_data
                0x00418d70       0x40 /usr/lib/gcc/i686-pc-cygwin/4.9.2/libgfortran.a(format.o)
                0x00418d70                _gfortrani_free_format_data
 .text$__gfortrani_free_format_hash_table
                0x00418db0       0x50 /usr/lib/gcc/i686-pc-cygwin/4.9.2/libgfortran.a(format.o)
                0x00418db0                _gfortrani_free_format_hash_table
 .text$__gfortrani_free_internal_unit
                0x00418e00       0x80 /usr/lib/gcc/i686-pc-cygwin/4.9.2/libgfortran.a(unit.o)
                0x00418e00                _gfortrani_free_internal_unit
 .text$__gfortrani_free_ionml
                0x00418e80       0x80 /usr/lib/gcc/i686-pc-cygwin/4.9.2/libgfortran.a(lock.o)
                0x00418e80                _gfortrani_free_ionml
 .text$__gfortrani_fstrcpy
                0x00418f00       0x70 /usr/lib/gcc/i686-pc-cygwin/4.9.2/libgfortran.a(string.o)
                0x00418f00                _gfortrani_fstrcpy
 .text$__gfortrani_fstrlen
                0x00418f70       0x30 /usr/lib/gcc/i686-pc-cygwin/4.9.2/libgfortran.a(string.o)
                0x00418f70                _gfortrani_fstrlen
 .text$__gfortrani_full_exe_path
                0x00418fa0       0x10 /usr/lib/gcc/i686-pc-cygwin/4.9.2/libgfortran.a(main.o)
                0x00418fa0                _gfortrani_full_exe_path
 .text$__gfortrani_generate_warning
                0x00418fb0       0x50 /usr/lib/gcc/i686-pc-cygwin/4.9.2/libgfortran.a(error.o)
                0x00418fb0                _gfortrani_generate_warning
 .text$__gfortrani_get_args
                0x00419000       0x20 /usr/lib/gcc/i686-pc-cygwin/4.9.2/libgfortran.a(main.o)
                0x00419000                _gfortrani_get_args
 .text$__gfortrani_get_fpu_except_flags
                0x00419020       0x40 /usr/lib/gcc/i686-pc-cygwin/4.9.2/libgfortran.a(fpu.o)
                0x00419020                _gfortrani_get_fpu_except_flags
 .text$__gfortrani_get_fpu_rounding_mode
                0x00419060       0x20 /usr/lib/gcc/i686-pc-cygwin/4.9.2/libgfortran.a(fpu.o)
                0x00419060                _gfortrani_get_fpu_rounding_mode
 .text$__gfortrani_get_internal_unit
                0x00419080      0x370 /usr/lib/gcc/i686-pc-cygwin/4.9.2/libgfortran.a(unit.o)
                0x00419080                _gfortrani_get_internal_unit
 .text$__gfortrani_get_unformatted_convert
                0x004193f0       0x50 /usr/lib/gcc/i686-pc-cygwin/4.9.2/libgfortran.a(environ.o)
                0x004193f0                _gfortrani_get_unformatted_convert
 .text$__gfortrani_get_unique_unit_number
                0x00419440       0x40 /usr/lib/gcc/i686-pc-cygwin/4.9.2/libgfortran.a(unit.o)
                0x00419440                _gfortrani_get_unique_unit_number
 .text$__gfortrani_get_unit
                0x00419480       0x40 /usr/lib/gcc/i686-pc-cygwin/4.9.2/libgfortran.a(unit.o)
                0x00419480                _gfortrani_get_unit
 .text$__gfortrani_gf_strerror
                0x004194c0       0x10 /usr/lib/gcc/i686-pc-cygwin/4.9.2/libgfortran.a(error.o)
                0x004194c0                _gfortrani_gf_strerror
 .text$__gfortrani_gfc_xtoa
                0x004194d0       0x80 /usr/lib/gcc/i686-pc-cygwin/4.9.2/libgfortran.a(error.o)
                0x004194d0                _gfortrani_gfc_xtoa
 .text$__gfortrani_hit_eof
                0x00419550       0xd0 /usr/lib/gcc/i686-pc-cygwin/4.9.2/libgfortran.a(transfer.o)
                0x00419550                _gfortrani_hit_eof
 .text$__gfortrani_init_compile_options
                0x00419620       0x40 /usr/lib/gcc/i686-pc-cygwin/4.9.2/libgfortran.a(compile_options.o)
                0x00419620                _gfortrani_init_compile_options
 .text$__gfortrani_init_loop_spec
                0x00419660       0xe0 /usr/lib/gcc/i686-pc-cygwin/4.9.2/libgfortran.a(transfer.o)
                0x00419660                _gfortrani_init_loop_spec
 .text$__gfortrani_init_units
                0x00419740      0x2f0 /usr/lib/gcc/i686-pc-cygwin/4.9.2/libgfortran.a(unit.o)
                0x00419740                _gfortrani_init_units
 .text$__gfortrani_init_variables
                0x00419a30       0x30 /usr/lib/gcc/i686-pc-cygwin/4.9.2/libgfortran.a(environ.o)
                0x00419a30                _gfortrani_init_variables
 .text$__gfortrani_input_stream
                0x00419a60       0x10 /usr/lib/gcc/i686-pc-cygwin/4.9.2/libgfortran.a(unix.o)
                0x00419a60                _gfortrani_input_stream
 .text$__gfortrani_inquire_direct
                0x00419a70       0xa0 /usr/lib/gcc/i686-pc-cygwin/4.9.2/libgfortran.a(unix.o)
                0x00419a70                _gfortrani_inquire_direct
 .text$__gfortrani_inquire_formatted
                0x00419b10       0xb0 /usr/lib/gcc/i686-pc-cygwin/4.9.2/libgfortran.a(unix.o)
                0x00419b10                _gfortrani_inquire_formatted
 .text$__gfortrani_inquire_read
                0x00419bc0       0x20 /usr/lib/gcc/i686-pc-cygwin/4.9.2/libgfortran.a(unix.o)
                0x00419bc0                _gfortrani_inquire_read
 .text$__gfortrani_inquire_readwrite
                0x00419be0       0x20 /usr/lib/gcc/i686-pc-cygwin/4.9.2/libgfortran.a(unix.o)
                0x00419be0                _gfortrani_inquire_readwrite
 .text$__gfortrani_inquire_sequential
                0x00419c00       0xa0 /usr/lib/gcc/i686-pc-cygwin/4.9.2/libgfortran.a(unix.o)
                0x00419c00                _gfortrani_inquire_sequential
 .text$__gfortrani_inquire_unformatted
                0x00419ca0       0x10 /usr/lib/gcc/i686-pc-cygwin/4.9.2/libgfortran.a(unix.o)
                0x00419ca0                _gfortrani_inquire_unformatted
 .text$__gfortrani_inquire_write
                0x00419cb0       0x20 /usr/lib/gcc/i686-pc-cygwin/4.9.2/libgfortran.a(unix.o)
                0x00419cb0                _gfortrani_inquire_write
 .text$__gfortrani_internal_error
                0x00419cd0       0x60 /usr/lib/gcc/i686-pc-cygwin/4.9.2/libgfortran.a(error.o)
                0x00419cd0                _gfortrani_internal_error
 .text$__gfortrani_library_start
                0x00419d30       0x20 /usr/lib/gcc/i686-pc-cygwin/4.9.2/libgfortran.a(lock.o)
                0x00419d30                _gfortrani_library_start
 .text$__gfortrani_list_formatted_read
                0x00419d50      0x5d0 /usr/lib/gcc/i686-pc-cygwin/4.9.2/libgfortran.a(list_read.o)
                0x00419d50                _gfortrani_list_formatted_read
 .text$__gfortrani_list_formatted_write
                0x0041a320      0x220 /usr/lib/gcc/i686-pc-cygwin/4.9.2/libgfortran.a(write.o)
                0x0041a320                _gfortrani_list_formatted_write
 .text$__gfortrani_mem_alloc_r
                0x0041a540       0xb0 /usr/lib/gcc/i686-pc-cygwin/4.9.2/libgfortran.a(unix.o)
                0x0041a540                _gfortrani_mem_alloc_r
 .text$__gfortrani_mem_alloc_r4
                0x0041a5f0       0xb0 /usr/lib/gcc/i686-pc-cygwin/4.9.2/libgfortran.a(unix.o)
                0x0041a5f0                _gfortrani_mem_alloc_r4
 .text$__gfortrani_mem_alloc_w
                0x0041a6a0       0x60 /usr/lib/gcc/i686-pc-cygwin/4.9.2/libgfortran.a(unix.o)
                0x0041a6a0                _gfortrani_mem_alloc_w
 .text$__gfortrani_mem_alloc_w4
                0x0041a700       0x60 /usr/lib/gcc/i686-pc-cygwin/4.9.2/libgfortran.a(unix.o)
                0x0041a700                _gfortrani_mem_alloc_w4
 .text$__gfortrani_memcmp_char4
                0x0041a760       0x50 /usr/lib/gcc/i686-pc-cygwin/4.9.2/libgfortran.a(string_intrinsics.o)
                0x0041a760                _gfortrani_memcmp_char4
 .text$__gfortrani_namelist_read
                0x0041a7b0      0xd00 /usr/lib/gcc/i686-pc-cygwin/4.9.2/libgfortran.a(list_read.o)
                0x0041a7b0                _gfortrani_namelist_read
 .text$__gfortrani_namelist_write
                0x0041b4b0      0x110 /usr/lib/gcc/i686-pc-cygwin/4.9.2/libgfortran.a(write.o)
                0x0041b4b0                _gfortrani_namelist_write
 .text$__gfortrani_new_unit
                0x0041b5c0      0x920 /usr/lib/gcc/i686-pc-cygwin/4.9.2/libgfortran.a(open.o)
                0x0041b5c0                _gfortrani_new_unit
 .text$__gfortrani_next_array_record
                0x0041bee0       0xc0 /usr/lib/gcc/i686-pc-cygwin/4.9.2/libgfortran.a(transfer.o)
                0x0041bee0                _gfortrani_next_array_record
 .text$__gfortrani_next_format
                0x0041bfa0       0xe0 /usr/lib/gcc/i686-pc-cygwin/4.9.2/libgfortran.a(format.o)
                0x0041bfa0                _gfortrani_next_format
 .text$__gfortrani_next_record
                0x0041c080      0x880 /usr/lib/gcc/i686-pc-cygwin/4.9.2/libgfortran.a(transfer.o)
                0x0041c080                _gfortrani_next_record
 .text$__gfortrani_notification_std
                0x0041c900       0x40 /usr/lib/gcc/i686-pc-cygwin/4.9.2/libgfortran.a(error.o)
                0x0041c900                _gfortrani_notification_std
 .text$__gfortrani_notify_std
                0x0041c940       0xe0 /usr/lib/gcc/i686-pc-cygwin/4.9.2/libgfortran.a(error.o)
                0x0041c940                _gfortrani_notify_std
 .text$__gfortrani_open_external
                0x0041ca20      0x510 /usr/lib/gcc/i686-pc-cygwin/4.9.2/libgfortran.a(unix.o)
                0x0041ca20                _gfortrani_open_external
 .text$__gfortrani_open_internal
                0x0041cf30       0x50 /usr/lib/gcc/i686-pc-cygwin/4.9.2/libgfortran.a(unix.o)
                0x0041cf30                _gfortrani_open_internal
 .text$__gfortrani_open_internal4
                0x0041cf80       0x60 /usr/lib/gcc/i686-pc-cygwin/4.9.2/libgfortran.a(unix.o)
                0x0041cf80                _gfortrani_open_internal4
 .text$__gfortrani_output_stream
                0x0041cfe0       0x10 /usr/lib/gcc/i686-pc-cygwin/4.9.2/libgfortran.a(unix.o)
                0x0041cfe0                _gfortrani_output_stream
 .text$__gfortrani_parse_format
                0x0041cff0      0x2b0 /usr/lib/gcc/i686-pc-cygwin/4.9.2/libgfortran.a(format.o)
                0x0041cff0                _gfortrani_parse_format
 .text$__gfortrani_read_a
                0x0041d2a0      0x150 /usr/lib/gcc/i686-pc-cygwin/4.9.2/libgfortran.a(read.o)
                0x0041d2a0                _gfortrani_read_a
 .text$__gfortrani_read_block_form
                0x0041d3f0      0x6c0 /usr/lib/gcc/i686-pc-cygwin/4.9.2/libgfortran.a(transfer.o)
                0x0041d3f0                _gfortrani_read_block_form
 .text$__gfortrani_read_block_form4
                0x0041dab0       0xe0 /usr/lib/gcc/i686-pc-cygwin/4.9.2/libgfortran.a(transfer.o)
                0x0041dab0                _gfortrani_read_block_form4
 .text$__gfortrani_read_decimal
                0x0041db90      0x2d0 /usr/lib/gcc/i686-pc-cygwin/4.9.2/libgfortran.a(read.o)
                0x0041db90                _gfortrani_read_decimal
 .text$__gfortrani_read_f
                0x0041de60      0x710 /usr/lib/gcc/i686-pc-cygwin/4.9.2/libgfortran.a(read.o)
                0x0041de60                _gfortrani_read_f
 .text$__gfortrani_read_l
                0x0041e570      0x120 /usr/lib/gcc/i686-pc-cygwin/4.9.2/libgfortran.a(read.o)
                0x0041e570                _gfortrani_read_l
 .text$__gfortrani_read_radix
                0x0041e690      0x320 /usr/lib/gcc/i686-pc-cygwin/4.9.2/libgfortran.a(read.o)
                0x0041e690                _gfortrani_read_radix
 .text$__gfortrani_read_x
                0x0041e9b0      0x1f0 /usr/lib/gcc/i686-pc-cygwin/4.9.2/libgfortran.a(read.o)
                0x0041e9b0                _gfortrani_read_x
 .text$__gfortrani_secure_getenv
                0x0041eba0       0x50 /usr/lib/gcc/i686-pc-cygwin/4.9.2/libgfortran.a(environ.o)
                0x0041eba0                _gfortrani_secure_getenv
 .text$__gfortrani_set_fpu
                0x0041ebf0       0x60 /usr/lib/gcc/i686-pc-cygwin/4.9.2/libgfortran.a(fpu.o)
                0x0041ebf0                _gfortrani_set_fpu
 .text$__gfortrani_set_fpu_rounding_mode
                0x0041ec50       0x90 /usr/lib/gcc/i686-pc-cygwin/4.9.2/libgfortran.a(fpu.o)
                0x0041ec50                _gfortrani_set_fpu_rounding_mode
 .text$__gfortrani_set_integer
                0x0041ece0       0x70 /usr/lib/gcc/i686-pc-cygwin/4.9.2/libgfortran.a(read.o)
                0x0041ece0                _gfortrani_set_integer
 .text$__gfortrani_show_locus
                0x0041ed50       0xb0 /usr/lib/gcc/i686-pc-cygwin/4.9.2/libgfortran.a(error.o)
                0x0041ed50                _gfortrani_show_locus
 .text$__gfortrani_show_variables
                0x0041ee00      0x170 /usr/lib/gcc/i686-pc-cygwin/4.9.2/libgfortran.a(environ.o)
                0x0041ee00                _gfortrani_show_variables
 .text$__gfortrani_si_max
                0x0041ef70       0xa0 /usr/lib/gcc/i686-pc-cygwin/4.9.2/libgfortran.a(read.o)
                0x0041ef70                _gfortrani_si_max
 .text$__gfortrani_size_from_complex_kind
                0x0041f010       0x40 /usr/lib/gcc/i686-pc-cygwin/4.9.2/libgfortran.a(size_from_kind.o)
                0x0041f010                _gfortrani_size_from_complex_kind
 .text$__gfortrani_size_from_real_kind
                0x0041f050       0x40 /usr/lib/gcc/i686-pc-cygwin/4.9.2/libgfortran.a(size_from_kind.o)
                0x0041f050                _gfortrani_size_from_real_kind
 .text$__gfortrani_st_printf
                0x0041f090       0x20 /usr/lib/gcc/i686-pc-cygwin/4.9.2/libgfortran.a(error.o)
                0x0041f090                _gfortrani_st_printf
 .text$__gfortrani_st_vprintf
                0x0041f0b0       0x50 /usr/lib/gcc/i686-pc-cygwin/4.9.2/libgfortran.a(error.o)
                0x0041f0b0                _gfortrani_st_vprintf
 .text$__gfortrani_stream_isatty
                0x0041f100       0x10 /usr/lib/gcc/i686-pc-cygwin/4.9.2/libgfortran.a(unix.o)
                0x0041f100                _gfortrani_stream_isatty
 .text$__gfortrani_stream_ttyname
                0x0041f110       0x10 /usr/lib/gcc/i686-pc-cygwin/4.9.2/libgfortran.a(unix.o)
                0x0041f110                _gfortrani_stream_ttyname
 .text$__gfortrani_stupid_function_name_for_static_linking
                0x0041f120       0x10 /usr/lib/gcc/i686-pc-cygwin/4.9.2/libgfortran.a(main.o)
                0x0041f120                _gfortrani_stupid_function_name_for_static_linking
 .text$__gfortrani_sys_abort
                0x0041f130       0x50 /usr/lib/gcc/i686-pc-cygwin/4.9.2/libgfortran.a(error.o)
                0x0041f130                _gfortrani_sys_abort
 .text$__gfortrani_translate_error
                0x0041f180      0x180 /usr/lib/gcc/i686-pc-cygwin/4.9.2/libgfortran.a(error.o)
                0x0041f180                _gfortrani_translate_error
 .text$__gfortrani_type_name
                0x0041f300       0x80 /usr/lib/gcc/i686-pc-cygwin/4.9.2/libgfortran.a(transfer.o)
                0x0041f300                _gfortrani_type_name
 .text$__gfortrani_unget_format
                0x0041f380       0x20 /usr/lib/gcc/i686-pc-cygwin/4.9.2/libgfortran.a(format.o)
                0x0041f380                _gfortrani_unget_format
 .text$__gfortrani_unit_to_fd
                0x0041f3a0       0x40 /usr/lib/gcc/i686-pc-cygwin/4.9.2/libgfortran.a(unix.o)
                0x0041f3a0                _gfortrani_unit_to_fd
 .text$__gfortrani_unit_truncate
                0x0041f3e0       0xa0 /usr/lib/gcc/i686-pc-cygwin/4.9.2/libgfortran.a(unit.o)
                0x0041f3e0                _gfortrani_unit_truncate
 .text$__gfortrani_unlock_unit
                0x0041f480       0x10 /usr/lib/gcc/i686-pc-cygwin/4.9.2/libgfortran.a(unit.o)
                0x0041f480                _gfortrani_unlock_unit
 .text$__gfortrani_unpack_filename
                0x0041f490       0x20 /usr/lib/gcc/i686-pc-cygwin/4.9.2/libgfortran.a(unix.o)
                0x0041f490                _gfortrani_unpack_filename
 .text$__gfortrani_unpack_filename.part.6
                0x0041f4b0       0x50 /usr/lib/gcc/i686-pc-cygwin/4.9.2/libgfortran.a(unix.o)
 .text$__gfortrani_write_a
                0x0041f500      0x120 /usr/lib/gcc/i686-pc-cygwin/4.9.2/libgfortran.a(write.o)
                0x0041f500                _gfortrani_write_a
 .text$__gfortrani_write_a_char4
                0x0041f620       0x60 /usr/lib/gcc/i686-pc-cygwin/4.9.2/libgfortran.a(write.o)
                0x0041f620                _gfortrani_write_a_char4
 .text$__gfortrani_write_b
                0x0041f680      0x1a0 /usr/lib/gcc/i686-pc-cygwin/4.9.2/libgfortran.a(write.o)
                0x0041f680                _gfortrani_write_b
 .text$__gfortrani_write_block
                0x0041f820      0x1f0 /usr/lib/gcc/i686-pc-cygwin/4.9.2/libgfortran.a(transfer.o)
                0x0041f820                _gfortrani_write_block
 .text$__gfortrani_write_d
                0x0041fa10       0x30 /usr/lib/gcc/i686-pc-cygwin/4.9.2/libgfortran.a(write.o)
                0x0041fa10                _gfortrani_write_d
 .text$__gfortrani_write_e
                0x0041fa40       0x30 /usr/lib/gcc/i686-pc-cygwin/4.9.2/libgfortran.a(write.o)
                0x0041fa40                _gfortrani_write_e
 .text$__gfortrani_write_en
                0x0041fa70       0x30 /usr/lib/gcc/i686-pc-cygwin/4.9.2/libgfortran.a(write.o)
                0x0041fa70                _gfortrani_write_en
 .text$__gfortrani_write_es
                0x0041faa0       0x30 /usr/lib/gcc/i686-pc-cygwin/4.9.2/libgfortran.a(write.o)
                0x0041faa0                _gfortrani_write_es
 .text$__gfortrani_write_f
                0x0041fad0       0x30 /usr/lib/gcc/i686-pc-cygwin/4.9.2/libgfortran.a(write.o)
                0x0041fad0                _gfortrani_write_f
 .text$__gfortrani_write_i
                0x0041fb00      0x380 /usr/lib/gcc/i686-pc-cygwin/4.9.2/libgfortran.a(write.o)
                0x0041fb00                _gfortrani_write_i
 .text$__gfortrani_write_l
                0x0041fe80       0xd0 /usr/lib/gcc/i686-pc-cygwin/4.9.2/libgfortran.a(write.o)
                0x0041fe80                _gfortrani_write_l
 .text$__gfortrani_write_o
                0x0041ff50      0x220 /usr/lib/gcc/i686-pc-cygwin/4.9.2/libgfortran.a(write.o)
                0x0041ff50                _gfortrani_write_o
 .text$__gfortrani_write_real
                0x00420170       0x50 /usr/lib/gcc/i686-pc-cygwin/4.9.2/libgfortran.a(write.o)
                0x00420170                _gfortrani_write_real
 .text$__gfortrani_write_real_g0
                0x004201c0       0x70 /usr/lib/gcc/i686-pc-cygwin/4.9.2/libgfortran.a(write.o)
                0x004201c0                _gfortrani_write_real_g0
 .text$__gfortrani_write_x
                0x00420230       0x80 /usr/lib/gcc/i686-pc-cygwin/4.9.2/libgfortran.a(write.o)
                0x00420230                _gfortrani_write_x
 .text$__gfortrani_write_z
                0x004202b0      0x150 /usr/lib/gcc/i686-pc-cygwin/4.9.2/libgfortran.a(write.o)
                0x004202b0                _gfortrani_write_z
 .text$__gfortrani_xcalloc
                0x00420400       0x50 /usr/lib/gcc/i686-pc-cygwin/4.9.2/libgfortran.a(memory.o)
                0x00420400                _gfortrani_xcalloc
 .text$__gfortrani_xmalloc
                0x00420450       0x30 /usr/lib/gcc/i686-pc-cygwin/4.9.2/libgfortran.a(memory.o)
                0x00420450                _gfortrani_xmalloc
 .text$__gfortrani_xmallocarray
                0x00420480       0x70 /usr/lib/gcc/i686-pc-cygwin/4.9.2/libgfortran.a(memory.o)
                0x00420480                _gfortrani_xmallocarray
 .text$bswap_array
                0x004204f0      0x200 /usr/lib/gcc/i686-pc-cygwin/4.9.2/libgfortran.a(transfer.o)
 .text$buf_close
                0x004206f0       0x40 /usr/lib/gcc/i686-pc-cygwin/4.9.2/libgfortran.a(unix.o)
 .text$buf_flush
                0x00420730       0xb0 /usr/lib/gcc/i686-pc-cygwin/4.9.2/libgfortran.a(unix.o)
 .text$buf_read
                0x004207e0      0x320 /usr/lib/gcc/i686-pc-cygwin/4.9.2/libgfortran.a(unix.o)
 .text$buf_seek
                0x00420b00       0x70 /usr/lib/gcc/i686-pc-cygwin/4.9.2/libgfortran.a(unix.o)
 .text$buf_size
                0x00420b70       0x10 /usr/lib/gcc/i686-pc-cygwin/4.9.2/libgfortran.a(unix.o)
 .text$buf_tell
                0x00420b80       0x30 /usr/lib/gcc/i686-pc-cygwin/4.9.2/libgfortran.a(unix.o)
 .text$buf_truncate
                0x00420bb0       0x50 /usr/lib/gcc/i686-pc-cygwin/4.9.2/libgfortran.a(unix.o)
 .text$buf_write
                0x00420c00      0x240 /usr/lib/gcc/i686-pc-cygwin/4.9.2/libgfortran.a(unix.o)
 .text$calculate_sign.isra.0
                0x00420e40       0x40 /usr/lib/gcc/i686-pc-cygwin/4.9.2/libgfortran.a(write.o)
 .text$close_unit_1
                0x00420e80      0x150 /usr/lib/gcc/i686-pc-cygwin/4.9.2/libgfortran.a(unit.o)
 .text$convert_integer
                0x00420fd0      0x310 /usr/lib/gcc/i686-pc-cygwin/4.9.2/libgfortran.a(list_read.o)
 .text$data_transfer_init
                0x004212e0      0xd90 /usr/lib/gcc/i686-pc-cygwin/4.9.2/libgfortran.a(transfer.o)
 .text$delete_root
                0x00422070       0x70 /usr/lib/gcc/i686-pc-cygwin/4.9.2/libgfortran.a(unit.o)
 .text$delete_treap
                0x004220e0       0x60 /usr/lib/gcc/i686-pc-cygwin/4.9.2/libgfortran.a(unit.o)
 .text$determine_precision.isra.2
                0x00422140       0x70 /usr/lib/gcc/i686-pc-cygwin/4.9.2/libgfortran.a(write.o)
 .text$do_parse
                0x004221b0      0x2a0 /usr/lib/gcc/i686-pc-cygwin/4.9.2/libgfortran.a(environ.o)
 .text$eat_line
                0x00422450       0x40 /usr/lib/gcc/i686-pc-cygwin/4.9.2/libgfortran.a(list_read.o)
 .text$eat_separator
                0x00422490      0x110 /usr/lib/gcc/i686-pc-cygwin/4.9.2/libgfortran.a(list_read.o)
 .text$eat_spaces
                0x004225a0      0x1d0 /usr/lib/gcc/i686-pc-cygwin/4.9.2/libgfortran.a(list_read.o)
 .text$edit_modes
                0x00422770      0x360 /usr/lib/gcc/i686-pc-cygwin/4.9.2/libgfortran.a(open.o)
 .text$extract_int
                0x00422ad0       0x70 /usr/lib/gcc/i686-pc-cygwin/4.9.2/libgfortran.a(write.o)
 .text$extract_uint
                0x00422b40       0x70 /usr/lib/gcc/i686-pc-cygwin/4.9.2/libgfortran.a(write.o)
 .text$fd_gets  0x00422bb0       0x90 /usr/lib/gcc/i686-pc-cygwin/4.9.2/libgfortran.a(backtrace.o)
 .text$fd_to_stream
                0x00422c40      0x120 /usr/lib/gcc/i686-pc-cygwin/4.9.2/libgfortran.a(unix.o)
 .text$finalize_transfer
                0x00422d60      0x230 /usr/lib/gcc/i686-pc-cygwin/4.9.2/libgfortran.a(transfer.o)
 .text$find_file0
                0x00422f90       0x60 /usr/lib/gcc/i686-pc-cygwin/4.9.2/libgfortran.a(unix.o)
 .text$finish_separator
                0x00422ff0       0xc0 /usr/lib/gcc/i686-pc-cygwin/4.9.2/libgfortran.a(list_read.o)
 .text$flush_all_units_1
                0x004230b0       0x80 /usr/lib/gcc/i686-pc-cygwin/4.9.2/libgfortran.a(unix.o)
 .text$format_lex.part.3
                0x00423130      0x400 /usr/lib/gcc/i686-pc-cygwin/4.9.2/libgfortran.a(format.o)
 .text$formatted_transfer
                0x00423530     0x12e0 /usr/lib/gcc/i686-pc-cygwin/4.9.2/libgfortran.a(transfer.o)
 .text$get_external_unit
                0x00424810      0x150 /usr/lib/gcc/i686-pc-cygwin/4.9.2/libgfortran.a(unit.o)
 .text$get_fnode
                0x00424960       0xb0 /usr/lib/gcc/i686-pc-cygwin/4.9.2/libgfortran.a(format.o)
 .text$gmtime_0
                0x00424a10       0x60 /usr/lib/gcc/i686-pc-cygwin/4.9.2/libgfortran.a(date_and_time.o)
 .text$has_sse  0x00424a70       0x40 /usr/lib/gcc/i686-pc-cygwin/4.9.2/libgfortran.a(fpu.o)
 .text$idate0   0x00424ab0       0x50 /usr/lib/gcc/i686-pc-cygwin/4.9.2/libgfortran.a(date_and_time.o)
 .text$init_boolean
                0x00424b00       0x60 /usr/lib/gcc/i686-pc-cygwin/4.9.2/libgfortran.a(environ.o)
 .text$init_integer
                0x00424b60       0x80 /usr/lib/gcc/i686-pc-cygwin/4.9.2/libgfortran.a(environ.o)
 .text$init_sep
                0x00424be0       0x90 /usr/lib/gcc/i686-pc-cygwin/4.9.2/libgfortran.a(environ.o)
 .text$init_string
                0x00424c70       0x10 /usr/lib/gcc/i686-pc-cygwin/4.9.2/libgfortran.a(environ.o)
 .text$init_unformatted
                0x00424c80       0x80 /usr/lib/gcc/i686-pc-cygwin/4.9.2/libgfortran.a(environ.o)
 .text$init_unsigned_integer
                0x00424d00       0x70 /usr/lib/gcc/i686-pc-cygwin/4.9.2/libgfortran.a(environ.o)
 .text$inquire_access
                0x00424d70       0x80 /usr/lib/gcc/i686-pc-cygwin/4.9.2/libgfortran.a(unix.o)
 .text$inquire_via_unit
                0x00424df0      0xd20 /usr/lib/gcc/i686-pc-cygwin/4.9.2/libgfortran.a(inquire.o)
 .text$insert   0x00425b10       0x80 /usr/lib/gcc/i686-pc-cygwin/4.9.2/libgfortran.a(unit.o)
 .text$insert_unit
                0x00425b90       0x90 /usr/lib/gcc/i686-pc-cygwin/4.9.2/libgfortran.a(unit.o)
 .text$iolength_transfer
                0x00425c20       0x30 /usr/lib/gcc/i686-pc-cygwin/4.9.2/libgfortran.a(transfer.o)
 .text$itime0   0x00425c50       0x50 /usr/lib/gcc/i686-pc-cygwin/4.9.2/libgfortran.a(date_and_time.o)
 .text$kiss_random_kernel
                0x00425ca0       0x70 /usr/lib/gcc/i686-pc-cygwin/4.9.2/libgfortran.a(random.o)
 .text$l_push_char
                0x00425d10       0x60 /usr/lib/gcc/i686-pc-cygwin/4.9.2/libgfortran.a(list_read.o)
 .text$ltime_0  0x00425d70       0x60 /usr/lib/gcc/i686-pc-cygwin/4.9.2/libgfortran.a(date_and_time.o)
 .text$mark_single
                0x00425dd0       0xb0 /usr/lib/gcc/i686-pc-cygwin/4.9.2/libgfortran.a(environ.o)
 .text$match_word
                0x00425e80       0x50 /usr/lib/gcc/i686-pc-cygwin/4.9.2/libgfortran.a(environ.o)
 .text$mem_close
                0x00425ed0       0x20 /usr/lib/gcc/i686-pc-cygwin/4.9.2/libgfortran.a(unix.o)
 .text$mem_flush
                0x00425ef0       0x10 /usr/lib/gcc/i686-pc-cygwin/4.9.2/libgfortran.a(unix.o)
 .text$mem_read
                0x00425f00       0x50 /usr/lib/gcc/i686-pc-cygwin/4.9.2/libgfortran.a(unix.o)
 .text$mem_read4
                0x00425f50       0x50 /usr/lib/gcc/i686-pc-cygwin/4.9.2/libgfortran.a(unix.o)
 .text$mem_seek
                0x00425fa0       0x90 /usr/lib/gcc/i686-pc-cygwin/4.9.2/libgfortran.a(unix.o)
 .text$mem_tell
                0x00426030       0x10 /usr/lib/gcc/i686-pc-cygwin/4.9.2/libgfortran.a(unix.o)
 .text$mem_truncate
                0x00426040       0x10 /usr/lib/gcc/i686-pc-cygwin/4.9.2/libgfortran.a(unix.o)
 .text$mem_write
                0x00426050       0x80 /usr/lib/gcc/i686-pc-cygwin/4.9.2/libgfortran.a(unix.o)
 .text$mem_write4
                0x004260d0       0xa0 /usr/lib/gcc/i686-pc-cygwin/4.9.2/libgfortran.a(unix.o)
 .text$namelist_write_newline
                0x00426170      0x1a0 /usr/lib/gcc/i686-pc-cygwin/4.9.2/libgfortran.a(write.o)
 .text$next_char
                0x00426310       0x60 /usr/lib/gcc/i686-pc-cygwin/4.9.2/libgfortran.a(format.o)
 .text$next_char
                0x00426370      0x2d0 /usr/lib/gcc/i686-pc-cygwin/4.9.2/libgfortran.a(list_read.o)
 .text$next_char.isra.0
                0x00426640       0x80 /usr/lib/gcc/i686-pc-cygwin/4.9.2/libgfortran.a(read.o)
 .text$next_format0
                0x004266c0       0xd0 /usr/lib/gcc/i686-pc-cygwin/4.9.2/libgfortran.a(format.o)
 .text$next_record_w_unf
                0x00426790      0x150 /usr/lib/gcc/i686-pc-cygwin/4.9.2/libgfortran.a(transfer.o)
 .text$next_token
                0x004268e0       0xe0 /usr/lib/gcc/i686-pc-cygwin/4.9.2/libgfortran.a(environ.o)
 .text$nml_match_name
                0x004269c0       0x60 /usr/lib/gcc/i686-pc-cygwin/4.9.2/libgfortran.a(list_read.o)
 .text$nml_parse_qualifier.constprop.8
                0x00426a20      0x720 /usr/lib/gcc/i686-pc-cygwin/4.9.2/libgfortran.a(list_read.o)
 .text$nml_query
                0x00427140      0x170 /usr/lib/gcc/i686-pc-cygwin/4.9.2/libgfortran.a(list_read.o)
 .text$nml_read_obj.constprop.7
                0x004272b0      0x590 /usr/lib/gcc/i686-pc-cygwin/4.9.2/libgfortran.a(list_read.o)
 .text$nml_write_obj
                0x00427840      0x7c0 /usr/lib/gcc/i686-pc-cygwin/4.9.2/libgfortran.a(write.o)
 .text$output_float
                0x00428000      0xe70 /usr/lib/gcc/i686-pc-cygwin/4.9.2/libgfortran.a(write.o)
 .text$parse_format_list
                0x00428e70      0xa70 /usr/lib/gcc/i686-pc-cygwin/4.9.2/libgfortran.a(format.o)
 .text$parse_real
                0x004298e0      0x680 /usr/lib/gcc/i686-pc-cygwin/4.9.2/libgfortran.a(list_read.o)
 .text$parse_repeat
                0x00429f60      0x1a0 /usr/lib/gcc/i686-pc-cygwin/4.9.2/libgfortran.a(list_read.o)
 .text$pre_position
                0x0042a100       0x80 /usr/lib/gcc/i686-pc-cygwin/4.9.2/libgfortran.a(transfer.o)
 .text$push_char
                0x0042a180       0xf0 /usr/lib/gcc/i686-pc-cygwin/4.9.2/libgfortran.a(list_read.o)
 .text$raw_close
                0x0042a270       0x40 /usr/lib/gcc/i686-pc-cygwin/4.9.2/libgfortran.a(unix.o)
 .text$raw_flush
                0x0042a2b0       0x10 /usr/lib/gcc/i686-pc-cygwin/4.9.2/libgfortran.a(unix.o)
 .text$raw_read
                0x0042a2c0       0x10 /usr/lib/gcc/i686-pc-cygwin/4.9.2/libgfortran.a(unix.o)
 .text$raw_seek
                0x0042a2d0       0x10 /usr/lib/gcc/i686-pc-cygwin/4.9.2/libgfortran.a(unix.o)
 .text$raw_size
                0x0042a2e0       0x60 /usr/lib/gcc/i686-pc-cygwin/4.9.2/libgfortran.a(unix.o)
 .text$raw_tell
                0x0042a340       0x30 /usr/lib/gcc/i686-pc-cygwin/4.9.2/libgfortran.a(unix.o)
 .text$raw_truncate
                0x0042a370       0x10 /usr/lib/gcc/i686-pc-cygwin/4.9.2/libgfortran.a(unix.o)
 .text$raw_write
                0x0042a380       0x70 /usr/lib/gcc/i686-pc-cygwin/4.9.2/libgfortran.a(unix.o)
 .text$read_a_char4
                0x0042a3f0      0x1b0 /usr/lib/gcc/i686-pc-cygwin/4.9.2/libgfortran.a(read.o)
                0x0042a3f0                read_a_char4
 .text$read_character.isra.3
                0x0042a5a0      0x350 /usr/lib/gcc/i686-pc-cygwin/4.9.2/libgfortran.a(list_read.o)
 .text$read_complex
                0x0042a8f0      0x2b0 /usr/lib/gcc/i686-pc-cygwin/4.9.2/libgfortran.a(list_read.o)
 .text$read_integer
                0x0042aba0      0x300 /usr/lib/gcc/i686-pc-cygwin/4.9.2/libgfortran.a(list_read.o)
 .text$read_logical
                0x0042aea0      0x4c0 /usr/lib/gcc/i686-pc-cygwin/4.9.2/libgfortran.a(list_read.o)
 .text$read_real
                0x0042b360      0x980 /usr/lib/gcc/i686-pc-cygwin/4.9.2/libgfortran.a(list_read.o)
 .text$read_utf8
                0x0042bce0      0x140 /usr/lib/gcc/i686-pc-cygwin/4.9.2/libgfortran.a(read.o)
 .text$report_exception.part.0
                0x0042be20       0xe0 /usr/lib/gcc/i686-pc-cygwin/4.9.2/libgfortran.a(stop.o)
 .text$require_numeric_type
                0x0042bf00       0x80 /usr/lib/gcc/i686-pc-cygwin/4.9.2/libgfortran.a(transfer.o)
 .text$require_type.part.8
                0x0042bf80       0x80 /usr/lib/gcc/i686-pc-cygwin/4.9.2/libgfortran.a(transfer.o)
 .text$reset_node
                0x0042c000       0x40 /usr/lib/gcc/i686-pc-cygwin/4.9.2/libgfortran.a(format.o)
 .text$search_unit
                0x0042c040       0x80 /usr/lib/gcc/i686-pc-cygwin/4.9.2/libgfortran.a(environ.o)
 .text$set_fnode_default
                0x0042c0c0       0xa0 /usr/lib/gcc/i686-pc-cygwin/4.9.2/libgfortran.a(write.o)
 .text$show_boolean
                0x0042c160       0x70 /usr/lib/gcc/i686-pc-cygwin/4.9.2/libgfortran.a(environ.o)
 .text$show_integer
                0x0042c1d0       0x60 /usr/lib/gcc/i686-pc-cygwin/4.9.2/libgfortran.a(environ.o)
 .text$show_sep
                0x0042c230       0x60 /usr/lib/gcc/i686-pc-cygwin/4.9.2/libgfortran.a(environ.o)
 .text$show_string
                0x0042c290       0x80 /usr/lib/gcc/i686-pc-cygwin/4.9.2/libgfortran.a(environ.o)
 .text$skip_record
                0x0042c310      0x130 /usr/lib/gcc/i686-pc-cygwin/4.9.2/libgfortran.a(transfer.o)
 .text$sset     0x0042c440       0xf0 /usr/lib/gcc/i686-pc-cygwin/4.9.2/libgfortran.a(transfer.o)
 .text$tempfile_open
                0x0042c530       0xb0 /usr/lib/gcc/i686-pc-cygwin/4.9.2/libgfortran.a(unix.o)
 .text$test_endfile.isra.0.part.1
                0x0042c5e0       0x50 /usr/lib/gcc/i686-pc-cygwin/4.9.2/libgfortran.a(open.o)
 .text$trace_function
                0x0042c630      0x210 /usr/lib/gcc/i686-pc-cygwin/4.9.2/libgfortran.a(backtrace.o)
 .text$unformatted_read
                0x0042c840      0x390 /usr/lib/gcc/i686-pc-cygwin/4.9.2/libgfortran.a(transfer.o)
 .text$unformatted_write
                0x0042cbd0       0x60 /usr/lib/gcc/i686-pc-cygwin/4.9.2/libgfortran.a(transfer.o)
 .text$unformatted_write.part.4
                0x0042cc30       0xe0 /usr/lib/gcc/i686-pc-cygwin/4.9.2/libgfortran.a(transfer.o)
 .text$us_read  0x0042cd10      0x180 /usr/lib/gcc/i686-pc-cygwin/4.9.2/libgfortran.a(transfer.o)
 .text$us_write
                0x0042ce90       0x90 /usr/lib/gcc/i686-pc-cygwin/4.9.2/libgfortran.a(transfer.o)
 .text$write_boz.isra.8
                0x0042cf20      0x2c0 /usr/lib/gcc/i686-pc-cygwin/4.9.2/libgfortran.a(write.o)
 .text$write_buf
                0x0042d1e0      0x260 /usr/lib/gcc/i686-pc-cygwin/4.9.2/libgfortran.a(transfer.o)
 .text$write_char
                0x0042d440       0x50 /usr/lib/gcc/i686-pc-cygwin/4.9.2/libgfortran.a(write.o)
 .text$write_character
                0x0042d490      0x240 /usr/lib/gcc/i686-pc-cygwin/4.9.2/libgfortran.a(write.o)
 .text$write_complex
                0x0042d6d0       0x90 /usr/lib/gcc/i686-pc-cygwin/4.9.2/libgfortran.a(write.o)
 .text$write_default_char4
                0x0042d760      0x1a0 /usr/lib/gcc/i686-pc-cygwin/4.9.2/libgfortran.a(write.o)
 .text$write_float
                0x0042d900     0x2380 /usr/lib/gcc/i686-pc-cygwin/4.9.2/libgfortran.a(write.o)
 .text$write_infnan.isra.3
                0x0042fc80      0x320 /usr/lib/gcc/i686-pc-cygwin/4.9.2/libgfortran.a(write.o)
 .text$write_integer
                0x0042ffa0      0x280 /usr/lib/gcc/i686-pc-cygwin/4.9.2/libgfortran.a(write.o)
 .text$write_us_marker.isra.3
                0x00430220      0x110 /usr/lib/gcc/i686-pc-cygwin/4.9.2/libgfortran.a(transfer.o)
 .text$write_utf8_char4
                0x00430330      0x1b0 /usr/lib/gcc/i686-pc-cygwin/4.9.2/libgfortran.a(write.o)
 *(.text.*)
 .text.unlikely
                0x004304e0        0x0 /usr/lib/gcc/i686-pc-cygwin/4.9.2/crtbegin.o
 .text.unlikely
                0x004304e0        0x0 obj/dimen.o
 .text.startup  0x004304e0       0x40 obj/dimen.o
                0x004304e0                main
 .text.unlikely
                0x00430520        0x0 obj/getoptm.o
 .text.unlikely
                0x00430520        0x0 obj/gener.o
 .text.unlikely
                0x00430520        0x0 obj/param.o
 .text.unlikely
                0x00430520        0x0 obj/mensamod.o
 .text.unlikely
                0x00430520        0x0 obj/optionsm.o
 .text.unlikely
                0x00430520        0x0 obj/debugm.o
 .text.unlikely.__gfortrani_backtrace_handler
                0x00430520        0x0 /usr/lib/gcc/i686-pc-cygwin/4.9.2/libgfortran.a(compile_options.o)
 .text.unlikely.__gfortran_set_options
                0x00430520        0x0 /usr/lib/gcc/i686-pc-cygwin/4.9.2/libgfortran.a(compile_options.o)
 .text.unlikely.__gfortrani_init_compile_options
                0x00430520        0x0 /usr/lib/gcc/i686-pc-cygwin/4.9.2/libgfortran.a(compile_options.o)
 .text.unlikely.__gfortran_set_convert
                0x00430520        0x0 /usr/lib/gcc/i686-pc-cygwin/4.9.2/libgfortran.a(compile_options.o)
 .text.unlikely.__gfortran_set_record_marker
                0x00430520        0x0 /usr/lib/gcc/i686-pc-cygwin/4.9.2/libgfortran.a(compile_options.o)
 .text.unlikely.__gfortran_set_max_subrecord_length
                0x00430520        0x0 /usr/lib/gcc/i686-pc-cygwin/4.9.2/libgfortran.a(compile_options.o)
 .text.unlikely.init_string
                0x00430520        0x0 /usr/lib/gcc/i686-pc-cygwin/4.9.2/libgfortran.a(environ.o)
 .text.unlikely.search_unit
                0x00430520        0x0 /usr/lib/gcc/i686-pc-cygwin/4.9.2/libgfortran.a(environ.o)
 .text.unlikely.init_boolean
                0x00430520        0x0 /usr/lib/gcc/i686-pc-cygwin/4.9.2/libgfortran.a(environ.o)
 .text.unlikely.init_sep
                0x00430520        0x0 /usr/lib/gcc/i686-pc-cygwin/4.9.2/libgfortran.a(environ.o)
 .text.unlikely.match_word
                0x00430520        0x0 /usr/lib/gcc/i686-pc-cygwin/4.9.2/libgfortran.a(environ.o)
 .text.unlikely.next_token
                0x00430520        0x0 /usr/lib/gcc/i686-pc-cygwin/4.9.2/libgfortran.a(environ.o)
 .text.unlikely.show_sep
                0x00430520        0x0 /usr/lib/gcc/i686-pc-cygwin/4.9.2/libgfortran.a(environ.o)
 .text.unlikely.show_boolean
                0x00430520        0x0 /usr/lib/gcc/i686-pc-cygwin/4.9.2/libgfortran.a(environ.o)
 .text.unlikely.show_integer
                0x00430520        0x0 /usr/lib/gcc/i686-pc-cygwin/4.9.2/libgfortran.a(environ.o)
 .text.unlikely.init_unsigned_integer
                0x00430520        0x0 /usr/lib/gcc/i686-pc-cygwin/4.9.2/libgfortran.a(environ.o)
 .text.unlikely.init_integer
                0x00430520        0x0 /usr/lib/gcc/i686-pc-cygwin/4.9.2/libgfortran.a(environ.o)
 .text.unlikely.show_string
                0x00430520        0x0 /usr/lib/gcc/i686-pc-cygwin/4.9.2/libgfortran.a(environ.o)
 .text.unlikely.mark_single
                0x00430520        0x0 /usr/lib/gcc/i686-pc-cygwin/4.9.2/libgfortran.a(environ.o)
 .text.unlikely.do_parse
                0x00430520        0x0 /usr/lib/gcc/i686-pc-cygwin/4.9.2/libgfortran.a(environ.o)
 .text.unlikely.init_unformatted
                0x00430520        0x0 /usr/lib/gcc/i686-pc-cygwin/4.9.2/libgfortran.a(environ.o)
 .text.unlikely.__gfortrani_secure_getenv
                0x00430520        0x0 /usr/lib/gcc/i686-pc-cygwin/4.9.2/libgfortran.a(environ.o)
 .text.unlikely.__gfortrani_init_variables
                0x00430520        0x0 /usr/lib/gcc/i686-pc-cygwin/4.9.2/libgfortran.a(environ.o)
 .text.unlikely.__gfortrani_show_variables
                0x00430520        0x0 /usr/lib/gcc/i686-pc-cygwin/4.9.2/libgfortran.a(environ.o)
 .text.unlikely.__gfortrani_get_unformatted_convert
                0x00430520        0x0 /usr/lib/gcc/i686-pc-cygwin/4.9.2/libgfortran.a(environ.o)
 .text.unlikely.__gfortrani_estr_write
                0x00430520        0x0 /usr/lib/gcc/i686-pc-cygwin/4.9.2/libgfortran.a(error.o)
 .text.unlikely.__gfortrani_st_vprintf
                0x00430520        0x0 /usr/lib/gcc/i686-pc-cygwin/4.9.2/libgfortran.a(error.o)
 .text.unlikely.__gfortrani_st_printf
                0x00430520        0x0 /usr/lib/gcc/i686-pc-cygwin/4.9.2/libgfortran.a(error.o)
 .text.unlikely.__gfortrani_sys_abort
                0x00430520        0x0 /usr/lib/gcc/i686-pc-cygwin/4.9.2/libgfortran.a(error.o)
 .text.unlikely.__gfortrani_gfc_xtoa
                0x00430520        0x0 /usr/lib/gcc/i686-pc-cygwin/4.9.2/libgfortran.a(error.o)
 .text.unlikely.__gfortrani_gf_strerror
                0x00430520        0x0 /usr/lib/gcc/i686-pc-cygwin/4.9.2/libgfortran.a(error.o)
 .text.unlikely.__gfortrani_show_locus
                0x00430520        0x0 /usr/lib/gcc/i686-pc-cygwin/4.9.2/libgfortran.a(error.o)
 .text.unlikely.__gfortran_os_error
                0x00430520        0x0 /usr/lib/gcc/i686-pc-cygwin/4.9.2/libgfortran.a(error.o)
 .text.unlikely.__gfortran_runtime_error