Archive member included to satisfy reference by file (symbol)

/usr/lib/gcc/i686-pc-cygwin/4.9.2/libgfortran.a(compile_options.o)
                              obj/imploc.o (_gfortran_set_options)
/usr/lib/gcc/i686-pc-cygwin/4.9.2/libgfortran.a(environ.o)
                              /usr/lib/gcc/i686-pc-cygwin/4.9.2/libgfortran.a(compile_options.o) (_gfortrani_options)
/usr/lib/gcc/i686-pc-cygwin/4.9.2/libgfortran.a(error.o)
                              /usr/lib/gcc/i686-pc-cygwin/4.9.2/libgfortran.a(compile_options.o) (_gfortrani_estr_write)
/usr/lib/gcc/i686-pc-cygwin/4.9.2/libgfortran.a(main.o)
                              /usr/lib/gcc/i686-pc-cygwin/4.9.2/libgfortran.a(error.o) (_gfortrani_stupid_function_name_for_static_linking)
/usr/lib/gcc/i686-pc-cygwin/4.9.2/libgfortran.a(memory.o)
                              /usr/lib/gcc/i686-pc-cygwin/4.9.2/libgfortran.a(main.o) (_gfortrani_xmalloc)
/usr/lib/gcc/i686-pc-cygwin/4.9.2/libgfortran.a(stop.o)
                              obj/imploc.o (_gfortran_stop_numeric_f08)
/usr/lib/gcc/i686-pc-cygwin/4.9.2/libgfortran.a(string.o)
                              /usr/lib/gcc/i686-pc-cygwin/4.9.2/libgfortran.a(error.o) (_gfortrani_cf_strcpy)
/usr/lib/gcc/i686-pc-cygwin/4.9.2/libgfortran.a(close.o)
                              obj/imploc.o (_gfortran_st_close)
/usr/lib/gcc/i686-pc-cygwin/4.9.2/libgfortran.a(file_pos.o)
                              obj/lcomm.o (_gfortran_st_backspace)
/usr/lib/gcc/i686-pc-cygwin/4.9.2/libgfortran.a(inquire.o)
                              obj/io_list.o (_gfortran_st_inquire)
/usr/lib/gcc/i686-pc-cygwin/4.9.2/libgfortran.a(lock.o)
                              /usr/lib/gcc/i686-pc-cygwin/4.9.2/libgfortran.a(close.o) (_gfortrani_library_start)
/usr/lib/gcc/i686-pc-cygwin/4.9.2/libgfortran.a(open.o)
                              /usr/lib/gcc/i686-pc-cygwin/4.9.2/libgfortran.a(file_pos.o) (_gfortrani_new_unit)
/usr/lib/gcc/i686-pc-cygwin/4.9.2/libgfortran.a(transfer.o)
                              obj/imploc.o (_gfortran_transfer_integer)
/usr/lib/gcc/i686-pc-cygwin/4.9.2/libgfortran.a(unit.o)
                              /usr/lib/gcc/i686-pc-cygwin/4.9.2/libgfortran.a(close.o) (_gfortrani_find_unit)
/usr/lib/gcc/i686-pc-cygwin/4.9.2/libgfortran.a(unix.o)
                              /usr/lib/gcc/i686-pc-cygwin/4.9.2/libgfortran.a(transfer.o) (_gfortrani_flush_if_preconnected)
/usr/lib/gcc/i686-pc-cygwin/4.9.2/libgfortran.a(write.o)
                              /usr/lib/gcc/i686-pc-cygwin/4.9.2/libgfortran.a(transfer.o) (_gfortrani_write_a)
/usr/lib/gcc/i686-pc-cygwin/4.9.2/libgfortran.a(fbuf.o)
                              /usr/lib/gcc/i686-pc-cygwin/4.9.2/libgfortran.a(open.o) (_gfortrani_fbuf_init)
/usr/lib/gcc/i686-pc-cygwin/4.9.2/libgfortran.a(args.o)
                              obj/getoptm.o (_gfortran_iargc)
/usr/lib/gcc/i686-pc-cygwin/4.9.2/libgfortran.a(chdir.o)
                              obj/gener.o (_gfortran_chdir_i4_sub)
/usr/lib/gcc/i686-pc-cygwin/4.9.2/libgfortran.a(date_and_time.o)
                              obj/gener.o (_gfortran_date_and_time)
/usr/lib/gcc/i686-pc-cygwin/4.9.2/libgfortran.a(string_intrinsics.o)
                              obj/imploc.o (_gfortran_compare_string)
/usr/lib/gcc/i686-pc-cygwin/4.9.2/libgfortran.a(random.o)
                              /usr/lib/gcc/i686-pc-cygwin/4.9.2/libgfortran.a(main.o) (_gfortran_random_seed_i4)
/usr/lib/gcc/i686-pc-cygwin/4.9.2/libgfortran.a(backtrace.o)
                              /usr/lib/gcc/i686-pc-cygwin/4.9.2/libgfortran.a(compile_options.o) (_gfortran_backtrace)
/usr/lib/gcc/i686-pc-cygwin/4.9.2/libgfortran.a(fpu.o)
                              /usr/lib/gcc/i686-pc-cygwin/4.9.2/libgfortran.a(main.o) (_gfortrani_set_fpu)
/usr/lib/gcc/i686-pc-cygwin/4.9.2/libgfortran.a(format.o)
                              /usr/lib/gcc/i686-pc-cygwin/4.9.2/libgfortran.a(transfer.o) (_gfortrani_free_format_data)
/usr/lib/gcc/i686-pc-cygwin/4.9.2/libgfortran.a(list_read.o)
                              /usr/lib/gcc/i686-pc-cygwin/4.9.2/libgfortran.a(transfer.o) (_gfortrani_list_formatted_read)
/usr/lib/gcc/i686-pc-cygwin/4.9.2/libgfortran.a(read.o)
                              /usr/lib/gcc/i686-pc-cygwin/4.9.2/libgfortran.a(list_read.o) (_gfortrani_set_integer)
/usr/lib/gcc/i686-pc-cygwin/4.9.2/libgfortran.a(size_from_kind.o)
                              /usr/lib/gcc/i686-pc-cygwin/4.9.2/libgfortran.a(transfer.o) (_gfortrani_size_from_real_kind)
/usr/lib/gcc/i686-pc-cygwin/4.9.2/libgcc.a(_chkstk_ms.o)
                              obj/imploc.o (__chkstk_ms)
/usr/lib/gcc/i686-pc-cygwin/4.9.2/libgcc.a(_divdi3.o)
                              /usr/lib/gcc/i686-pc-cygwin/4.9.2/libgfortran.a(open.o) (__divdi3)
/usr/lib/gcc/i686-pc-cygwin/4.9.2/libgcc.a(_udivdi3.o)
                              /usr/lib/gcc/i686-pc-cygwin/4.9.2/libgfortran.a(write.o) (__udivdi3)
/usr/lib/gcc/i686-pc-cygwin/4.9.2/libgcc.a(_umoddi3.o)
[...]
Memory Configuration

Name             Origin             Length             Attributes
*default*        0x00000000         0xffffffff

Linker script and memory map

                0x00400000                __image_base__ = 0x400000
                0x00000000                __dll__ = 0x0
                0x00400000                ___ImageBase = 0x400000
                0x00001000                __section_alignment__ = 0x1000
                0x00000200                __file_alignment__ = 0x200
                0x00000004                __major_os_version__ = 0x4
                0x00000000                __minor_os_version__ = 0x0
                0x00000001                __major_image_version__ = 0x1
                0x00000000                __minor_image_version__ = 0x0
                0x00000004                __major_subsystem_version__ = 0x4
                0x00000000                __minor_subsystem_version__ = 0x0
                0x00000003                __subsystem__ = 0x3
                0x00200000                __size_of_stack_reserve__ = 0x200000
                0x00001000                __size_of_stack_commit__ = 0x1000
                0x00100000                __size_of_heap_reserve__ = 0x100000
                0x00001000                __size_of_heap_commit__ = 0x1000
                0x00000000                __loader_flags__ = 0x0
                0x00008000                __dll_characteristics__ = 0x8000
LOAD /usr/lib/gcc/i686-pc-cygwin/4.9.2/../../../crt0.o
LOAD /usr/lib/gcc/i686-pc-cygwin/4.9.2/crtbegin.o
LOAD obj/imploc.o
LOAD obj/io_list.o
LOAD obj/mensamod.o
LOAD obj/zcomm.o
LOAD obj/getoptm.o
LOAD obj/mlogit.o
LOAD obj/mpowit.o
LOAD obj/distribm.o
LOAD obj/lcomm.o
LOAD obj/control.o
LOAD obj/gener.o
LOAD obj/param.o
LOAD obj/lparc.o
LOAD obj/optionsm.o
LOAD obj/debugm.o
LOAD /usr/lib/gcc/i686-pc-cygwin/4.9.2/libgfortran.a
LOAD /usr/lib/gcc/i686-pc-cygwin/4.9.2/libgcc.a
LOAD /usr/lib/gcc/i686-pc-cygwin/4.9.2/libgcc_eh.a
LOAD /usr/lib/gcc/i686-pc-cygwin/4.9.2/libquadmath.a
LOAD /usr/lib/gcc/i686-pc-cygwin/4.9.2/../../../libm.a
LOAD /usr/lib/gcc/i686-pc-cygwin/4.9.2/libgcc.a
LOAD /usr/lib/gcc/i686-pc-cygwin/4.9.2/libgcc_eh.a
LOAD /usr/lib/gcc/i686-pc-cygwin/4.9.2/../../../libcygwin.a
LOAD /usr/lib/w32api/libadvapi32.a
LOAD /usr/lib/w32api/libshell32.a
LOAD /usr/lib/w32api/libuser32.a
LOAD /usr/lib/w32api/libkernel32.a
LOAD /usr/lib/gcc/i686-pc-cygwin/4.9.2/libgcc.a
LOAD /usr/lib/gcc/i686-pc-cygwin/4.9.2/libgcc_eh.a
LOAD /usr/lib/gcc/i686-pc-cygwin/4.9.2/../../../default-manifest.o
LOAD /usr/lib/gcc/i686-pc-cygwin/4.9.2/crtend.o
                0x00000420                . = SIZEOF_HEADERS
                0x00001000                . = ALIGN (__section_alignment__)

.text           0x00401000    0x40a00
 *(.init)
 *(.text)
 .text          0x00401000       0x90 /usr/lib/gcc/i686-pc-cygwin/4.9.2/../../../crt0.o
                0x00401000                WinMainCRTStartup
                0x00401000                mainCRTStartup
 .text          0x00401090      0x110 /usr/lib/gcc/i686-pc-cygwin/4.9.2/crtbegin.o
                0x00401090                __gcc_register_frame
                0x00401180                __gcc_deregister_frame
 .text          0x004011a0     0x4db0 obj/imploc.o
                0x004011a0                usage_
 .text          0x00405f50     0x1290 obj/io_list.o
                0x00406360                __io_list_MOD_checkread
                0x00406400                __io_list_MOD_checklistitem
                0x00406620                __io_list_MOD_checklistend
                0x00406840                __io_list_MOD_checklistbegin
                0x00406c40                __io_list_MOD_readlistbegin
                0x00406e70                __io_list_MOD_iocheckeq
                0x00406eb0                __io_list_MOD_ioassert
                0x00407070                __io_list_MOD_writelistitem
                0x004070e0                __io_list_MOD_writelistend
                0x00407150                __io_list_MOD_writelistbegin
 .text          0x004071e0      0x5b0 obj/mensamod.o
                0x004071e0                __mensamod_MOD_msgtext
                0x00407200                __mensamod_MOD_fimd_msg_pos
                0x00407210                __mensamod_MOD_mensas
                0x004073e0                __mensamod_MOD_mensa
                0x00407770                __mensamod_MOD_logmsg
 .text          0x00407790      0x9a0 obj/zcomm.o
                0x00407790                __zcomm_MOD_zonsubzon
                0x00407830                __zcomm_MOD_leez1e
 .text          0x00408130     0x28f0 obj/getoptm.o
                0x00408130                __getoptm_MOD_explainstdoptions
                0x00408370                __getoptm_MOD_stdusage
                0x00408680                __getoptm_MOD_prognam
                0x00408860                __getoptm_MOD_parseopts
                0x00408a20                __getoptm_MOD_getopts
                0x00409b20                __getoptm_MOD_optarg
                0x00409cd0                __getoptm_MOD_optargfrange
                0x00409e20                __getoptm_MOD_optargirange
                0x00409f70                __getoptm_MOD_optargrange
                0x0040a0c0                __getoptm_MOD_doptarg
                0x0040a200                __getoptm_MOD_ioptarg
                0x0040a350                __getoptm_MOD_dostdopts
                0x0040a920                __getoptm_MOD_optv
                0x0040a940                __getoptm_MOD_optc
                0x0040a950                __getoptm_MOD_paramv
                0x0040a980                __getoptm_MOD_paramc
                0x0040a990                __getoptm_MOD_argv
                0x0040a9b0                __getoptm_MOD_argc
                0x0040a9c0                __getoptm_MOD_hasopt
                0x0040aa10                __getoptm_MOD_hasopts
 .text          0x0040aa20      0xae0 obj/mlogit.o
                0x0040aa20                __mlogit_MOD_actual_logit
                0x0040b450                __mlogit_MOD_logit
 .text          0x0040b500      0x380 obj/mpowit.o
                0x0040b500                __mpowit_MOD_powit
 .text          0x0040b880      0x120 obj/distribm.o
                0x0040b880                __distribm_MOD_distriberror
 .text          0x0040b9a0     0x7310 obj/lcomm.o
                0x0040b9a0                __lcomm_MOD_calculatenewstocks
                0x0040bb10                __lcomm_MOD_readsubst
                0x0040c140                __lcomm_MOD_leel1e
                0x0040e1e0                __lcomm_MOD_probint
                0x0040e920                __lcomm_MOD_distrib
                0x0040f360                __lcomm_MOD_locin
                0x0040f720                __lcomm_MOD_consumo
                0x0040fc50                __lcomm_MOD_demanda
                0x0040fe80                __lcomm_MOD_restpro
                0x00410c30                __lcomm_MOD_rdlpar
                0x00411630                __lcomm_MOD_leel1s
                0x00411d60                __lcomm_MOD_wrlpar
                0x00412640                __lcomm_MOD_gral1s
 .text          0x00412cb0     0x2fd0 obj/control.o
                0x00412cb0                __control_MOD_skippolinfo
                0x00412e70                __control_MOD_readpolinfo
                0x00413020                __control_MOD_writepolinfo
                0x00413260                __control_MOD_newpolfile
                0x004136b0                __control_MOD_newpol
                0x00413b90                __control_MOD_initpol
                0x00414830                __control_MOD_findpol
                0x004148c0                __control_MOD_checkpol
                0x004149a0                __control_MOD_polfilename
                0x00414be0                __control_MOD_getpoldata
                0x00414ca0                __control_MOD_prevpol
                0x00414f30                __control_MOD_findpolfile
                0x00415710                __control_MOD_openpolfile
                0x00415760                __control_MOD_polfileexists
 .text          0x00415c80     0x2220 obj/gener.o
                0x00415c80                __gener_MOD_fmtval
                0x00415d50                __gener_MOD_integertostring
                0x00415e10                __gener_MOD_lxor
                0x00415e30                __gener_MOD_hourstostring
                0x00415f60                __gener_MOD_isinfd
                0x00415f90                __gener_MOD_isinf
                0x00415fc0                __gener_MOD_ifindnum
                0x00416000                __gener_MOD_getnextfilesection
                0x00416290                __gener_MOD_checknextfilesection
                0x004164b0                __gener_MOD_checkstatus
                0x004164e0                __gener_MOD_upper
                0x00416510                __gener_MOD_sali
                0x00416a70                __gener_MOD_intnum
                0x00416ab0                __gener_MOD_tiejec
                0x00416c30                __gener_MOD_getcurrentdate
                0x00416cd0                __gener_MOD_getcurrenttime
                0x00416d50                __gener_MOD_checkiu
                0x00416f80                __gener_MOD_check
                0x00416fc0                __gener_MOD_creaarch
                0x004170e0                __gener_MOD_abre
                0x004172f0                __gener_MOD_ident
                0x00417960                __gener_MOD_init
                0x00417e70                __gener_MOD_setcurrentdirectory
 .text          0x00417ea0       0x10 obj/param.o
                0x00417ea0                __param_MOD_param_init
 .text          0x00417eb0        0x0 obj/lparc.o
 .text          0x00417eb0       0xf0 obj/optionsm.o
                0x00417eb0                __optionsm_MOD_dirsep
 .text          0x00417fa0      0x6d0 obj/debugm.o
                0x00418010                __debugm_MOD_setdebuglevel
                0x00418020                __debugm_MOD_info
                0x00418060                __debugm_MOD_verbose
                0x004180a0                __debugm_MOD_debug
                0x004180e0                __debugm_MOD_fail
                0x004181e0                __debugm_MOD_assertchareq
                0x00418430                __debugm_MOD_assertinteq
                0x00418630                __debugm_MOD_assert
 .text          0x00418670        0x0 /usr/lib/gcc/i686-pc-cygwin/4.9.2/libgfortran.a(compile_options.o)
 .text          0x00418670        0x0 /usr/lib/gcc/i686-pc-cygwin/4.9.2/libgfortran.a(environ.o)
 .text          0x00418670        0x0 /usr/lib/gcc/i686-pc-cygwin/4.9.2/libgfortran.a(error.o)
 .text          0x00418670        0x0 /usr/lib/gcc/i686-pc-cygwin/4.9.2/libgfortran.a(main.o)
 .text          0x00418670        0x0 /usr/lib/gcc/i686-pc-cygwin/4.9.2/libgfortran.a(memory.o)
 .text          0x00418670        0x0 /usr/lib/gcc/i686-pc-cygwin/4.9.2/libgfortran.a(stop.o)
 .text          0x00418670        0x0 /usr/lib/gcc/i686-pc-cygwin/4.9.2/libgfortran.a(string.o)
 .text          0x00418670        0x0 /usr/lib/gcc/i686-pc-cygwin/4.9.2/libgfortran.a(close.o)
 .text          0x00418670        0x0 /usr/lib/gcc/i686-pc-cygwin/4.9.2/libgfortran.a(file_pos.o)
 .text          0x00418670        0x0 /usr/lib/gcc/i686-pc-cygwin/4.9.2/libgfortran.a(inquire.o)
 .text          0x00418670        0x0 /usr/lib/gcc/i686-pc-cygwin/4.9.2/libgfortran.a(lock.o)
 .text          0x00418670        0x0 /usr/lib/gcc/i686-pc-cygwin/4.9.2/libgfortran.a(open.o)
 .text          0x00418670        0x0 /usr/lib/gcc/i686-pc-cygwin/4.9.2/libgfortran.a(transfer.o)
 .text          0x00418670        0x0 /usr/lib/gcc/i686-pc-cygwin/4.9.2/libgfortran.a(unit.o)
 .text          0x00418670        0x0 /usr/lib/gcc/i686-pc-cygwin/4.9.2/libgfortran.a(unix.o)
 .text          0x00418670        0x0 /usr/lib/gcc/i686-pc-cygwin/4.9.2/libgfortran.a(write.o)
 .text          0x00418670        0x0 /usr/lib/gcc/i686-pc-cygwin/4.9.2/libgfortran.a(fbuf.o)
 .text          0x00418670        0x0 /usr/lib/gcc/i686-pc-cygwin/4.9.2/libgfortran.a(args.o)
 .text          0x00418670        0x0 /usr/lib/gcc/i686-pc-cygwin/4.9.2/libgfortran.a(chdir.o)
 .text          0x00418670        0x0 /usr/lib/gcc/i686-pc-cygwin/4.9.2/libgfortran.a(date_and_time.o)
 .text          0x00418670        0x0 /usr/lib/gcc/i686-pc-cygwin/4.9.2/libgfortran.a(string_intrinsics.o)
 .text          0x00418670        0x0 /usr/lib/gcc/i686-pc-cygwin/4.9.2/libgfortran.a(random.o)
 .text          0x00418670        0x0 /usr/lib/gcc/i686-pc-cygwin/4.9.2/libgfortran.a(backtrace.o)
 .text          0x00418670        0x0 /usr/lib/gcc/i686-pc-cygwin/4.9.2/libgfortran.a(fpu.o)
 .text          0x00418670        0x0 /usr/lib/gcc/i686-pc-cygwin/4.9.2/libgfortran.a(format.o)
 .text          0x00418670        0x0 /usr/lib/gcc/i686-pc-cygwin/4.9.2/libgfortran.a(list_read.o)
 .text          0x00418670        0x0 /usr/lib/gcc/i686-pc-cygwin/4.9.2/libgfortran.a(read.o)
 .text          0x00418670        0x0 /usr/lib/gcc/i686-pc-cygwin/4.9.2/libgfortran.a(size_from_kind.o)
 .text          0x00418670       0x2c /usr/lib/gcc/i686-pc-cygwin/4.9.2/libgcc.a(_chkstk_ms.o)
                0x00418670                __chkstk_ms
 *fill*         0x0041869c        0x4 
 .text          0x004186a0      0x1a0 /usr/lib/gcc/i686-pc-cygwin/4.9.2/libgcc.a(_divdi3.o)
                0x004186a0                __divdi3
 .text          0x00418840      0x110 /usr/lib/gcc/i686-pc-cygwin/4.9.2/libgcc.a(_udivdi3.o)
                0x00418840                __udivdi3
 .text          0x00418950      0x160 /usr/lib/gcc/i686-pc-cygwin/4.9.2/libgcc.a(_umoddi3.o)
                0x00418950                __umoddi3
 .text          0x00418ab0     0x2260 /usr/lib/gcc/i686-pc-cygwin/4.9.2/libgcc.a(addtf3.o)
                0x00418ab0                __addtf3
 .text          0x0041ad10     0x12a0 /usr/lib/gcc/i686-pc-cygwin/4.9.2/libgcc.a(divtf3.o)
                0x0041ad10                __divtf3
 .text          0x0041bfb0      0x220 /usr/lib/gcc/i686-pc-cygwin/4.9.2/libgcc.a(eqtf2.o)
                0x0041bfb0                __netf2
                0x0041bfb0                __eqtf2
 .text          0x0041c1d0      0x1f0 /usr/lib/gcc/i686-pc-cygwin/4.9.2/libgcc.a(getf2.o)
                0x0041c1d0                __gttf2
                0x0041c1d0                __getf2
 .text          0x0041c3c0      0x1d0 /usr/lib/gcc/i686-pc-cygwin/4.9.2/libgcc.a(letf2.o)
                0x0041c3c0                __letf2
                0x0041c3c0                __lttf2
 .text          0x0041c590     0x1170 /usr/lib/gcc/i686-pc-cygwin/4.9.2/libgcc.a(multf3.o)
                0x0041c590                __multf3
 .text          0x0041d700     0x21e0 /usr/lib/gcc/i686-pc-cygwin/4.9.2/libgcc.a(subtf3.o)
                0x0041d700                __subtf3
 .text          0x0041f8e0      0x170 /usr/lib/gcc/i686-pc-cygwin/4.9.2/libgcc.a(floatunditf.o)
                0x0041f8e0                __floatunditf
 .text          0x0041fa50       0x80 /usr/lib/gcc/i686-pc-cygwin/4.9.2/libgcc.a(sfp-exceptions.o)
                0x0041fa50                __sfp_handle_exceptions
 .text          0x0041fad0     0x2480 /usr/lib/gcc/i686-pc-cygwin/4.9.2/libgcc_eh.a(unwind-dw2.o)
                0x00421900                _Unwind_GetGR
                0x00421950                _Unwind_GetCFA
                0x00421960                _Unwind_SetGR
                0x004219b0                _Unwind_GetIP
                0x004219c0                _Unwind_GetIPInfo
                0x004219e0                _Unwind_SetIP
                0x004219f0                _Unwind_GetLanguageSpecificData
                0x00421a00                _Unwind_GetRegionStart
                0x00421a10                _Unwind_FindEnclosingFunction
                0x00421a50                _Unwind_GetDataRelBase
                0x00421a60                _Unwind_GetTextRelBase
                0x00421a70                __frame_state_for
                0x00421b60                _Unwind_RaiseException
                0x00421cc0                _Unwind_ForcedUnwind
                0x00421d60                _Unwind_Resume
                0x00421e00                _Unwind_Resume_or_Rethrow
                0x00421eb0                _Unwind_DeleteException
                0x00421ed0                _Unwind_Backtrace
 .text          0x00421f50     0x1400 /usr/lib/gcc/i686-pc-cygwin/4.9.2/libgcc_eh.a(unwind-dw2-fde.o)
                0x00422eb0                __register_frame_info_bases
                0x00422f20                __register_frame_info
                0x00422fa0                __register_frame
                0x00423020                __register_frame_info_table_bases
                0x00423080                __register_frame_info_table
                0x004230b0                __register_frame_table
                0x004230f0                __deregister_frame_info_bases
                0x004231d0                __deregister_frame_info
                0x004231e0                __deregister_frame
                0x00423210                _Unwind_Find_FDE
 .text          0x00423350       0x60 /usr/lib/gcc/i686-pc-cygwin/4.9.2/libquadmath.a(isnanq.o)
                0x00423350                isnanq
 .text          0x004233b0       0x20 /usr/lib/gcc/i686-pc-cygwin/4.9.2/libquadmath.a(signbitq.o)
                0x004233b0                signbitq
 .text          0x004233d0       0x30 /usr/lib/gcc/i686-pc-cygwin/4.9.2/libquadmath.a(finiteq.o)
                0x004233d0                finiteq
 .text          0x00423400        0x8 /usr/lib/gcc/i686-pc-cygwin/4.9.2/../../../libm.a(t-d000936.o)
                0x00423400                exp
 .text          0x00423408        0x8 /usr/lib/gcc/i686-pc-cygwin/4.9.2/../../../libm.a(t-d001018.o)
                0x00423408                fmod
 .text          0x00423410        0x8 /usr/lib/gcc/i686-pc-cygwin/4.9.2/../../../libm.a(t-d001294.o)
                0x00423410                log
 .text          0x00423418        0x8 /usr/lib/gcc/i686-pc-cygwin/4.9.2/../../../libm.a(t-d001448.o)
                0x00423418                pow
 .text          0x00423420        0x0 /usr/lib/gcc/i686-pc-cygwin/4.9.2/../../../libcygwin.a(d000025.o)
 .text          0x00423420        0x8 /usr/lib/gcc/i686-pc-cygwin/4.9.2/../../../libcygwin.a(t-d000019.o)
                0x00423420                __assert_func
 .text          0x00423428        0x8 /usr/lib/gcc/i686-pc-cygwin/4.9.2/../../../libcygwin.a(t-d000026.o)
                0x00423428                __cxa_atexit
 .text          0x00423430        0x8 /usr/lib/gcc/i686-pc-cygwin/4.9.2/../../../libcygwin.a(t-d000040.o)
                0x00423430                __errno
 .text          0x00423438        0x8 /usr/lib/gcc/i686-pc-cygwin/4.9.2/../../../libcygwin.a(t-d000070.o)
                0x00423438                __getreent
 .text          0x00423440        0x8 /usr/lib/gcc/i686-pc-cygwin/4.9.2/../../../libcygwin.a(t-d000077.o)
                0x00423440                __main
 .text          0x00423448        0x8 /usr/lib/gcc/i686-pc-cygwin/4.9.2/../../../libcygwin.a(t-d000224.o)
                0x00423448                _exit
 .text          0x00423450        0x8 /usr/lib/gcc/i686-pc-cygwin/4.9.2/../../../libcygwin.a(t-d000682.o)
                0x00423450                abort
 .text          0x00423458        0x8 /usr/lib/gcc/i686-pc-cygwin/4.9.2/../../../libcygwin.a(t-d000686.o)
                0x00423458                access
 .text          0x00423460        0x8 /usr/lib/gcc/i686-pc-cygwin/4.9.2/../../../libcygwin.a(t-d000737.o)
                0x00423460                atoi
 .text          0x00423468        0x8 /usr/lib/gcc/i686-pc-cygwin/4.9.2/../../../libcygwin.a(t-d000755.o)
                0x00423468                calloc
 .text          0x00423470        0x8 /usr/lib/gcc/i686-pc-cygwin/4.9.2/../../../libcygwin.a(t-d000783.o)
                0x00423470                chdir
 .text          0x00423478        0x8 /usr/lib/gcc/i686-pc-cygwin/4.9.2/../../../libcygwin.a(t-d000801.o)
                0x00423478                close
 .text          0x00423480        0x8 /usr/lib/gcc/i686-pc-cygwin/4.9.2/../../../libcygwin.a(t-d000893.o)
                0x00423480                dup
 .text          0x00423488        0x8 /usr/lib/gcc/i686-pc-cygwin/4.9.2/../../../libcygwin.a(t-d000894.o)
                0x00423488                dup2
 .text          0x00423490        0x8 /usr/lib/gcc/i686-pc-cygwin/4.9.2/../../../libcygwin.a(t-d000932.o)
                0x00423490                execve
 .text          0x00423498        0x8 /usr/lib/gcc/i686-pc-cygwin/4.9.2/../../../libcygwin.a(t-d000935.o)
                0x00423498                exit
 .text          0x004234a0        0x8 /usr/lib/gcc/i686-pc-cygwin/4.9.2/../../../libcygwin.a(t-d000986.o)
                0x004234a0                fflush
 .text          0x004234a8        0x8 /usr/lib/gcc/i686-pc-cygwin/4.9.2/../../../libcygwin.a(t-d001023.o)
                0x004234a8                fork
 .text          0x004234b0        0x8 /usr/lib/gcc/i686-pc-cygwin/4.9.2/../../../libcygwin.a(t-d001038.o)
                0x004234b0                free
 .text          0x004234b8        0x8 /usr/lib/gcc/i686-pc-cygwin/4.9.2/../../../libcygwin.a(t-d001051.o)
                0x004234b8                fstat
 .text          0x004234c0        0x8 /usr/lib/gcc/i686-pc-cygwin/4.9.2/../../../libcygwin.a(t-d001060.o)
                0x004234c0                ftruncate
 .text          0x004234c8        0x8 /usr/lib/gcc/i686-pc-cygwin/4.9.2/../../../libcygwin.a(t-d001099.o)
                0x004234c8                getcwd
 .text          0x004234d0        0x8 /usr/lib/gcc/i686-pc-cygwin/4.9.2/../../../libcygwin.a(t-d001103.o)
                0x004234d0                getegid
 .text          0x004234d8        0x8 /usr/lib/gcc/i686-pc-cygwin/4.9.2/../../../libcygwin.a(t-d001104.o)
                0x004234d8                getenv
 .text          0x004234e0        0x8 /usr/lib/gcc/i686-pc-cygwin/4.9.2/../../../libcygwin.a(t-d001105.o)
                0x004234e0                geteuid
 .text          0x004234e8        0x8 /usr/lib/gcc/i686-pc-cygwin/4.9.2/../../../libcygwin.a(t-d001106.o)
                0x004234e8                getgid
 .text          0x004234f0        0x8 /usr/lib/gcc/i686-pc-cygwin/4.9.2/../../../libcygwin.a(t-d001161.o)
                0x004234f0                gettimeofday
 .text          0x004234f8        0x8 /usr/lib/gcc/i686-pc-cygwin/4.9.2/../../../libcygwin.a(t-d001162.o)
                0x004234f8                getuid
 .text          0x00423500        0x8 /usr/lib/gcc/i686-pc-cygwin/4.9.2/../../../libcygwin.a(t-d001181.o)
                0x00423500                gmtime_r
 .text          0x00423508        0x8 /usr/lib/gcc/i686-pc-cygwin/4.9.2/../../../libcygwin.a(t-d001227.o)
                0x00423508                isatty
 .text          0x00423510        0x8 /usr/lib/gcc/i686-pc-cygwin/4.9.2/../../../libcygwin.a(t-d001292.o)
                0x00423510                localtime_r
 .text          0x00423518        0x8 /usr/lib/gcc/i686-pc-cygwin/4.9.2/../../../libcygwin.a(t-d001317.o)
                0x00423518                lseek
 .text          0x00423520        0x8 /usr/lib/gcc/i686-pc-cygwin/4.9.2/../../../libcygwin.a(t-d001323.o)
                0x00423520                malloc
 .text          0x00423528        0x8 /usr/lib/gcc/i686-pc-cygwin/4.9.2/../../../libcygwin.a(t-d001340.o)
                0x00423528                memcmp
 .text          0x00423530        0x8 /usr/lib/gcc/i686-pc-cygwin/4.9.2/../../../libcygwin.a(t-d001341.o)
                0x00423530                memcpy
 .text          0x00423538        0x8 /usr/lib/gcc/i686-pc-cygwin/4.9.2/../../../libcygwin.a(t-d001343.o)
                0x00423538                memmove
 .text          0x00423540        0x8 /usr/lib/gcc/i686-pc-cygwin/4.9.2/../../../libcygwin.a(t-d001346.o)
                0x00423540                memset
 .text          0x00423548        0x8 /usr/lib/gcc/i686-pc-cygwin/4.9.2/../../../libcygwin.a(t-d001354.o)
                0x00423548                mkostemp
 .text          0x00423550        0x8 /usr/lib/gcc/i686-pc-cygwin/4.9.2/../../../libcygwin.a(t-d001398.o)
                0x00423550                open
 .text          0x00423558        0x8 /usr/lib/gcc/i686-pc-cygwin/4.9.2/../../../libcygwin.a(t-d001414.o)
                0x00423558                pipe
 .text          0x00423560        0x8 /usr/lib/gcc/i686-pc-cygwin/4.9.2/../../../libcygwin.a(t-d001509.o)
                0x00423560                pthread_mutex_destroy
 .text          0x00423568        0x8 /usr/lib/gcc/i686-pc-cygwin/4.9.2/../../../libcygwin.a(t-d001512.o)
                0x00423568                pthread_mutex_lock
 .text          0x00423570        0x8 /usr/lib/gcc/i686-pc-cygwin/4.9.2/../../../libcygwin.a(t-d001514.o)
                0x00423570                pthread_mutex_trylock
 .text          0x00423578        0x8 /usr/lib/gcc/i686-pc-cygwin/4.9.2/../../../libcygwin.a(t-d001515.o)
                0x00423578                pthread_mutex_unlock
 .text          0x00423580        0x8 /usr/lib/gcc/i686-pc-cygwin/4.9.2/../../../libcygwin.a(t-d001526.o)
                0x00423580                pthread_once
 .text          0x00423588        0x8 /usr/lib/gcc/i686-pc-cygwin/4.9.2/../../../libcygwin.a(t-d001574.o)
                0x00423588                raise
 .text          0x00423590        0x8 /usr/lib/gcc/i686-pc-cygwin/4.9.2/../../../libcygwin.a(t-d001581.o)
                0x00423590                read
 .text          0x00423598        0x8 /usr/lib/gcc/i686-pc-cygwin/4.9.2/../../../libcygwin.a(t-d001584.o)
                0x00423598                readlink
 .text          0x004235a0        0x8 /usr/lib/gcc/i686-pc-cygwin/4.9.2/../../../libcygwin.a(t-d001587.o)
                0x004235a0                realloc
 .text          0x004235a8        0x8 /usr/lib/gcc/i686-pc-cygwin/4.9.2/../../../libcygwin.a(t-d001737.o)
                0x004235a8                signal
 .text          0x004235b0        0x8 /usr/lib/gcc/i686-pc-cygwin/4.9.2/../../../libcygwin.a(t-d001757.o)
                0x004235b0                snprintf
 .text          0x004235b8        0x8 /usr/lib/gcc/i686-pc-cygwin/4.9.2/../../../libcygwin.a(t-d001777.o)
                0x004235b8                stat
 .text          0x004235c0        0x8 /usr/lib/gcc/i686-pc-cygwin/4.9.2/../../../libcygwin.a(t-d001786.o)
                0x004235c0                strchr
 .text          0x004235c8        0x8 /usr/lib/gcc/i686-pc-cygwin/4.9.2/../../../libcygwin.a(t-d001788.o)
                0x004235c8                strcmp
 .text          0x004235d0        0x8 /usr/lib/gcc/i686-pc-cygwin/4.9.2/../../../libcygwin.a(t-d001792.o)
                0x004235d0                strdup
 .text          0x004235d8        0x8 /usr/lib/gcc/i686-pc-cygwin/4.9.2/../../../libcygwin.a(t-d001794.o)
                0x004235d8                strerror_r
 .text          0x004235e0        0x8 /usr/lib/gcc/i686-pc-cygwin/4.9.2/../../../libcygwin.a(t-d001799.o)
                0x004235e0                strlen
 .text          0x004235e8        0x8 /usr/lib/gcc/i686-pc-cygwin/4.9.2/../../../libcygwin.a(t-d001801.o)
                0x004235e8                strncasecmp
 .text          0x004235f0        0x8 /usr/lib/gcc/i686-pc-cygwin/4.9.2/../../../libcygwin.a(t-d001803.o)
                0x004235f0                strncmp
 .text          0x004235f8        0x8 /usr/lib/gcc/i686-pc-cygwin/4.9.2/../../../libcygwin.a(t-d001814.o)
                0x004235f8                strtod
 .text          0x00423600        0x8 /usr/lib/gcc/i686-pc-cygwin/4.9.2/../../../libcygwin.a(t-d001816.o)
                0x00423600                strtof
 .text          0x00423608        0x8 /usr/lib/gcc/i686-pc-cygwin/4.9.2/../../../libcygwin.a(t-d001819.o)
                0x00423608                strtok_r
 .text          0x00423610        0x8 /usr/lib/gcc/i686-pc-cygwin/4.9.2/../../../libcygwin.a(t-d001821.o)
                0x00423610                strtold
 .text          0x00423618        0x8 /usr/lib/gcc/i686-pc-cygwin/4.9.2/../../../libcygwin.a(t-d001863.o)
                0x00423618                time
 .text          0x00423620        0x8 /usr/lib/gcc/i686-pc-cygwin/4.9.2/../../../libcygwin.a(t-d001875.o)
                0x00423620                tolower
 .text          0x00423628        0x8 /usr/lib/gcc/i686-pc-cygwin/4.9.2/../../../libcygwin.a(t-d001876.o)
                0x00423628                toupper
 .text          0x00423630        0x8 /usr/lib/gcc/i686-pc-cygwin/4.9.2/../../../libcygwin.a(t-d001885.o)
                0x00423630                ttyname_r
 .text          0x00423638        0x8 /usr/lib/gcc/i686-pc-cygwin/4.9.2/../../../libcygwin.a(t-d001890.o)
                0x00423638                umask
 .text          0x00423640        0x8 /usr/lib/gcc/i686-pc-cygwin/4.9.2/../../../libcygwin.a(t-d001895.o)
                0x00423640                unlink
 .text          0x00423648        0x8 /usr/lib/gcc/i686-pc-cygwin/4.9.2/../../../libcygwin.a(t-d001925.o)
                0x00423648                vsnprintf
 .text          0x00423650        0x8 /usr/lib/gcc/i686-pc-cygwin/4.9.2/../../../libcygwin.a(t-d001936.o)
                0x00423650                wait
 .text          0x00423658        0x8 /usr/lib/gcc/i686-pc-cygwin/4.9.2/../../../libcygwin.a(t-d001994.o)
                0x00423658                write
 .text          0x00423660       0x30 /usr/lib/gcc/i686-pc-cygwin/4.9.2/../../../libcygwin.a(cygwin_crt0.o)
                0x00423660                cygwin_crt0
 .text          0x00423690       0x10 /usr/lib/gcc/i686-pc-cygwin/4.9.2/../../../libcygwin.a(premain0.o)
                0x00423690                cygwin_premain0
 .text          0x004236a0       0x10 /usr/lib/gcc/i686-pc-cygwin/4.9.2/../../../libcygwin.a(premain1.o)
                0x004236a0                cygwin_premain1
 .text          0x004236b0       0x10 /usr/lib/gcc/i686-pc-cygwin/4.9.2/../../../libcygwin.a(premain2.o)
                0x004236b0                cygwin_premain2
 .text          0x004236c0       0x10 /usr/lib/gcc/i686-pc-cygwin/4.9.2/../../../libcygwin.a(premain3.o)
                0x004236c0                cygwin_premain3
 .text          0x004236d0      0x320 /usr/lib/gcc/i686-pc-cygwin/4.9.2/../../../libcygwin.a(_cygwin_crt0_common.o)
                0x004236d0                _cygwin_crt0_common@8
 .text          0x004239f0      0x120 /usr/lib/gcc/i686-pc-cygwin/4.9.2/../../../libcygwin.a(dll_entry.o)
                0x00423a20                _cygwin_dll_entry@12
                0x00423b00                _cygwin_noncygwin_dll_entry@12
 .text          0x00423b10       0x10 /usr/lib/gcc/i686-pc-cygwin/4.9.2/../../../libcygwin.a(dll_main.o)
                0x00423b10                DllMain@12
 .text          0x00423b20       0x10 /usr/lib/gcc/i686-pc-cygwin/4.9.2/../../../libcygwin.a(pseudo-reloc-dummy.o)
                0x00423b20                _pei386_runtime_relocator
 .text          0x00423b30        0x0 /usr/lib/gcc/i686-pc-cygwin/4.9.2/../../../libcygwin.a(d000385.o)
 .text          0x00423b30        0x8 /usr/lib/gcc/i686-pc-cygwin/4.9.2/../../../libcygwin.a(t-d000858.o)
                0x00423b30                cygwin_detach_dll
 .text          0x00423b38        0x8 /usr/lib/gcc/i686-pc-cygwin/4.9.2/../../../libcygwin.a(t-d000860.o)
                0x00423b38                cygwin_internal
 .text          0x00423b40        0x8 /usr/lib/gcc/i686-pc-cygwin/4.9.2/../../../libcygwin.a(t-d001421.o)
                0x00423b40                posix_memalign
 *fill*         0x00423b48        0x8 
 .text          0x00423b50       0x40 /usr/lib/gcc/i686-pc-cygwin/4.9.2/../../../libcygwin.a(cygwin_attach_dll.o)
                0x00423b50                cygwin_attach_dll
 .text          0x00423b90        0x8 /usr/lib/gcc/i686-pc-cygwin/4.9.2/../../../libcygwin.a(t-d000881.o)
                0x00423b90                dll_dllcrt0
 .text          0x00423b98        0x8 /usr/lib/w32api/libkernel32.a(dwfms00533.o)
                0x00423b98                GetModuleHandleA@4
 .text          0x00423ba0        0x0 /usr/lib/w32api/libkernel32.a(dwfmh.o)
 .text          0x00423ba0        0x0 /usr/lib/w32api/libkernel32.a(dwfmt.o)
 .text          0x00423ba0        0x0 /usr/lib/gcc/i686-pc-cygwin/4.9.2/libgcc.a(_ctors.o)
 .text          0x00423ba0        0x0 /usr/lib/gcc/i686-pc-cygwin/4.9.2/crtend.o
 *(SORT(.text$*))
 .text$__gfortran_adjustl
                0x00423ba0       0x80 /usr/lib/gcc/i686-pc-cygwin/4.9.2/libgfortran.a(string_intrinsics.o)
                0x00423ba0                _gfortran_adjustl
 .text$__gfortran_adjustl_char4
                0x00423c20       0x80 /usr/lib/gcc/i686-pc-cygwin/4.9.2/libgfortran.a(string_intrinsics.o)
                0x00423c20                _gfortran_adjustl_char4
 .text$__gfortran_adjustr
                0x00423ca0       0x80 /usr/lib/gcc/i686-pc-cygwin/4.9.2/libgfortran.a(string_intrinsics.o)
                0x00423ca0                _gfortran_adjustr
 .text$__gfortran_adjustr_char4
                0x00423d20       0x90 /usr/lib/gcc/i686-pc-cygwin/4.9.2/libgfortran.a(string_intrinsics.o)
                0x00423d20                _gfortran_adjustr_char4
 .text$__gfortran_arandom_r10
                0x00423db0      0x1c0 /usr/lib/gcc/i686-pc-cygwin/4.9.2/libgfortran.a(random.o)
                0x00423db0                _gfortran_arandom_r10
 .text$__gfortran_arandom_r16
                0x00423f70      0x360 /usr/lib/gcc/i686-pc-cygwin/4.9.2/libgfortran.a(random.o)
                0x00423f70                _gfortran_arandom_r16
 .text$__gfortran_arandom_r4
                0x004242d0      0x180 /usr/lib/gcc/i686-pc-cygwin/4.9.2/libgfortran.a(random.o)
                0x004242d0                _gfortran_arandom_r4
 .text$__gfortran_arandom_r8
                0x00424450      0x1e0 /usr/lib/gcc/i686-pc-cygwin/4.9.2/libgfortran.a(random.o)
                0x00424450                _gfortran_arandom_r8
 .text$__gfortran_backtrace
                0x00424630      0x1e0 /usr/lib/gcc/i686-pc-cygwin/4.9.2/libgfortran.a(backtrace.o)
                0x00424630                _gfortran_backtrace
 .text$__gfortran_chdir_i4
                0x00424810       0x30 /usr/lib/gcc/i686-pc-cygwin/4.9.2/libgfortran.a(chdir.o)
                0x00424810                _gfortran_chdir_i4
 .text$__gfortran_chdir_i4_sub
                0x00424840       0x90 /usr/lib/gcc/i686-pc-cygwin/4.9.2/libgfortran.a(chdir.o)
                0x00424840                _gfortran_chdir_i4_sub
 .text$__gfortran_chdir_i8
                0x004248d0       0x30 /usr/lib/gcc/i686-pc-cygwin/4.9.2/libgfortran.a(chdir.o)
                0x004248d0                _gfortran_chdir_i8
 .text$__gfortran_chdir_i8_sub
                0x00424900       0xa0 /usr/lib/gcc/i686-pc-cygwin/4.9.2/libgfortran.a(chdir.o)
                0x00424900                _gfortran_chdir_i8_sub
 .text$__gfortran_compare_string
                0x004249a0       0xb0 /usr/lib/gcc/i686-pc-cygwin/4.9.2/libgfortran.a(string_intrinsics.o)
                0x004249a0                _gfortran_compare_string
 .text$__gfortran_compare_string_char4
                0x00424a50       0xd0 /usr/lib/gcc/i686-pc-cygwin/4.9.2/libgfortran.a(string_intrinsics.o)
                0x00424a50                _gfortran_compare_string_char4
 .text$__gfortran_concat_string
                0x00424b20       0xb0 /usr/lib/gcc/i686-pc-cygwin/4.9.2/libgfortran.a(string_intrinsics.o)
                0x00424b20                _gfortran_concat_string
 .text$__gfortran_concat_string_char4
                0x00424bd0       0xe0 /usr/lib/gcc/i686-pc-cygwin/4.9.2/libgfortran.a(string_intrinsics.o)
                0x00424bd0                _gfortran_concat_string_char4
 .text$__gfortran_date_and_time
                0x00424cb0      0x3c0 /usr/lib/gcc/i686-pc-cygwin/4.9.2/libgfortran.a(date_and_time.o)
                0x00424cb0                _gfortran_date_and_time
 .text$__gfortran_error_stop_numeric
                0x00425070       0x30 /usr/lib/gcc/i686-pc-cygwin/4.9.2/libgfortran.a(stop.o)
                0x00425070                _gfortran_error_stop_numeric
 .text$__gfortran_error_stop_string
                0x004250a0       0x60 /usr/lib/gcc/i686-pc-cygwin/4.9.2/libgfortran.a(stop.o)
                0x004250a0                _gfortran_error_stop_string
 .text$__gfortran_generate_error
                0x00425100      0x1a0 /usr/lib/gcc/i686-pc-cygwin/4.9.2/libgfortran.a(error.o)
                0x00425100                _gfortran_generate_error
 .text$__gfortran_get_command_argument_i4
                0x004252a0      0x120 /usr/lib/gcc/i686-pc-cygwin/4.9.2/libgfortran.a(args.o)
                0x004252a0                _gfortran_get_command_argument_i4
 .text$__gfortran_get_command_argument_i8
                0x004253c0       0x70 /usr/lib/gcc/i686-pc-cygwin/4.9.2/libgfortran.a(args.o)
                0x004253c0                _gfortran_get_command_argument_i8
 .text$__gfortran_get_command_i4
                0x00425430      0x170 /usr/lib/gcc/i686-pc-cygwin/4.9.2/libgfortran.a(args.o)
                0x00425430                _gfortran_get_command_i4
 .text$__gfortran_get_command_i8
                0x004255a0       0x60 /usr/lib/gcc/i686-pc-cygwin/4.9.2/libgfortran.a(args.o)
                0x004255a0                _gfortran_get_command_i8
 .text$__gfortran_getarg_i4
                0x00425600       0x80 /usr/lib/gcc/i686-pc-cygwin/4.9.2/libgfortran.a(args.o)
                0x00425600                _gfortran_getarg_i4
 .text$__gfortran_getarg_i8
                0x00425680       0x30 /usr/lib/gcc/i686-pc-cygwin/4.9.2/libgfortran.a(args.o)
                0x00425680                _gfortran_getarg_i8
 .text$__gfortran_gmtime_i4
                0x004256b0       0x90 /usr/lib/gcc/i686-pc-cygwin/4.9.2/libgfortran.a(date_and_time.o)
                0x004256b0                _gfortran_gmtime_i4
 .text$__gfortran_gmtime_i8
                0x00425740       0x90 /usr/lib/gcc/i686-pc-cygwin/4.9.2/libgfortran.a(date_and_time.o)
                0x00425740                _gfortran_gmtime_i8
 .text$__gfortran_iargc
                0x004257d0       0x30 /usr/lib/gcc/i686-pc-cygwin/4.9.2/libgfortran.a(args.o)
                0x004257d0                _gfortran_iargc
 .text$__gfortran_idate_i4
                0x00425800       0x80 /usr/lib/gcc/i686-pc-cygwin/4.9.2/libgfortran.a(date_and_time.o)
                0x00425800                _gfortran_idate_i4
 .text$__gfortran_idate_i8
                0x00425880       0x80 /usr/lib/gcc/i686-pc-cygwin/4.9.2/libgfortran.a(date_and_time.o)
                0x00425880                _gfortran_idate_i8
 .text$__gfortran_itime_i4
                0x00425900       0x80 /usr/lib/gcc/i686-pc-cygwin/4.9.2/libgfortran.a(date_and_time.o)
                0x00425900                _gfortran_itime_i4
 .text$__gfortran_itime_i8
                0x00425980       0x80 /usr/lib/gcc/i686-pc-cygwin/4.9.2/libgfortran.a(date_and_time.o)
                0x00425980                _gfortran_itime_i8
 .text$__gfortran_ltime_i4
                0x00425a00       0x90 /usr/lib/gcc/i686-pc-cygwin/4.9.2/libgfortran.a(date_and_time.o)
                0x00425a00                _gfortran_ltime_i4
 .text$__gfortran_ltime_i8
                0x00425a90       0x90 /usr/lib/gcc/i686-pc-cygwin/4.9.2/libgfortran.a(date_and_time.o)
                0x00425a90                _gfortran_ltime_i8
 .text$__gfortran_os_error
                0x00425b20       0x90 /usr/lib/gcc/i686-pc-cygwin/4.9.2/libgfortran.a(error.o)
                0x00425b20                _gfortran_os_error
 .text$__gfortran_random_r10
                0x00425bb0       0x70 /usr/lib/gcc/i686-pc-cygwin/4.9.2/libgfortran.a(random.o)
                0x00425bb0                _gfortran_random_r10
 .text$__gfortran_random_r16
                0x00425c20      0x1e0 /usr/lib/gcc/i686-pc-cygwin/4.9.2/libgfortran.a(random.o)
                0x00425c20                _gfortran_random_r16
 .text$__gfortran_random_r4
                0x00425e00       0x50 /usr/lib/gcc/i686-pc-cygwin/4.9.2/libgfortran.a(random.o)
                0x00425e00                _gfortran_random_r4
 .text$__gfortran_random_r8
                0x00425e50       0x80 /usr/lib/gcc/i686-pc-cygwin/4.9.2/libgfortran.a(random.o)
                0x00425e50                _gfortran_random_r8
 .text$__gfortran_random_seed_i4
                0x00425ed0      0x200 /usr/lib/gcc/i686-pc-cygwin/4.9.2/libgfortran.a(random.o)
                0x00425ed0                _gfortran_random_seed_i4
 .text$__gfortran_random_seed_i8
                0x004260d0      0x190 /usr/lib/gcc/i686-pc-cygwin/4.9.2/libgfortran.a(random.o)
                0x004260d0                _gfortran_random_seed_i8
 .text$__gfortran_runtime_error
                0x00426260       0x60 /usr/lib/gcc/i686-pc-cygwin/4.9.2/libgfortran.a(error.o)
                0x00426260                _gfortran_runtime_error
 .text$__gfortran_runtime_error_at
                0x004262c0       0x70 /usr/lib/gcc/i686-pc-cygwin/4.9.2/libgfortran.a(error.o)
                0x004262c0                _gfortran_runtime_error_at
 .text$__gfortran_runtime_warning_at
                0x00426330       0x40 /usr/lib/gcc/i686-pc-cygwin/4.9.2/libgfortran.a(error.o)
                0x00426330                _gfortran_runtime_warning_at
 .text$__gfortran_secnds
                0x00426370      0x100 /usr/lib/gcc/i686-pc-cygwin/4.9.2/libgfortran.a(date_and_time.o)
                0x00426370                _gfortran_secnds
 .text$__gfortran_set_args
                0x00426470       0x20 /usr/lib/gcc/i686-pc-cygwin/4.9.2/libgfortran.a(main.o)
                0x00426470                _gfortran_set_args
 .text$__gfortran_set_convert
                0x00426490       0x10 /usr/lib/gcc/i686-pc-cygwin/4.9.2/libgfortran.a(compile_options.o)
                0x00426490                _gfortran_set_convert
 .text$__gfortran_set_fpe
                0x004264a0       0x10 /usr/lib/gcc/i686-pc-cygwin/4.9.2/libgfortran.a(fpu.o)
                0x004264a0                _gfortran_set_fpe
 .text$__gfortran_set_max_subrecord_length
                0x004264b0       0x30 /usr/lib/gcc/i686-pc-cygwin/4.9.2/libgfortran.a(compile_options.o)
                0x004264b0                _gfortran_set_max_subrecord_length
 .text$__gfortran_set_options
                0x004264e0      0x160 /usr/lib/gcc/i686-pc-cygwin/4.9.2/libgfortran.a(compile_options.o)
                0x004264e0                _gfortran_set_options
 .text$__gfortran_set_record_marker
                0x00426640       0x40 /usr/lib/gcc/i686-pc-cygwin/4.9.2/libgfortran.a(compile_options.o)
                0x00426640                _gfortran_set_record_marker
 .text$__gfortran_st_backspace
                0x00426680      0x520 /usr/lib/gcc/i686-pc-cygwin/4.9.2/libgfortran.a(file_pos.o)
                0x00426680                _gfortran_st_backspace
 .text$__gfortran_st_close
                0x00426ba0       0xc0 /usr/lib/gcc/i686-pc-cygwin/4.9.2/libgfortran.a(close.o)
                0x00426ba0                _gfortran_st_close
 .text$__gfortran_st_endfile
                0x00426c60      0x290 /usr/lib/gcc/i686-pc-cygwin/4.9.2/libgfortran.a(file_pos.o)
                0x00426c60                _gfortran_st_endfile
 .text$__gfortran_st_flush
                0x00426ef0       0x70 /usr/lib/gcc/i686-pc-cygwin/4.9.2/libgfortran.a(file_pos.o)
                0x00426ef0                _gfortran_st_flush
 .text$__gfortran_st_inquire
                0x00426f60      0x560 /usr/lib/gcc/i686-pc-cygwin/4.9.2/libgfortran.a(inquire.o)
                0x00426f60                _gfortran_st_inquire
 .text$__gfortran_st_iolength
                0x004274c0       0x60 /usr/lib/gcc/i686-pc-cygwin/4.9.2/libgfortran.a(transfer.o)
                0x004274c0                _gfortran_st_iolength
 .text$__gfortran_st_iolength_done
                0x00427520       0x10 /usr/lib/gcc/i686-pc-cygwin/4.9.2/libgfortran.a(transfer.o)
                0x00427520                _gfortran_st_iolength_done
 .text$__gfortran_st_open
                0x00427530      0x670 /usr/lib/gcc/i686-pc-cygwin/4.9.2/libgfortran.a(open.o)
                0x00427530                _gfortran_st_open
 .text$__gfortran_st_read
                0x00427ba0       0x20 /usr/lib/gcc/i686-pc-cygwin/4.9.2/libgfortran.a(transfer.o)
                0x00427ba0                _gfortran_st_read
 .text$__gfortran_st_read_done
                0x00427bc0       0x50 /usr/lib/gcc/i686-pc-cygwin/4.9.2/libgfortran.a(transfer.o)
                0x00427bc0                _gfortran_st_read_done
 .text$__gfortran_st_rewind
                0x00427c10      0x120 /usr/lib/gcc/i686-pc-cygwin/4.9.2/libgfortran.a(file_pos.o)
                0x00427c10                _gfortran_st_rewind
 .text$__gfortran_st_set_nml_var
                0x00427d30      0x120 /usr/lib/gcc/i686-pc-cygwin/4.9.2/libgfortran.a(transfer.o)
                0x00427d30                _gfortran_st_set_nml_var
 .text$__gfortran_st_set_nml_var_dim
                0x00427e50       0x40 /usr/lib/gcc/i686-pc-cygwin/4.9.2/libgfortran.a(transfer.o)
                0x00427e50                _gfortran_st_set_nml_var_dim
 .text$__gfortran_st_wait
                0x00427e90       0x10 /usr/lib/gcc/i686-pc-cygwin/4.9.2/libgfortran.a(transfer.o)
                0x00427e90                _gfortran_st_wait
 .text$__gfortran_st_write
                0x00427ea0       0x20 /usr/lib/gcc/i686-pc-cygwin/4.9.2/libgfortran.a(transfer.o)
                0x00427ea0                _gfortran_st_write
 .text$__gfortran_st_write_done
                0x00427ec0       0xb0 /usr/lib/gcc/i686-pc-cygwin/4.9.2/libgfortran.a(transfer.o)
                0x00427ec0                _gfortran_st_write_done
 .text$__gfortran_stop_numeric
                0x00427f70       0x40 /usr/lib/gcc/i686-pc-cygwin/4.9.2/libgfortran.a(stop.o)
                0x00427f70                _gfortran_stop_numeric
 .text$__gfortran_stop_numeric_f08
                0x00427fb0       0x30 /usr/lib/gcc/i686-pc-cygwin/4.9.2/libgfortran.a(stop.o)
                0x00427fb0                _gfortran_stop_numeric_f08
 .text$__gfortran_stop_string
                0x00427fe0       0x60 /usr/lib/gcc/i686-pc-cygwin/4.9.2/libgfortran.a(stop.o)
                0x00427fe0                _gfortran_stop_string
 .text$__gfortran_store_exe_path
                0x00428040      0x130 /usr/lib/gcc/i686-pc-cygwin/4.9.2/libgfortran.a(main.o)
                0x00428040                _gfortran_store_exe_path
 .text$__gfortran_string_index
                0x00428170       0xc0 /usr/lib/gcc/i686-pc-cygwin/4.9.2/libgfortran.a(string_intrinsics.o)
                0x00428170                _gfortran_string_index
 .text$__gfortran_string_index_char4
                0x00428230       0xd0 /usr/lib/gcc/i686-pc-cygwin/4.9.2/libgfortran.a(string_intrinsics.o)
                0x00428230                _gfortran_string_index_char4
 .text$__gfortran_string_len_trim
                0x00428300       0xa0 /usr/lib/gcc/i686-pc-cygwin/4.9.2/libgfortran.a(string_intrinsics.o)
                0x00428300                _gfortran_string_len_trim
 .text$__gfortran_string_len_trim_char4
                0x004283a0       0x30 /usr/lib/gcc/i686-pc-cygwin/4.9.2/libgfortran.a(string_intrinsics.o)
                0x004283a0                _gfortran_string_len_trim_char4
 .text$__gfortran_string_minmax
                0x004283d0      0x160 /usr/lib/gcc/i686-pc-cygwin/4.9.2/libgfortran.a(string_intrinsics.o)
                0x004283d0                _gfortran_string_minmax
 .text$__gfortran_string_minmax_char4
                0x00428530      0x160 /usr/lib/gcc/i686-pc-cygwin/4.9.2/libgfortran.a(string_intrinsics.o)
                0x00428530                _gfortran_string_minmax_char4
 .text$__gfortran_string_scan
                0x00428690       0xb0 /usr/lib/gcc/i686-pc-cygwin/4.9.2/libgfortran.a(string_intrinsics.o)
                0x00428690                _gfortran_string_scan
 .text$__gfortran_string_scan_char4
                0x00428740       0xa0 /usr/lib/gcc/i686-pc-cygwin/4.9.2/libgfortran.a(string_intrinsics.o)
                0x00428740                _gfortran_string_scan_char4
 .text$__gfortran_string_trim
                0x004287e0       0x60 /usr/lib/gcc/i686-pc-cygwin/4.9.2/libgfortran.a(string_intrinsics.o)
                0x004287e0                _gfortran_string_trim
 .text$__gfortran_string_trim_char4
                0x00428840       0x80 /usr/lib/gcc/i686-pc-cygwin/4.9.2/libgfortran.a(string_intrinsics.o)
                0x00428840                _gfortran_string_trim_char4
 .text$__gfortran_string_verify
                0x004288c0       0x90 /usr/lib/gcc/i686-pc-cygwin/4.9.2/libgfortran.a(string_intrinsics.o)
                0x004288c0                _gfortran_string_verify
 .text$__gfortran_string_verify_char4
                0x00428950       0x90 /usr/lib/gcc/i686-pc-cygwin/4.9.2/libgfortran.a(string_intrinsics.o)
                0x00428950                _gfortran_string_verify_char4
 .text$__gfortran_transfer_array
                0x004289e0      0x1f0 /usr/lib/gcc/i686-pc-cygwin/4.9.2/libgfortran.a(transfer.o)
                0x004289e0                _gfortran_transfer_array
 .text$__gfortran_transfer_array_write
                0x00428bd0       0x10 /usr/lib/gcc/i686-pc-cygwin/4.9.2/libgfortran.a(transfer.o)
                0x00428bd0                _gfortran_transfer_array_write
 .text$__gfortran_transfer_character
                0x00428be0       0x30 /usr/lib/gcc/i686-pc-cygwin/4.9.2/libgfortran.a(transfer.o)
                0x00428be0                _gfortran_transfer_character
 .text$__gfortran_transfer_character.part.12
                0x00428c10       0x40 /usr/lib/gcc/i686-pc-cygwin/4.9.2/libgfortran.a(transfer.o)
 .text$__gfortran_transfer_character_wide
                0x00428c50       0x30 /usr/lib/gcc/i686-pc-cygwin/4.9.2/libgfortran.a(transfer.o)
                0x00428c50                _gfortran_transfer_character_wide
 .text$__gfortran_transfer_character_wide.part.13
                0x00428c80       0x40 /usr/lib/gcc/i686-pc-cygwin/4.9.2/libgfortran.a(transfer.o)
 .text$__gfortran_transfer_character_wide_write
                0x00428cc0       0x30 /usr/lib/gcc/i686-pc-cygwin/4.9.2/libgfortran.a(transfer.o)
                0x00428cc0                _gfortran_transfer_character_wide_write
 .text$__gfortran_transfer_character_write
                0x00428cf0       0x20 /usr/lib/gcc/i686-pc-cygwin/4.9.2/libgfortran.a(transfer.o)
                0x00428cf0                _gfortran_transfer_character_write
 .text$__gfortran_transfer_complex
                0x00428d10       0x20 /usr/lib/gcc/i686-pc-cygwin/4.9.2/libgfortran.a(transfer.o)
                0x00428d10                _gfortran_transfer_complex
 .text$__gfortran_transfer_complex.part.14
                0x00428d30       0x40 /usr/lib/gcc/i686-pc-cygwin/4.9.2/libgfortran.a(transfer.o)
 .text$__gfortran_transfer_complex_write
                0x00428d70       0x20 /usr/lib/gcc/i686-pc-cygwin/4.9.2/libgfortran.a(transfer.o)
                0x00428d70                _gfortran_transfer_complex_write
 .text$__gfortran_transfer_integer
                0x00428d90       0x40 /usr/lib/gcc/i686-pc-cygwin/4.9.2/libgfortran.a(transfer.o)
                0x00428d90                _gfortran_transfer_integer
 .text$__gfortran_transfer_integer_write
                0x00428dd0       0x40 /usr/lib/gcc/i686-pc-cygwin/4.9.2/libgfortran.a(transfer.o)
                0x00428dd0                _gfortran_transfer_integer_write
 .text$__gfortran_transfer_logical
                0x00428e10       0x40 /usr/lib/gcc/i686-pc-cygwin/4.9.2/libgfortran.a(transfer.o)
                0x00428e10                _gfortran_transfer_logical
 .text$__gfortran_transfer_logical_write
                0x00428e50       0x40 /usr/lib/gcc/i686-pc-cygwin/4.9.2/libgfortran.a(transfer.o)
                0x00428e50                _gfortran_transfer_logical_write
 .text$__gfortran_transfer_real
                0x00428e90       0x20 /usr/lib/gcc/i686-pc-cygwin/4.9.2/libgfortran.a(transfer.o)
                0x00428e90                _gfortran_transfer_real
 .text$__gfortran_transfer_real.part.10
                0x00428eb0       0x40 /usr/lib/gcc/i686-pc-cygwin/4.9.2/libgfortran.a(transfer.o)
 .text$__gfortran_transfer_real_write
                0x00428ef0       0x20 /usr/lib/gcc/i686-pc-cygwin/4.9.2/libgfortran.a(transfer.o)
                0x00428ef0                _gfortran_transfer_real_write
 .text$__gfortrani_backtrace_handler
                0x00428f10       0xa0 /usr/lib/gcc/i686-pc-cygwin/4.9.2/libgfortran.a(compile_options.o)
                0x00428f10                _gfortrani_backtrace_handler
 .text$__gfortrani_cf_strcpy
                0x00428fb0       0x70 /usr/lib/gcc/i686-pc-cygwin/4.9.2/libgfortran.a(string.o)
                0x00428fb0                _gfortrani_cf_strcpy
 .text$__gfortrani_close_unit
                0x00429020       0x10 /usr/lib/gcc/i686-pc-cygwin/4.9.2/libgfortran.a(unit.o)
                0x00429020                _gfortrani_close_unit
 .text$__gfortrani_close_units
                0x00429030       0x50 /usr/lib/gcc/i686-pc-cygwin/4.9.2/libgfortran.a(unit.o)
                0x00429030                _gfortrani_close_units
 .text$__gfortrani_compare_file_filename
                0x00429080       0x90 /usr/lib/gcc/i686-pc-cygwin/4.9.2/libgfortran.a(unix.o)
                0x00429080                _gfortrani_compare_file_filename
 .text$__gfortrani_convert_infnan
                0x00429110      0x1a0 /usr/lib/gcc/i686-pc-cygwin/4.9.2/libgfortran.a(read.o)
                0x00429110                _gfortrani_convert_infnan
 .text$__gfortrani_convert_real
                0x004292b0      0x160 /usr/lib/gcc/i686-pc-cygwin/4.9.2/libgfortran.a(read.o)
                0x004292b0                _gfortrani_convert_real
 .text$__gfortrani_delete_file
                0x00429410       0x80 /usr/lib/gcc/i686-pc-cygwin/4.9.2/libgfortran.a(unix.o)
                0x00429410                _gfortrani_delete_file
 .text$__gfortrani_error_stream
                0x00429490       0x10 /usr/lib/gcc/i686-pc-cygwin/4.9.2/libgfortran.a(unix.o)
                0x00429490                _gfortrani_error_stream
 .text$__gfortrani_estr_write
                0x004294a0       0x30 /usr/lib/gcc/i686-pc-cygwin/4.9.2/libgfortran.a(error.o)
                0x004294a0                _gfortrani_estr_write
 .text$__gfortrani_fbuf_alloc
                0x004294d0       0x80 /usr/lib/gcc/i686-pc-cygwin/4.9.2/libgfortran.a(fbuf.o)
                0x004294d0                _gfortrani_fbuf_alloc
 .text$__gfortrani_fbuf_destroy
                0x00429550       0x40 /usr/lib/gcc/i686-pc-cygwin/4.9.2/libgfortran.a(fbuf.o)
                0x00429550                _gfortrani_fbuf_destroy
 .text$__gfortrani_fbuf_flush
                0x00429590       0xb0 /usr/lib/gcc/i686-pc-cygwin/4.9.2/libgfortran.a(fbuf.o)
                0x00429590                _gfortrani_fbuf_flush
 .text$__gfortrani_fbuf_getc_refill
                0x00429640       0x60 /usr/lib/gcc/i686-pc-cygwin/4.9.2/libgfortran.a(fbuf.o)
                0x00429640                _gfortrani_fbuf_getc_refill
 .text$__gfortrani_fbuf_init
                0x004296a0       0x60 /usr/lib/gcc/i686-pc-cygwin/4.9.2/libgfortran.a(fbuf.o)
                0x004296a0                _gfortrani_fbuf_init
 .text$__gfortrani_fbuf_read
                0x00429700       0x90 /usr/lib/gcc/i686-pc-cygwin/4.9.2/libgfortran.a(fbuf.o)
                0x00429700                _gfortrani_fbuf_read
 .text$__gfortrani_fbuf_reset
                0x00429790       0x70 /usr/lib/gcc/i686-pc-cygwin/4.9.2/libgfortran.a(fbuf.o)
                0x00429790                _gfortrani_fbuf_reset
 .text$__gfortrani_fbuf_seek
                0x00429800       0x50 /usr/lib/gcc/i686-pc-cygwin/4.9.2/libgfortran.a(fbuf.o)
                0x00429800                _gfortrani_fbuf_seek
 .text$__gfortrani_file_exists
                0x00429850       0x70 /usr/lib/gcc/i686-pc-cygwin/4.9.2/libgfortran.a(unix.o)
                0x00429850                _gfortrani_file_exists
 .text$__gfortrani_file_size
                0x004298c0       0x70 /usr/lib/gcc/i686-pc-cygwin/4.9.2/libgfortran.a(unix.o)
                0x004298c0                _gfortrani_file_size
 .text$__gfortrani_filename_from_unit
                0x00429930       0x70 /usr/lib/gcc/i686-pc-cygwin/4.9.2/libgfortran.a(unit.o)
                0x00429930                _gfortrani_filename_from_unit
 .text$__gfortrani_find_addr2line
                0x004299a0       0xf0 /usr/lib/gcc/i686-pc-cygwin/4.9.2/libgfortran.a(main.o)
                0x004299a0                _gfortrani_find_addr2line
 .text$__gfortrani_find_file
                0x00429a90      0x140 /usr/lib/gcc/i686-pc-cygwin/4.9.2/libgfortran.a(unix.o)
                0x00429a90                _gfortrani_find_file
 .text$__gfortrani_find_option
                0x00429bd0       0xa0 /usr/lib/gcc/i686-pc-cygwin/4.9.2/libgfortran.a(string.o)
                0x00429bd0                _gfortrani_find_option
 .text$__gfortrani_find_or_create_unit
                0x00429c70       0x10 /usr/lib/gcc/i686-pc-cygwin/4.9.2/libgfortran.a(unit.o)
                0x00429c70                _gfortrani_find_or_create_unit
 .text$__gfortrani_find_unit
                0x00429c80       0x10 /usr/lib/gcc/i686-pc-cygwin/4.9.2/libgfortran.a(unit.o)
                0x00429c80                _gfortrani_find_unit
 .text$__gfortrani_finish_last_advance_record
                0x00429c90       0x70 /usr/lib/gcc/i686-pc-cygwin/4.9.2/libgfortran.a(unit.o)
                0x00429c90                _gfortrani_finish_last_advance_record
 .text$__gfortrani_finish_list_read
                0x00429d00      0x100 /usr/lib/gcc/i686-pc-cygwin/4.9.2/libgfortran.a(list_read.o)
                0x00429d00                _gfortrani_finish_list_read
 .text$__gfortrani_flush_all_units
                0x00429e00       0xd0 /usr/lib/gcc/i686-pc-cygwin/4.9.2/libgfortran.a(unix.o)
                0x00429e00                _gfortrani_flush_all_units
 .text$__gfortrani_flush_if_preconnected
                0x00429ed0       0x70 /usr/lib/gcc/i686-pc-cygwin/4.9.2/libgfortran.a(unix.o)
                0x00429ed0                _gfortrani_flush_if_preconnected
 .text$__gfortrani_flush_if_unbuffered
                0x00429f40       0x20 /usr/lib/gcc/i686-pc-cygwin/4.9.2/libgfortran.a(unix.o)
                0x00429f40                _gfortrani_flush_if_unbuffered
 .text$__gfortrani_format_error
                0x00429f60      0x180 /usr/lib/gcc/i686-pc-cygwin/4.9.2/libgfortran.a(format.o)
                0x00429f60                _gfortrani_format_error
 .text$__gfortrani_free_format_data
                0x0042a0e0       0x40 /usr/lib/gcc/i686-pc-cygwin/4.9.2/libgfortran.a(format.o)
                0x0042a0e0                _gfortrani_free_format_data
 .text$__gfortrani_free_format_hash_table
                0x0042a120       0x50 /usr/lib/gcc/i686-pc-cygwin/4.9.2/libgfortran.a(format.o)
                0x0042a120                _gfortrani_free_format_hash_table
 .text$__gfortrani_free_internal_unit
                0x0042a170       0x80 /usr/lib/gcc/i686-pc-cygwin/4.9.2/libgfortran.a(unit.o)
                0x0042a170                _gfortrani_free_internal_unit
 .text$__gfortrani_free_ionml
                0x0042a1f0       0x80 /usr/lib/gcc/i686-pc-cygwin/4.9.2/libgfortran.a(lock.o)
                0x0042a1f0                _gfortrani_free_ionml
 .text$__gfortrani_fstrcpy
                0x0042a270       0x70 /usr/lib/gcc/i686-pc-cygwin/4.9.2/libgfortran.a(string.o)
                0x0042a270                _gfortrani_fstrcpy
 .text$__gfortrani_fstrlen
                0x0042a2e0       0x30 /usr/lib/gcc/i686-pc-cygwin/4.9.2/libgfortran.a(string.o)
                0x0042a2e0                _gfortrani_fstrlen
 .text$__gfortrani_full_exe_path
                0x0042a310       0x10 /usr/lib/gcc/i686-pc-cygwin/4.9.2/libgfortran.a(main.o)
                0x0042a310                _gfortrani_full_exe_path
 .text$__gfortrani_generate_warning
                0x0042a320       0x50 /usr/lib/gcc/i686-pc-cygwin/4.9.2/libgfortran.a(error.o)
                0x0042a320                _gfortrani_generate_warning
 .text$__gfortrani_get_args
                0x0042a370       0x20 /usr/lib/gcc/i686-pc-cygwin/4.9.2/libgfortran.a(main.o)
                0x0042a370                _gfortrani_get_args
 .text$__gfortrani_get_fpu_except_flags
                0x0042a390       0x40 /usr/lib/gcc/i686-pc-cygwin/4.9.2/libgfortran.a(fpu.o)
                0x0042a390                _gfortrani_get_fpu_except_flags
 .text$__gfortrani_get_fpu_rounding_mode
                0x0042a3d0       0x20 /usr/lib/gcc/i686-pc-cygwin/4.9.2/libgfortran.a(fpu.o)
                0x0042a3d0                _gfortrani_get_fpu_rounding_mode
 .text$__gfortrani_get_internal_unit
                0x0042a3f0      0x370 /usr/lib/gcc/i686-pc-cygwin/4.9.2/libgfortran.a(unit.o)
                0x0042a3f0                _gfortrani_get_internal_unit
 .text$__gfortrani_get_unformatted_convert
                0x0042a760       0x50 /usr/lib/gcc/i686-pc-cygwin/4.9.2/libgfortran.a(environ.o)
                0x0042a760                _gfortrani_get_unformatted_convert
 .text$__gfortrani_get_unique_unit_number
                0x0042a7b0       0x40 /usr/lib/gcc/i686-pc-cygwin/4.9.2/libgfortran.a(unit.o)
                0x0042a7b0                _gfortrani_get_unique_unit_number
 .text$__gfortrani_get_unit
                0x0042a7f0       0x40 /usr/lib/gcc/i686-pc-cygwin/4.9.2/libgfortran.a(unit.o)
                0x0042a7f0                _gfortrani_get_unit
 .text$__gfortrani_gf_strerror
                0x0042a830       0x10 /usr/lib/gcc/i686-pc-cygwin/4.9.2/libgfortran.a(error.o)
                0x0042a830                _gfortrani_gf_strerror
 .text$__gfortrani_gfc_xtoa
                0x0042a840       0x80 /usr/lib/gcc/i686-pc-cygwin/4.9.2/libgfortran.a(error.o)
                0x0042a840                _gfortrani_gfc_xtoa
 .text$__gfortrani_hit_eof
                0x0042a8c0       0xd0 /usr/lib/gcc/i686-pc-cygwin/4.9.2/libgfortran.a(transfer.o)
                0x0042a8c0                _gfortrani_hit_eof
 .text$__gfortrani_init_compile_options
                0x0042a990       0x40 /usr/lib/gcc/i686-pc-cygwin/4.9.2/libgfortran.a(compile_options.o)
                0x0042a990                _gfortrani_init_compile_options
 .text$__gfortrani_init_loop_spec
                0x0042a9d0       0xe0 /usr/lib/gcc/i686-pc-cygwin/4.9.2/libgfortran.a(transfer.o)
                0x0042a9d0                _gfortrani_init_loop_spec
 .text$__gfortrani_init_units
                0x0042aab0      0x2f0 /usr/lib/gcc/i686-pc-cygwin/4.9.2/libgfortran.a(unit.o)
                0x0042aab0                _gfortrani_init_units
 .text$__gfortrani_init_variables
                0x0042ada0       0x30 /usr/lib/gcc/i686-pc-cygwin/4.9.2/libgfortran.a(environ.o)
                0x0042ada0                _gfortrani_init_variables
 .text$__gfortrani_input_stream
                0x0042add0       0x10 /usr/lib/gcc/i686-pc-cygwin/4.9.2/libgfortran.a(unix.o)
                0x0042add0                _gfortrani_input_stream
 .text$__gfortrani_inquire_direct
                0x0042ade0       0xa0 /usr/lib/gcc/i686-pc-cygwin/4.9.2/libgfortran.a(unix.o)
                0x0042ade0                _gfortrani_inquire_direct
 .text$__gfortrani_inquire_formatted
                0x0042ae80       0xb0 /usr/lib/gcc/i686-pc-cygwin/4.9.2/libgfortran.a(unix.o)
                0x0042ae80                _gfortrani_inquire_formatted
 .text$__gfortrani_inquire_read
                0x0042af30       0x20 /usr/lib/gcc/i686-pc-cygwin/4.9.2/libgfortran.a(unix.o)
                0x0042af30                _gfortrani_inquire_read
 .text$__gfortrani_inquire_readwrite
                0x0042af50       0x20 /usr/lib/gcc/i686-pc-cygwin/4.9.2/libgfortran.a(unix.o)
                0x0042af50                _gfortrani_inquire_readwrite
 .text$__gfortrani_inquire_sequential
                0x0042af70       0xa0 /usr/lib/gcc/i686-pc-cygwin/4.9.2/libgfortran.a(unix.o)
                0x0042af70                _gfortrani_inquire_sequential
 .text$__gfortrani_inquire_unformatted
                0x0042b010       0x10 /usr/lib/gcc/i686-pc-cygwin/4.9.2/libgfortran.a(unix.o)
                0x0042b010                _gfortrani_inquire_unformatted
 .text$__gfortrani_inquire_write
                0x0042b020       0x20 /usr/lib/gcc/i686-pc-cygwin/4.9.2/libgfortran.a(unix.o)
                0x0042b020                _gfortrani_inquire_write
 .text$__gfortrani_internal_error
                0x0042b040       0x60 /usr/lib/gcc/i686-pc-cygwin/4.9.2/libgfortran.a(error.o)
                0x0042b040                _gfortrani_internal_error
 .text$__gfortrani_library_start
                0x0042b0a0       0x20 /usr/lib/gcc/i686-pc-cygwin/4.9.2/libgfortran.a(lock.o)
                0x0042b0a0                _gfortrani_library_start
 .text$__gfortrani_list_formatted_read
                0x0042b0c0      0x5d0 /usr/lib/gcc/i686-pc-cygwin/4.9.2/libgfortran.a(list_read.o)
                0x0042b0c0                _gfortrani_list_formatted_read
 .text$__gfortrani_list_formatted_write
                0x0042b690      0x220 /usr/lib/gcc/i686-pc-cygwin/4.9.2/libgfortran.a(write.o)
                0x0042b690                _gfortrani_list_formatted_write
 .text$__gfortrani_mem_alloc_r
                0x0042b8b0       0xb0 /usr/lib/gcc/i686-pc-cygwin/4.9.2/libgfortran.a(unix.o)
                0x0042b8b0                _gfortrani_mem_alloc_r
 .text$__gfortrani_mem_alloc_r4
                0x0042b960       0xb0 /usr/lib/gcc/i686-pc-cygwin/4.9.2/libgfortran.a(unix.o)
                0x0042b960                _gfortrani_mem_alloc_r4
 .text$__gfortrani_mem_alloc_w
                0x0042ba10       0x60 /usr/lib/gcc/i686-pc-cygwin/4.9.2/libgfortran.a(unix.o)
                0x0042ba10                _gfortrani_mem_alloc_w
 .text$__gfortrani_mem_alloc_w4
                0x0042ba70       0x60 /usr/lib/gcc/i686-pc-cygwin/4.9.2/libgfortran.a(unix.o)
                0x0042ba70                _gfortrani_mem_alloc_w4
 .text$__gfortrani_memcmp_char4
                0x0042bad0       0x50 /usr/lib/gcc/i686-pc-cygwin/4.9.2/libgfortran.a(string_intrinsics.o)
                0x0042bad0                _gfortrani_memcmp_char4
 .text$__gfortrani_namelist_read
                0x0042bb20      0xd00 /usr/lib/gcc/i686-pc-cygwin/4.9.2/libgfortran.a(list_read.o)
                0x0042bb20                _gfortrani_namelist_read
 .text$__gfortrani_namelist_write
                0x0042c820      0x110 /usr/lib/gcc/i686-pc-cygwin/4.9.2/libgfortran.a(write.o)
                0x0042c820                _gfortrani_namelist_write
 .text$__gfortrani_new_unit
                0x0042c930      0x920 /usr/lib/gcc/i686-pc-cygwin/4.9.2/libgfortran.a(open.o)
                0x0042c930                _gfortrani_new_unit
 .text$__gfortrani_next_array_record
                0x0042d250       0xc0 /usr/lib/gcc/i686-pc-cygwin/4.9.2/libgfortran.a(transfer.o)
                0x0042d250                _gfortrani_next_array_record
 .text$__gfortrani_next_format
                0x0042d310       0xe0 /usr/lib/gcc/i686-pc-cygwin/4.9.2/libgfortran.a(format.o)
                0x0042d310                _gfortrani_next_format
 .text$__gfortrani_next_record
                0x0042d3f0      0x880 /usr/lib/gcc/i686-pc-cygwin/4.9.2/libgfortran.a(transfer.o)
                0x0042d3f0                _gfortrani_next_record
 .text$__gfortrani_notification_std
                0x0042dc70       0x40 /usr/lib/gcc/i686-pc-cygwin/4.9.2/libgfortran.a(error.o)
                0x0042dc70                _gfortrani_notification_std
 .text$__gfortrani_notify_std
                0x0042dcb0       0xe0 /usr/lib/gcc/i686-pc-cygwin/4.9.2/libgfortran.a(error.o)
                0x0042dcb0                _gfortrani_notify_std
 .text$__gfortrani_open_external
                0x0042dd90      0x510 /usr/lib/gcc/i686-pc-cygwin/4.9.2/libgfortran.a(unix.o)
                0x0042dd90                _gfortrani_open_external
 .text$__gfortrani_open_internal
                0x0042e2a0       0x50 /usr/lib/gcc/i686-pc-cygwin/4.9.2/libgfortran.a(unix.o)
                0x0042e2a0                _gfortrani_open_internal
 .text$__gfortrani_open_internal4
                0x0042e2f0       0x60 /usr/lib/gcc/i686-pc-cygwin/4.9.2/libgfortran.a(unix.o)
                0x0042e2f0                _gfortrani_open_internal4
 .text$__gfortrani_output_stream
                0x0042e350       0x10 /usr/lib/gcc/i686-pc-cygwin/4.9.2/libgfortran.a(unix.o)
                0x0042e350                _gfortrani_output_stream
 .text$__gfortrani_parse_format
                0x0042e360      0x2b0 /usr/lib/gcc/i686-pc-cygwin/4.9.2/libgfortran.a(format.o)
                0x0042e360                _gfortrani_parse_format
 .text$__gfortrani_read_a
                0x0042e610      0x150 /usr/lib/gcc/i686-pc-cygwin/4.9.2/libgfortran.a(read.o)
                0x0042e610                _gfortrani_read_a
 .text$__gfortrani_read_block_form
                0x0042e760      0x6c0 /usr/lib/gcc/i686-pc-cygwin/4.9.2/libgfortran.a(transfer.o)
                0x0042e760                _gfortrani_read_block_form
 .text$__gfortrani_read_block_form4
                0x0042ee20       0xe0 /usr/lib/gcc/i686-pc-cygwin/4.9.2/libgfortran.a(transfer.o)
                0x0042ee20                _gfortrani_read_block_form4
 .text$__gfortrani_read_decimal
                0x0042ef00      0x2d0 /usr/lib/gcc/i686-pc-cygwin/4.9.2/libgfortran.a(read.o)
                0x0042ef00                _gfortrani_read_decimal
 .text$__gfortrani_read_f
                0x0042f1d0      0x710 /usr/lib/gcc/i686-pc-cygwin/4.9.2/libgfortran.a(read.o)
                0x0042f1d0                _gfortrani_read_f
 .text$__gfortrani_read_l
                0x0042f8e0      0x120 /usr/lib/gcc/i686-pc-cygwin/4.9.2/libgfortran.a(read.o)
                0x0042f8e0                _gfortrani_read_l
 .text$__gfortrani_read_radix
                0x0042fa00      0x320 /usr/lib/gcc/i686-pc-cygwin/4.9.2/libgfortran.a(read.o)
                0x0042fa00                _gfortrani_read_radix
 .text$__gfortrani_read_x
                0x0042fd20      0x1f0 /usr/lib/gcc/i686-pc-cygwin/4.9.2/libgfortran.a(read.o)
                0x0042fd20                _gfortrani_read_x
 .text$__gfortrani_secure_getenv
                0x0042ff10       0x50 /usr/lib/gcc/i686-pc-cygwin/4.9.2/libgfortran.a(environ.o)
                0x0042ff10                _gfortrani_secure_getenv
 .text$__gfortrani_set_fpu
                0x0042ff60       0x60 /usr/lib/gcc/i686-pc-cygwin/4.9.2/libgfortran.a(fpu.o)
                0x0042ff60                _gfortrani_set_fpu
 .text$__gfortrani_set_fpu_rounding_mode
                0x0042ffc0       0x90 /usr/lib/gcc/i686-pc-cygwin/4.9.2/libgfortran.a(fpu.o)
                0x0042ffc0                _gfortrani_set_fpu_rounding_mode
 .text$__gfortrani_set_integer
                0x00430050       0x70 /usr/lib/gcc/i686-pc-cygwin/4.9.2/libgfortran.a(read.o)
                0x00430050                _gfortrani_set_integer
 .text$__gfortrani_show_locus
                0x004300c0       0xb0 /usr/lib/gcc/i686-pc-cygwin/4.9.2/libgfortran.a(error.o)
                0x004300c0                _gfortrani_show_locus
 .text$__gfortrani_show_variables
                0x00430170      0x170 /usr/lib/gcc/i686-pc-cygwin/4.9.2/libgfortran.a(environ.o)
                0x00430170                _gfortrani_show_variables
 .text$__gfortrani_si_max
                0x004302e0       0xa0 /usr/lib/gcc/i686-pc-cygwin/4.9.2/libgfortran.a(read.o)
                0x004302e0                _gfortrani_si_max
 .text$__gfortrani_size_from_complex_kind
                0x00430380       0x40 /usr/lib/gcc/i686-pc-cygwin/4.9.2/libgfortran.a(size_from_kind.o)
                0x00430380                _gfortrani_size_from_complex_kind
 .text$__gfortrani_size_from_real_kind
                0x004303c0       0x40 /usr/lib/gcc/i686-pc-cygwin/4.9.2/libgfortran.a(size_from_kind.o)
                0x004303c0                _gfortrani_size_from_real_kind
 .text$__gfortrani_st_printf
                0x00430400       0x20 /usr/lib/gcc/i686-pc-cygwin/4.9.2/libgfortran.a(error.o)
                0x00430400                _gfortrani_st_printf
 .text$__gfortrani_st_vprintf
                0x00430420       0x50 /usr/lib/gcc/i686-pc-cygwin/4.9.2/libgfortran.a(error.o)
                0x00430420                _gfortrani_st_vprintf
 .text$__gfortrani_stream_isatty
                0x00430470       0x10 /usr/lib/gcc/i686-pc-cygwin/4.9.2/libgfortran.a(unix.o)
                0x00430470                _gfortrani_stream_isatty
 .text$__gfortrani_stream_ttyname
                0x00430480       0x10 /usr/lib/gcc/i686-pc-cygwin/4.9.2/libgfortran.a(unix.o)
                0x00430480                _gfortrani_stream_ttyname
 .text$__gfortrani_stupid_function_name_for_static_linking
                0x00430490       0x10 /usr/lib/gcc/i686-pc-cygwin/4.9.2/libgfortran.a(main.o)
                0x00430490                _gfortrani_stupid_function_name_for_static_linking
 .text$__gfortrani_sys_abort
                0x004304a0       0x50 /usr/lib/gcc/i686-pc-cygwin/4.9.2/libgfortran.a(error.o)
                0x004304a0                _gfortrani_sys_abort
 .text$__gfortrani_translate_error
                0x004304f0      0x180 /usr/lib/gcc/i686-pc-cygwin/4.9.2/libgfortran.a(error.o)
                0x004304f0                _gfortrani_translate_error
 .text$__gfortrani_type_name
                0x00430670       0x80 /usr/lib/gcc/i686-pc-cygwin/4.9.2/libgfortran.a(transfer.o)
                0x00430670                _gfortrani_type_name
 .text$__gfortrani_unget_format
                0x004306f0       0x20 /usr/lib/gcc/i686-pc-cygwin/4.9.2/libgfortran.a(format.o)
                0x004306f0                _gfortrani_unget_format
 .text$__gfortrani_unit_to_fd
                0x00430710       0x40 /usr/lib/gcc/i686-pc-cygwin/4.9.2/libgfortran.a(unix.o)
                0x00430710                _gfortrani_unit_to_fd
 .text$__gfortrani_unit_truncate
                0x00430750       0xa0 /usr/lib/gcc/i686-pc-cygwin/4.9.2/libgfortran.a(unit.o)
                0x00430750                _gfortrani_unit_truncate
 .text$__gfortrani_unlock_unit
                0x004307f0       0x10 /usr/lib/gcc/i686-pc-cygwin/4.9.2/libgfortran.a(unit.o)
                0x004307f0                _gfortrani_unlock_unit
 .text$__gfortrani_unpack_filename
                0x00430800       0x20 /usr/lib/gcc/i686-pc-cygwin/4.9.2/libgfortran.a(unix.o)
                0x00430800                _gfortrani_unpack_filename
 .text$__gfortrani_unpack_filename.part.6
                0x00430820       0x50 /usr/lib/gcc/i686-pc-cygwin/4.9.2/libgfortran.a(unix.o)
 .text$__gfortrani_write_a
                0x00430870      0x120 /usr/lib/gcc/i686-pc-cygwin/4.9.2/libgfortran.a(write.o)
                0x00430870                _gfortrani_write_a
 .text$__gfortrani_write_a_char4
                0x00430990       0x60 /usr/lib/gcc/i686-pc-cygwin/4.9.2/libgfortran.a(write.o)
                0x00430990                _gfortrani_write_a_char4
 .text$__gfortrani_write_b
                0x004309f0      0x1a0 /usr/lib/gcc/i686-pc-cygwin/4.9.2/libgfortran.a(write.o)
                0x004309f0                _gfortrani_write_b
 .text$__gfortrani_write_block
                0x00430b90      0x1f0 /usr/lib/gcc/i686-pc-cygwin/4.9.2/libgfortran.a(transfer.o)
                0x00430b90                _gfortrani_write_block
 .text$__gfortrani_write_d
                0x00430d80       0x30 /usr/lib/gcc/i686-pc-cygwin/4.9.2/libgfortran.a(write.o)
                0x00430d80                _gfortrani_write_d
 .text$__gfortrani_write_e
                0x00430db0       0x30 /usr/lib/gcc/i686-pc-cygwin/4.9.2/libgfortran.a(write.o)
                0x00430db0                _gfortrani_write_e
 .text$__gfortrani_write_en
                0x00430de0       0x30 /usr/lib/gcc/i686-pc-cygwin/4.9.2/libgfortran.a(write.o)
                0x00430de0                _gfortrani_write_en
 .text$__gfortrani_write_es
                0x00430e10       0x30 /usr/lib/gcc/i686-pc-cygwin/4.9.2/libgfortran.a(write.o)
                0x00430e10                _gfortrani_write_es
 .text$__gfortrani_write_f
                0x00430e40       0x30 /usr/lib/gcc/i686-pc-cygwin/4.9.2/libgfortran.a(write.o)
                0x00430e40                _gfortrani_write_f
 .text$__gfortrani_write_i
                0x00430e70      0x380 /usr/lib/gcc/i686-pc-cygwin/4.9.2/libgfortran.a(write.o)
                0x00430e70                _gfortrani_write_i
 .text$__gfortrani_write_l
                0x004311f0       0xd0 /usr/lib/gcc/i686-pc-cygwin/4.9.2/libgfortran.a(write.o)
                0x004311f0                _gfortrani_write_l
 .text$__gfortrani_write_o
                0x004312c0      0x220 /usr/lib/gcc/i686-pc-cygwin/4.9.2/libgfortran.a(write.o)
                0x004312c0                _gfortrani_write_o
 .text$__gfortrani_write_real
                0x004314e0       0x50 /usr/lib/gcc/i686-pc-cygwin/4.9.2/libgfortran.a(write.o)
                0x004314e0                _gfortrani_write_real
 .text$__gfortrani_write_real_g0
                0x00431530       0x70 /usr/lib/gcc/i686-pc-cygwin/4.9.2/libgfortran.a(write.o)
                0x00431530                _gfortrani_write_real_g0
 .text$__gfortrani_write_x
                0x004315a0       0x80 /usr/lib/gcc/i686-pc-cygwin/4.9.2/libgfortran.a(write.o)
                0x004315a0                _gfortrani_write_x
 .text$__gfortrani_write_z
                0x00431620      0x150 /usr/lib/gcc/i686-pc-cygwin/4.9.2/libgfortran.a(write.o)
                0x00431620                _gfortrani_write_z
 .text$__gfortrani_xcalloc
                0x00431770       0x50 /usr/lib/gcc/i686-pc-cygwin/4.9.2/libgfortran.a(memory.o)
                0x00431770                _gfortrani_xcalloc
 .text$__gfortrani_xmalloc
                0x004317c0       0x30 /usr/lib/gcc/i686-pc-cygwin/4.9.2/libgfortran.a(memory.o)
                0x004317c0                _gfortrani_xmalloc
 .text$__gfortrani_xmallocarray
                0x004317f0       0x70 /usr/lib/gcc/i686-pc-cygwin/4.9.2/libgfortran.a(memory.o)
                0x004317f0                _gfortrani_xmallocarray
 .text$bswap_array
                0x00431860      0x200 /usr/lib/gcc/i686-pc-cygwin/4.9.2/libgfortran.a(transfer.o)
 .text$buf_close
                0x00431a60       0x40 /usr/lib/gcc/i686-pc-cygwin/4.9.2/libgfortran.a(unix.o)
 .text$buf_flush
                0x00431aa0       0xb0 /usr/lib/gcc/i686-pc-cygwin/4.9.2/libgfortran.a(unix.o)
 .text$buf_read
                0x00431b50      0x320 /usr/lib/gcc/i686-pc-cygwin/4.9.2/libgfortran.a(unix.o)
 .text$buf_seek
                0x00431e70       0x70 /usr/lib/gcc/i686-pc-cygwin/4.9.2/libgfortran.a(unix.o)
 .text$buf_size
                0x00431ee0       0x10 /usr/lib/gcc/i686-pc-cygwin/4.9.2/libgfortran.a(unix.o)
 .text$buf_tell
                0x00431ef0       0x30 /usr/lib/gcc/i686-pc-cygwin/4.9.2/libgfortran.a(unix.o)
 .text$buf_truncate
                0x00431f20       0x50 /usr/lib/gcc/i686-pc-cygwin/4.9.2/libgfortran.a(unix.o)
 .text$buf_write
                0x00431f70      0x240 /usr/lib/gcc/i686-pc-cygwin/4.9.2/libgfortran.a(unix.o)
 .text$calculate_sign.isra.0
                0x004321b0       0x40 /usr/lib/gcc/i686-pc-cygwin/4.9.2/libgfortran.a(write.o)
 .text$close_unit_1
                0x004321f0      0x150 /usr/lib/gcc/i686-pc-cygwin/4.9.2/libgfortran.a(unit.o)
 .text$convert_integer
                0x00432340      0x310 /usr/lib/gcc/i686-pc-cygwin/4.9.2/libgfortran.a(list_read.o)
 .text$data_transfer_init
                0x00432650      0xd90 /usr/lib/gcc/i686-pc-cygwin/4.9.2/libgfortran.a(transfer.o)
 .text$delete_root
                0x004333e0       0x70 /usr/lib/gcc/i686-pc-cygwin/4.9.2/libgfortran.a(unit.o)
 .text$delete_treap
                0x00433450       0x60 /usr/lib/gcc/i686-pc-cygwin/4.9.2/libgfortran.a(unit.o)
 .text$determine_precision.isra.2
                0x004334b0       0x70 /usr/lib/gcc/i686-pc-cygwin/4.9.2/libgfortran.a(write.o)
 .text$do_parse
                0x00433520      0x2a0 /usr/lib/gcc/i686-pc-cygwin/4.9.2/libgfortran.a(environ.o)
 .text$eat_line
                0x004337c0       0x40 /usr/lib/gcc/i686-pc-cygwin/4.9.2/libgfortran.a(list_read.o)
 .text$eat_separator
                0x00433800      0x110 /usr/lib/gcc/i686-pc-cygwin/4.9.2/libgfortran.a(list_read.o)
 .text$eat_spaces
                0x00433910      0x1d0 /usr/lib/gcc/i686-pc-cygwin/4.9.2/libgfortran.a(list_read.o)
 .text$edit_modes
                0x00433ae0      0x360 /usr/lib/gcc/i686-pc-cygwin/4.9.2/libgfortran.a(open.o)
 .text$extract_int
                0x00433e40       0x70 /usr/lib/gcc/i686-pc-cygwin/4.9.2/libgfortran.a(write.o)
 .text$extract_uint
                0x00433eb0       0x70 /usr/lib/gcc/i686-pc-cygwin/4.9.2/libgfortran.a(write.o)
 .text$fd_gets  0x00433f20       0x90 /usr/lib/gcc/i686-pc-cygwin/4.9.2/libgfortran.a(backtrace.o)
 .text$fd_to_stream
                0x00433fb0      0x120 /usr/lib/gcc/i686-pc-cygwin/4.9.2/libgfortran.a(unix.o)
 .text$finalize_transfer
                0x004340d0      0x230 /usr/lib/gcc/i686-pc-cygwin/4.9.2/libgfortran.a(transfer.o)
 .text$find_file0
                0x00434300       0x60 /usr/lib/gcc/i686-pc-cygwin/4.9.2/libgfortran.a(unix.o)
 .text$finish_separator
                0x00434360       0xc0 /usr/lib/gcc/i686-pc-cygwin/4.9.2/libgfortran.a(list_read.o)
 .text$flush_all_units_1
                0x00434420       0x80 /usr/lib/gcc/i686-pc-cygwin/4.9.2/libgfortran.a(unix.o)
 .text$format_lex.part.3
                0x004344a0      0x400 /usr/lib/gcc/i686-pc-cygwin/4.9.2/libgfortran.a(format.o)
 .text$formatted_transfer
                0x004348a0     0x12e0 /usr/lib/gcc/i686-pc-cygwin/4.9.2/libgfortran.a(transfer.o)
 .text$get_external_unit
                0x00435b80      0x150 /usr/lib/gcc/i686-pc-cygwin/4.9.2/libgfortran.a(unit.o)
 .text$get_fnode
                0x00435cd0       0xb0 /usr/lib/gcc/i686-pc-cygwin/4.9.2/libgfortran.a(format.o)
 .text$gmtime_0
                0x00435d80       0x60 /usr/lib/gcc/i686-pc-cygwin/4.9.2/libgfortran.a(date_and_time.o)
 .text$has_sse  0x00435de0       0x40 /usr/lib/gcc/i686-pc-cygwin/4.9.2/libgfortran.a(fpu.o)
 .text$idate0   0x00435e20       0x50 /usr/lib/gcc/i686-pc-cygwin/4.9.2/libgfortran.a(date_and_time.o)
 .text$init_boolean
                0x00435e70       0x60 /usr/lib/gcc/i686-pc-cygwin/4.9.2/libgfortran.a(environ.o)
 .text$init_integer
                0x00435ed0       0x80 /usr/lib/gcc/i686-pc-cygwin/4.9.2/libgfortran.a(environ.o)
 .text$init_sep
                0x00435f50       0x90 /usr/lib/gcc/i686-pc-cygwin/4.9.2/libgfortran.a(environ.o)
 .text$init_string
                0x00435fe0       0x10 /usr/lib/gcc/i686-pc-cygwin/4.9.2/libgfortran.a(environ.o)
 .text$init_unformatted
                0x00435ff0       0x80 /usr/lib/gcc/i686-pc-cygwin/4.9.2/libgfortran.a(environ.o)
 .text$init_unsigned_integer
                0x00436070       0x70 /usr/lib/gcc/i686-pc-cygwin/4.9.2/libgfortran.a(environ.o)
 .text$inquire_access
                0x004360e0       0x80 /usr/lib/gcc/i686-pc-cygwin/4.9.2/libgfortran.a(unix.o)
 .text$inquire_via_unit
                0x00436160      0xd20 /usr/lib/gcc/i686-pc-cygwin/4.9.2/libgfortran.a(inquire.o)
 .text$insert   0x00436e80       0x80 /usr/lib/gcc/i686-pc-cygwin/4.9.2/libgfortran.a(unit.o)
 .text$insert_unit
                0x00436f00       0x90 /usr/lib/gcc/i686-pc-cygwin/4.9.2/libgfortran.a(unit.o)
 .text$iolength_transfer
                0x00436f90       0x30 /usr/lib/gcc/i686-pc-cygwin/4.9.2/libgfortran.a(transfer.o)
 .text$itime0   0x00436fc0       0x50 /usr/lib/gcc/i686-pc-cygwin/4.9.2/libgfortran.a(date_and_time.o)
 .text$kiss_random_kernel
                0x00437010       0x70 /usr/lib/gcc/i686-pc-cygwin/4.9.2/libgfortran.a(random.o)
 .text$l_push_char
                0x00437080       0x60 /usr/lib/gcc/i686-pc-cygwin/4.9.2/libgfortran.a(list_read.o)
 .text$ltime_0  0x004370e0       0x60 /usr/lib/gcc/i686-pc-cygwin/4.9.2/libgfortran.a(date_and_time.o)
 .text$mark_single
                0x00437140       0xb0 /usr/lib/gcc/i686-pc-cygwin/4.9.2/libgfortran.a(environ.o)
 .text$match_word
                0x004371f0       0x50 /usr/lib/gcc/i686-pc-cygwin/4.9.2/libgfortran.a(environ.o)
 .text$mem_close
                0x00437240       0x20 /usr/lib/gcc/i686-pc-cygwin/4.9.2/libgfortran.a(unix.o)
 .text$mem_flush
                0x00437260       0x10 /usr/lib/gcc/i686-pc-cygwin/4.9.2/libgfortran.a(unix.o)
 .text$mem_read
                0x00437270       0x50 /usr/lib/gcc/i686-pc-cygwin/4.9.2/libgfortran.a(unix.o)
 .text$mem_read4
                0x004372c0       0x50 /usr/lib/gcc/i686-pc-cygwin/4.9.2/libgfortran.a(unix.o)
 .text$mem_seek
                0x00437310       0x90 /usr/lib/gcc/i686-pc-cygwin/4.9.2/libgfortran.a(unix.o)
 .text$mem_tell
                0x004373a0       0x10 /usr/lib/gcc/i686-pc-cygwin/4.9.2/libgfortran.a(unix.o)
 .text$mem_truncate
                0x004373b0       0x10 /usr/lib/gcc/i686-pc-cygwin/4.9.2/libgfortran.a(unix.o)
 .text$mem_write
                0x004373c0       0x80 /usr/lib/gcc/i686-pc-cygwin/4.9.2/libgfortran.a(unix.o)
 .text$mem_write4
                0x00437440       0xa0 /usr/lib/gcc/i686-pc-cygwin/4.9.2/libgfortran.a(unix.o)
 .text$namelist_write_newline
                0x004374e0      0x1a0 /usr/lib/gcc/i686-pc-cygwin/4.9.2/libgfortran.a(write.o)
 .text$next_char
                0x00437680       0x60 /usr/lib/gcc/i686-pc-cygwin/4.9.2/libgfortran.a(format.o)
 .text$next_char
                0x004376e0      0x2d0 /usr/lib/gcc/i686-pc-cygwin/4.9.2/libgfortran.a(list_read.o)
 .text$next_char.isra.0
                0x004379b0       0x80 /usr/lib/gcc/i686-pc-cygwin/4.9.2/libgfortran.a(read.o)
 .text$next_format0
                0x00437a30       0xd0 /usr/lib/gcc/i686-pc-cygwin/4.9.2/libgfortran.a(format.o)
 .text$next_record_w_unf
                0x00437b00      0x150 /usr/lib/gcc/i686-pc-cygwin/4.9.2/libgfortran.a(transfer.o)
 .text$next_token
                0x00437c50       0xe0 /usr/lib/gcc/i686-pc-cygwin/4.9.2/libgfortran.a(environ.o)
 .text$nml_match_name
                0x00437d30       0x60 /usr/lib/gcc/i686-pc-cygwin/4.9.2/libgfortran.a(list_read.o)
 .text$nml_parse_qualifier.constprop.8
                0x00437d90      0x720 /usr/lib/gcc/i686-pc-cygwin/4.9.2/libgfortran.a(list_read.o)
 .text$nml_query
                0x004384b0      0x170 /usr/lib/gcc/i686-pc-cygwin/4.9.2/libgfortran.a(list_read.o)
 .text$nml_read_obj.constprop.7
                0x00438620      0x590 /usr/lib/gcc/i686-pc-cygwin/4.9.2/libgfortran.a(list_read.o)
 .text$nml_write_obj
                0x00438bb0      0x7c0 /usr/lib/gcc/i686-pc-cygwin/4.9.2/libgfortran.a(write.o)
 .text$output_float
                0x00439370      0xe70 /usr/lib/gcc/i686-pc-cygwin/4.9.2/libgfortran.a(write.o)
 .text$parse_format_list
                0x0043a1e0      0xa70 /usr/lib/gcc/i686-pc-cygwin/4.9.2/libgfortran.a(format.o)
 .text$parse_real
                0x0043ac50      0x680 /usr/lib/gcc/i686-pc-cygwin/4.9.2/libgfortran.a(list_read.o)
 .text$parse_repeat
                0x0043b2d0      0x1a0 /usr/lib/gcc/i686-pc-cygwin/4.9.2/libgfortran.a(list_read.o)
 .text$pre_position
                0x0043b470       0x80 /usr/lib/gcc/i686-pc-cygwin/4.9.2/libgfortran.a(transfer.o)
 .text$push_char
                0x0043b4f0       0xf0 /usr/lib/gcc/i686-pc-cygwin/4.9.2/libgfortran.a(list_read.o)
 .text$raw_close
                0x0043b5e0       0x40 /usr/lib/gcc/i686-pc-cygwin/4.9.2/libgfortran.a(unix.o)
 .text$raw_flush
                0x0043b620       0x10 /usr/lib/gcc/i686-pc-cygwin/4.9.2/libgfortran.a(unix.o)
 .text$raw_read
                0x0043b630       0x10 /usr/lib/gcc/i686-pc-cygwin/4.9.2/libgfortran.a(unix.o)
 .text$raw_seek
                0x0043b640       0x10 /usr/lib/gcc/i686-pc-cygwin/4.9.2/libgfortran.a(unix.o)
 .text$raw_size
                0x0043b650       0x60 /usr/lib/gcc/i686-pc-cygwin/4.9.2/libgfortran.a(unix.o)
 .text$raw_tell
                0x0043b6b0       0x30 /usr/lib/gcc/i686-pc-cygwin/4.9.2/libgfortran.a(unix.o)
 .text$raw_truncate
                0x0043b6e0       0x10 /usr/lib/gcc/i686-pc-cygwin/4.9.2/libgfortran.a(unix.o)
 .text$raw_write
                0x0043b6f0       0x70 /usr/lib/gcc/i686-pc-cygwin/4.9.2/libgfortran.a(unix.o)
 .text$read_a_char4
                0x0043b760      0x1b0 /usr/lib/gcc/i686-pc-cygwin/4.9.2/libgfortran.a(read.o)
                0x0043b760                read_a_char4
 .text$read_character.isra.3
                0x0043b910      0x350 /usr/lib/gcc/i686-pc-cygwin/4.9.2/libgfortran.a(list_read.o)
 .text$read_complex
                0x0043bc60      0x2b0 /usr/lib/gcc/i686-pc-cygwin/4.9.2/libgfortran.a(list_read.o)
 .text$read_integer
                0x0043bf10      0x300 /usr/lib/gcc/i686-pc-cygwin/4.9.2/libgfortran.a(list_read.o)
 .text$read_logical
                0x0043c210      0x4c0 /usr/lib/gcc/i686-pc-cygwin/4.9.2/libgfortran.a(list_read.o)
 .text$read_real
                0x0043c6d0      0x980 /usr/lib/gcc/i686-pc-cygwin/4.9.2/libgfortran.a(list_read.o)
 .text$read_utf8
                0x0043d050      0x140 /usr/lib/gcc/i686-pc-cygwin/4.9.2/libgfortran.a(read.o)
 .text$report_exception.part.0
                0x0043d190       0xe0 /usr/lib/gcc/i686-pc-cygwin/4.9.2/libgfortran.a(stop.o)
 .text$require_numeric_type
                0x0043d270       0x80 /usr/lib/gcc/i686-pc-cygwin/4.9.2/libgfortran.a(transfer.o)
 .text$require_type.part.8
                0x0043d2f0       0x80 /usr/lib/gcc/i686-pc-cygwin/4.9.2/libgfortran.a(transfer.o)
 .text$reset_node
                0x0043d370       0x40 /usr/lib/gcc/i686-pc-cygwin/4.9.2/libgfortran.a(format.o)
 .text$search_unit
                0x0043d3b0       0x80 /usr/lib/gcc/i686-pc-cygwin/4.9.2/libgfortran.a(environ.o)
 .text$set_fnode_default
                0x0043d430       0xa0 /usr/lib/gcc/i686-pc-cygwin/4.9.2/libgfortran.a(write.o)
 .text$show_boolean
                0x0043d4d0       0x70 /usr/lib/gcc/i686-pc-cygwin/4.9.2/libgfortran.a(environ.o)
 .text$show_integer
                0x0043d540       0x60 /usr/lib/gcc/i686-pc-cygwin/4.9.2/libgfortran.a(environ.o)
 .text$show_sep
                0x0043d5a0       0x60 /usr/lib/gcc/i686-pc-cygwin/4.9.2/libgfortran.a(environ.o)
 .text$show_string
                0x0043d600       0x80 /usr/lib/gcc/i686-pc-cygwin/4.9.2/libgfortran.a(environ.o)
 .text$skip_record
                0x0043d680      0x130 /usr/lib/gcc/i686-pc-cygwin/4.9.2/libgfortran.a(transfer.o)
 .text$sset     0x0043d7b0       0xf0 /usr/lib/gcc/i686-pc-cygwin/4.9.2/libgfortran.a(transfer.o)
 .text$tempfile_open
                0x0043d8a0       0xb0 /usr/lib/gcc/i686-pc-cygwin/4.9.2/libgfortran.a(unix.o)
 .text$test_endfile.isra.0.part.1
                0x0043d950       0x50 /usr/lib/gcc/i686-pc-cygwin/4.9.2/libgfortran.a(open.o)
 .text$trace_function
                0x0043d9a0      0x210 /usr/lib/gcc/i686-pc-cygwin/4.9.2/libgfortran.a(backtrace.o)
 .text$unformatted_read
                0x0043dbb0      0x390 /usr/lib/gcc/i686-pc-cygwin/4.9.2/libgfortran.a(transfer.o)
 .text$unformatted_write
                0x0043df40       0x60 /usr/lib/gcc/i686-pc-cygwin/4.9.2/libgfortran.a(transfer.o)
 .text$unformatted_write.part.4
                0x0043dfa0       0xe0 /usr/lib/gcc/i686-pc-cygwin/4.9.2/libgfortran.a(transfer.o)
 .text$us_read  0x0043e080      0x180 /usr/lib/gcc/i686-pc-cygwin/4.9.2/libgfortran.a(transfer.o)
 .text$us_write
                0x0043e200       0x90 /usr/lib/gcc/i686-pc-cygwin/4.9.2/libgfortran.a(transfer.o)
 .text$write_boz.isra.8
                0x0043e290      0x2c0 /usr/lib/gcc/i686-pc-cygwin/4.9.2/libgfortran.a(write.o)
 .text$write_buf
                0x0043e550      0x260 /usr/lib/gcc/i686-pc-cygwin/4.9.2/libgfortran.a(transfer.o)
 .text$write_char
                0x0043e7b0       0x50 /usr/lib/gcc/i686-pc-cygwin/4.9.2/libgfortran.a(write.o)
 .text$write_character
                0x0043e800      0x240 /usr/lib/gcc/i686-pc-cygwin/4.9.2/libgfortran.a(write.o)
 .text$write_complex
                0x0043ea40       0x90 /usr/lib/gcc/i686-pc-cygwin/4.9.2/libgfortran.a(write.o)
 .text$write_default_char4
                0x0043ead0      0x1a0 /usr/lib/gcc/i686-pc-cygwin/4.9.2/libgfortran.a(write.o)
 .text$write_float
                0x0043ec70     0x2380 /usr/lib/gcc/i686-pc-cygwin/4.9.2/libgfortran.a(write.o)
 .text$write_infnan.isra.3
                0x00440ff0      0x320 /usr/lib/gcc/i686-pc-cygwin/4.9.2/libgfortran.a(write.o)
 .text$write_integer
                0x00441310      0x280 /usr/lib/gcc/i686-pc-cygwin/4.9.2/libgfortran.a(write.o)
 .text$write_us_marker.isra.3
                0x00441590      0x110 /usr/lib/gcc/i686-pc-cygwin/4.9.2/libgfortran.a(transfer.o)
 .text$write_utf8_char4
                0x004416a0      0x1b0 /usr/lib/gcc/i686-pc-cygwin/4.9.2/libgfortran.a(write.o)
 *(.text.*)
 .text.unlikely
                0x00441850        0x0 /usr/lib/gcc/i686-pc-cygwin/4.9.2/crtbegin.o
 .text.unlikely
                0x00441850        0x0 obj/imploc.o
 .text.startup  0x00441850       0x40 obj/imploc.o
                0x00441850                main
 .text.unlikely
                0x00441890        0x0 obj/io_list.o
 .text.unlikely
                0x00441890        0x0 obj/mensamod.o
 .text.unlikely
                0x00441890        0x0 obj/zcomm.o
 .text.unlikely
                0x00441890        0x0 obj/getoptm.o
 .text.unlikely
                0x00441890        0x0 obj/mlogit.o
 .text.unlikely
                0x00441890        0x0 obj/mpowit.o
 .text.unlikely
                0x00441890        0x0 obj/distribm.o
 .text.unlikely
                0x00441890        0x0 obj/lcomm.o
 .text.unlikely
                0x00441890        0x0 obj/control.o
 .text.unlikely
                0x00441890        0x0 obj/gener.o
 .text.unlikely
                0x00441890        0x0 obj/param.o
 .text.unlikely
                0x00441890        0x0 obj/optionsm.o
 .text.unlikely
                0x00441890        0x0 obj/debugm.o
 .text.unlikely.__gfortrani_backtrace_handler
                0x00441890        0x0 /usr/lib/gcc/i686-pc-cygwin/4.9.2/libgfortran.a(compile_options.o)
 .text.unlikely.__gfortran_set_options